Archive member included to satisfy reference by file (symbol)

C:\dev\jodelautomat-visualsystem\JAVS-STM32\Drivers\CMSIS\DSP_Drivers\Lib\GCC\libarm_cortexM4lf_math.a(arm_rfft_fast_init_f32.o)
                              ./Core/Src/main.o (arm_rfft_fast_init_f32)
C:\dev\jodelautomat-visualsystem\JAVS-STM32\Drivers\CMSIS\DSP_Drivers\Lib\GCC\libarm_cortexM4lf_math.a(arm_rfft_fast_f32.o)
                              ./Core/Src/main.o (arm_rfft_fast_f32)
C:\dev\jodelautomat-visualsystem\JAVS-STM32\Drivers\CMSIS\DSP_Drivers\Lib\GCC\libarm_cortexM4lf_math.a(arm_cfft_f32.o)
                              C:\dev\jodelautomat-visualsystem\JAVS-STM32\Drivers\CMSIS\DSP_Drivers\Lib\GCC\libarm_cortexM4lf_math.a(arm_rfft_fast_f32.o) (arm_cfft_f32)
C:\dev\jodelautomat-visualsystem\JAVS-STM32\Drivers\CMSIS\DSP_Drivers\Lib\GCC\libarm_cortexM4lf_math.a(arm_common_tables.o)
                              C:\dev\jodelautomat-visualsystem\JAVS-STM32\Drivers\CMSIS\DSP_Drivers\Lib\GCC\libarm_cortexM4lf_math.a(arm_rfft_fast_init_f32.o) (twiddleCoef_rfft_4096)
C:\dev\jodelautomat-visualsystem\JAVS-STM32\Drivers\CMSIS\DSP_Drivers\Lib\GCC\libarm_cortexM4lf_math.a(arm_bitreversal2.o)
                              C:\dev\jodelautomat-visualsystem\JAVS-STM32\Drivers\CMSIS\DSP_Drivers\Lib\GCC\libarm_cortexM4lf_math.a(arm_cfft_f32.o) (arm_bitreversal_32)
C:\dev\jodelautomat-visualsystem\JAVS-STM32\Drivers\CMSIS\DSP_Drivers\Lib\GCC\libarm_cortexM4lf_math.a(arm_cfft_radix8_f32.o)
                              C:\dev\jodelautomat-visualsystem\JAVS-STM32\Drivers\CMSIS\DSP_Drivers\Lib\GCC\libarm_cortexM4lf_math.a(arm_cfft_f32.o) (arm_radix8_butterfly_f32)
c:/program files/stmicroelectronics/stm32cube/stm32cubeide_1.10.1/stm32cubeide/plugins/com.st.stm32cube.ide.mcu.externaltools.gnu-tools-for-stm32.10.3-2021.10.win32_1.0.0.202111181127/tools/bin/../lib/gcc/arm-none-eabi/10.3.1/../../../../arm-none-eabi/lib/thumb/v7e-m+fp/hard\libc_nano.a(lib_a-errno.o)
                              ./Core/Src/syscalls.o (__errno)
c:/program files/stmicroelectronics/stm32cube/stm32cubeide_1.10.1/stm32cubeide/plugins/com.st.stm32cube.ide.mcu.externaltools.gnu-tools-for-stm32.10.3-2021.10.win32_1.0.0.202111181127/tools/bin/../lib/gcc/arm-none-eabi/10.3.1/../../../../arm-none-eabi/lib/thumb/v7e-m+fp/hard\libc_nano.a(lib_a-exit.o)
                              c:/program files/stmicroelectronics/stm32cube/stm32cubeide_1.10.1/stm32cubeide/plugins/com.st.stm32cube.ide.mcu.externaltools.gnu-tools-for-stm32.10.3-2021.10.win32_1.0.0.202111181127/tools/bin/../lib/gcc/arm-none-eabi/10.3.1/../../../../arm-none-eabi/lib/thumb/v7e-m+fp/hard/crt0.o (exit)
c:/program files/stmicroelectronics/stm32cube/stm32cubeide_1.10.1/stm32cubeide/plugins/com.st.stm32cube.ide.mcu.externaltools.gnu-tools-for-stm32.10.3-2021.10.win32_1.0.0.202111181127/tools/bin/../lib/gcc/arm-none-eabi/10.3.1/../../../../arm-none-eabi/lib/thumb/v7e-m+fp/hard\libc_nano.a(lib_a-impure.o)
                              c:/program files/stmicroelectronics/stm32cube/stm32cubeide_1.10.1/stm32cubeide/plugins/com.st.stm32cube.ide.mcu.externaltools.gnu-tools-for-stm32.10.3-2021.10.win32_1.0.0.202111181127/tools/bin/../lib/gcc/arm-none-eabi/10.3.1/../../../../arm-none-eabi/lib/thumb/v7e-m+fp/hard\libc_nano.a(lib_a-exit.o) (_global_impure_ptr)
c:/program files/stmicroelectronics/stm32cube/stm32cubeide_1.10.1/stm32cubeide/plugins/com.st.stm32cube.ide.mcu.externaltools.gnu-tools-for-stm32.10.3-2021.10.win32_1.0.0.202111181127/tools/bin/../lib/gcc/arm-none-eabi/10.3.1/../../../../arm-none-eabi/lib/thumb/v7e-m+fp/hard\libc_nano.a(lib_a-init.o)
                              c:/program files/stmicroelectronics/stm32cube/stm32cubeide_1.10.1/stm32cubeide/plugins/com.st.stm32cube.ide.mcu.externaltools.gnu-tools-for-stm32.10.3-2021.10.win32_1.0.0.202111181127/tools/bin/../lib/gcc/arm-none-eabi/10.3.1/../../../../arm-none-eabi/lib/thumb/v7e-m+fp/hard/crt0.o (__libc_init_array)
c:/program files/stmicroelectronics/stm32cube/stm32cubeide_1.10.1/stm32cubeide/plugins/com.st.stm32cube.ide.mcu.externaltools.gnu-tools-for-stm32.10.3-2021.10.win32_1.0.0.202111181127/tools/bin/../lib/gcc/arm-none-eabi/10.3.1/../../../../arm-none-eabi/lib/thumb/v7e-m+fp/hard\libc_nano.a(lib_a-memset.o)
                              c:/program files/stmicroelectronics/stm32cube/stm32cubeide_1.10.1/stm32cubeide/plugins/com.st.stm32cube.ide.mcu.externaltools.gnu-tools-for-stm32.10.3-2021.10.win32_1.0.0.202111181127/tools/bin/../lib/gcc/arm-none-eabi/10.3.1/../../../../arm-none-eabi/lib/thumb/v7e-m+fp/hard/crt0.o (memset)
c:/program files/stmicroelectronics/stm32cube/stm32cubeide_1.10.1/stm32cubeide/plugins/com.st.stm32cube.ide.mcu.externaltools.gnu-tools-for-stm32.10.3-2021.10.win32_1.0.0.202111181127/tools/bin/../lib/gcc/arm-none-eabi/10.3.1/../../../../arm-none-eabi/lib/thumb/v7e-m+fp/hard\libc_nano.a(lib_a-nano-vfprintf_float.o)
                              (_printf_float)
[...]
Memory Configuration

Name             Origin             Length             Attributes
RAM              0x0000000020000000 0x0000000000018000 xrw
FLASH            0x0000000008000000 0x0000000000080000 xr
*default*        0x0000000000000000 0xffffffffffffffff

Linker script and memory map

LOAD c:/program files/stmicroelectronics/stm32cube/stm32cubeide_1.10.1/stm32cubeide/plugins/com.st.stm32cube.ide.mcu.externaltools.gnu-tools-for-stm32.10.3-2021.10.win32_1.0.0.202111181127/tools/bin/../lib/gcc/arm-none-eabi/10.3.1/thumb/v7e-m+fp/hard/crti.o
LOAD c:/program files/stmicroelectronics/stm32cube/stm32cubeide_1.10.1/stm32cubeide/plugins/com.st.stm32cube.ide.mcu.externaltools.gnu-tools-for-stm32.10.3-2021.10.win32_1.0.0.202111181127/tools/bin/../lib/gcc/arm-none-eabi/10.3.1/thumb/v7e-m+fp/hard/crtbegin.o
LOAD c:/program files/stmicroelectronics/stm32cube/stm32cubeide_1.10.1/stm32cubeide/plugins/com.st.stm32cube.ide.mcu.externaltools.gnu-tools-for-stm32.10.3-2021.10.win32_1.0.0.202111181127/tools/bin/../lib/gcc/arm-none-eabi/10.3.1/../../../../arm-none-eabi/lib/thumb/v7e-m+fp/hard/crt0.o
LOAD ./Core/Src/LEDConfigMenu.o
LOAD ./Core/Src/adc.o
LOAD ./Core/Src/dma.o
LOAD ./Core/Src/gpio.o
LOAD ./Core/Src/i2c.o
LOAD ./Core/Src/main.o
LOAD ./Core/Src/stm32f4xx_hal_msp.o
LOAD ./Core/Src/stm32f4xx_it.o
LOAD ./Core/Src/syscalls.o
LOAD ./Core/Src/sysmem.o
LOAD ./Core/Src/system_stm32f4xx.o
LOAD ./Core/Src/tim.o
LOAD ./Core/Src/usart.o
LOAD ./Core/Startup/startup_stm32f401ceux.o
LOAD ./Drivers/LCD_PCF8574/Src/LCD_PCF8574.o
LOAD ./Drivers/STM32F4xx_HAL_Driver/Src/stm32f4xx_hal.o
LOAD ./Drivers/STM32F4xx_HAL_Driver/Src/stm32f4xx_hal_adc.o
LOAD ./Drivers/STM32F4xx_HAL_Driver/Src/stm32f4xx_hal_adc_ex.o
LOAD ./Drivers/STM32F4xx_HAL_Driver/Src/stm32f4xx_hal_cortex.o
LOAD ./Drivers/STM32F4xx_HAL_Driver/Src/stm32f4xx_hal_dma.o
LOAD ./Drivers/STM32F4xx_HAL_Driver/Src/stm32f4xx_hal_dma_ex.o
LOAD ./Drivers/STM32F4xx_HAL_Driver/Src/stm32f4xx_hal_exti.o
LOAD ./Drivers/STM32F4xx_HAL_Driver/Src/stm32f4xx_hal_flash.o
LOAD ./Drivers/STM32F4xx_HAL_Driver/Src/stm32f4xx_hal_flash_ex.o
LOAD ./Drivers/STM32F4xx_HAL_Driver/Src/stm32f4xx_hal_flash_ramfunc.o
LOAD ./Drivers/STM32F4xx_HAL_Driver/Src/stm32f4xx_hal_gpio.o
LOAD ./Drivers/STM32F4xx_HAL_Driver/Src/stm32f4xx_hal_i2c.o
LOAD ./Drivers/STM32F4xx_HAL_Driver/Src/stm32f4xx_hal_i2c_ex.o
LOAD ./Drivers/STM32F4xx_HAL_Driver/Src/stm32f4xx_hal_pcd.o
LOAD ./Drivers/STM32F4xx_HAL_Driver/Src/stm32f4xx_hal_pcd_ex.o
LOAD ./Drivers/STM32F4xx_HAL_Driver/Src/stm32f4xx_hal_pwr.o
LOAD ./Drivers/STM32F4xx_HAL_Driver/Src/stm32f4xx_hal_pwr_ex.o
LOAD ./Drivers/STM32F4xx_HAL_Driver/Src/stm32f4xx_hal_rcc.o
LOAD ./Drivers/STM32F4xx_HAL_Driver/Src/stm32f4xx_hal_rcc_ex.o
LOAD ./Drivers/STM32F4xx_HAL_Driver/Src/stm32f4xx_hal_tim.o
LOAD ./Drivers/STM32F4xx_HAL_Driver/Src/stm32f4xx_hal_tim_ex.o
LOAD ./Drivers/STM32F4xx_HAL_Driver/Src/stm32f4xx_hal_uart.o
LOAD ./Drivers/STM32F4xx_HAL_Driver/Src/stm32f4xx_ll_adc.o
LOAD ./Drivers/STM32F4xx_HAL_Driver/Src/stm32f4xx_ll_usb.o
LOAD ./Middlewares/ST/STM32_USB_Device_Library/Class/CDC/Src/usbd_cdc.o
LOAD ./Middlewares/ST/STM32_USB_Device_Library/Core/Src/usbd_core.o
LOAD ./Middlewares/ST/STM32_USB_Device_Library/Core/Src/usbd_ctlreq.o
LOAD ./Middlewares/ST/STM32_USB_Device_Library/Core/Src/usbd_ioreq.o
LOAD ./USB_DEVICE/App/usb_device.o
LOAD ./USB_DEVICE/App/usbd_cdc_if.o
LOAD ./USB_DEVICE/App/usbd_desc.o
LOAD ./USB_DEVICE/Target/usbd_conf.o
LOAD C:\dev\jodelautomat-visualsystem\JAVS-STM32\Drivers\CMSIS\DSP_Drivers\Lib\GCC\libarm_cortexM4lf_math.a
START GROUP
LOAD c:/program files/stmicroelectronics/stm32cube/stm32cubeide_1.10.1/stm32cubeide/plugins/com.st.stm32cube.ide.mcu.externaltools.gnu-tools-for-stm32.10.3-2021.10.win32_1.0.0.202111181127/tools/bin/../lib/gcc/arm-none-eabi/10.3.1/../../../../arm-none-eabi/lib/thumb/v7e-m+fp/hard\libc_nano.a
LOAD c:/program files/stmicroelectronics/stm32cube/stm32cubeide_1.10.1/stm32cubeide/plugins/com.st.stm32cube.ide.mcu.externaltools.gnu-tools-for-stm32.10.3-2021.10.win32_1.0.0.202111181127/tools/bin/../lib/gcc/arm-none-eabi/10.3.1/../../../../arm-none-eabi/lib/thumb/v7e-m+fp/hard\libm.a
END GROUP
START GROUP
LOAD c:/program files/stmicroelectronics/stm32cube/stm32cubeide_1.10.1/stm32cubeide/plugins/com.st.stm32cube.ide.mcu.externaltools.gnu-tools-for-stm32.10.3-2021.10.win32_1.0.0.202111181127/tools/bin/../lib/gcc/arm-none-eabi/10.3.1/thumb/v7e-m+fp/hard\libgcc.a
LOAD c:/program files/stmicroelectronics/stm32cube/stm32cubeide_1.10.1/stm32cubeide/plugins/com.st.stm32cube.ide.mcu.externaltools.gnu-tools-for-stm32.10.3-2021.10.win32_1.0.0.202111181127/tools/bin/../lib/gcc/arm-none-eabi/10.3.1/../../../../arm-none-eabi/lib/thumb/v7e-m+fp/hard\libc_nano.a
END GROUP
START GROUP
LOAD c:/program files/stmicroelectronics/stm32cube/stm32cubeide_1.10.1/stm32cubeide/plugins/com.st.stm32cube.ide.mcu.externaltools.gnu-tools-for-stm32.10.3-2021.10.win32_1.0.0.202111181127/tools/bin/../lib/gcc/arm-none-eabi/10.3.1/thumb/v7e-m+fp/hard\libgcc.a
LOAD c:/program files/stmicroelectronics/stm32cube/stm32cubeide_1.10.1/stm32cubeide/plugins/com.st.stm32cube.ide.mcu.externaltools.gnu-tools-for-stm32.10.3-2021.10.win32_1.0.0.202111181127/tools/bin/../lib/gcc/arm-none-eabi/10.3.1/../../../../arm-none-eabi/lib/thumb/v7e-m+fp/hard\libc_nano.a
LOAD c:/program files/stmicroelectronics/stm32cube/stm32cubeide_1.10.1/stm32cubeide/plugins/com.st.stm32cube.ide.mcu.externaltools.gnu-tools-for-stm32.10.3-2021.10.win32_1.0.0.202111181127/tools/bin/../lib/gcc/arm-none-eabi/10.3.1/../../../../arm-none-eabi/lib/thumb/v7e-m+fp/hard\libnosys.a
END GROUP
START GROUP
LOAD c:/program files/stmicroelectronics/stm32cube/stm32cubeide_1.10.1/stm32cubeide/plugins/com.st.stm32cube.ide.mcu.externaltools.gnu-tools-for-stm32.10.3-2021.10.win32_1.0.0.202111181127/tools/bin/../lib/gcc/arm-none-eabi/10.3.1/thumb/v7e-m+fp/hard\libgcc.a
LOAD c:/program files/stmicroelectronics/stm32cube/stm32cubeide_1.10.1/stm32cubeide/plugins/com.st.stm32cube.ide.mcu.externaltools.gnu-tools-for-stm32.10.3-2021.10.win32_1.0.0.202111181127/tools/bin/../lib/gcc/arm-none-eabi/10.3.1/../../../../arm-none-eabi/lib/thumb/v7e-m+fp/hard\libc_nano.a
LOAD c:/program files/stmicroelectronics/stm32cube/stm32cubeide_1.10.1/stm32cubeide/plugins/com.st.stm32cube.ide.mcu.externaltools.gnu-tools-for-stm32.10.3-2021.10.win32_1.0.0.202111181127/tools/bin/../lib/gcc/arm-none-eabi/10.3.1/../../../../arm-none-eabi/lib/thumb/v7e-m+fp/hard\libnosys.a
END GROUP
LOAD c:/program files/stmicroelectronics/stm32cube/stm32cubeide_1.10.1/stm32cubeide/plugins/com.st.stm32cube.ide.mcu.externaltools.gnu-tools-for-stm32.10.3-2021.10.win32_1.0.0.202111181127/tools/bin/../lib/gcc/arm-none-eabi/10.3.1/thumb/v7e-m+fp/hard/crtend.o
LOAD c:/program files/stmicroelectronics/stm32cube/stm32cubeide_1.10.1/stm32cubeide/plugins/com.st.stm32cube.ide.mcu.externaltools.gnu-tools-for-stm32.10.3-2021.10.win32_1.0.0.202111181127/tools/bin/../lib/gcc/arm-none-eabi/10.3.1/thumb/v7e-m+fp/hard/crtn.o
                0x0000000020018000                _estack = (ORIGIN (RAM) + LENGTH (RAM))
                0x0000000000000200                _Min_Heap_Size = 0x200
                0x0000000000000400                _Min_Stack_Size = 0x400

.isr_vector     0x0000000008000000      0x194
                0x0000000008000000                . = ALIGN (0x4)
 *(.isr_vector)
 .isr_vector    0x0000000008000000      0x194 ./Core/Startup/startup_stm32f401ceux.o
                0x0000000008000000                g_pfnVectors
                0x0000000008000194                . = ALIGN (0x4)

.text           0x00000000080001a0    0x12b50
                0x00000000080001a0                . = ALIGN (0x4)
 *(.text)
 .text          0x00000000080001a0       0x40 c:/program files/stmicroelectronics/stm32cube/stm32cubeide_1.10.1/stm32cubeide/plugins/com.st.stm32cube.ide.mcu.externaltools.gnu-tools-for-stm32.10.3-2021.10.win32_1.0.0.202111181127/tools/bin/../lib/gcc/arm-none-eabi/10.3.1/thumb/v7e-m+fp/hard/crtbegin.o
 .text          0x00000000080001e0       0xc0 C:\dev\jodelautomat-visualsystem\JAVS-STM32\Drivers\CMSIS\DSP_Drivers\Lib\GCC\libarm_cortexM4lf_math.a(arm_bitreversal2.o)
                0x00000000080001e0                arm_bitreversal_32
                0x000000000800024a                arm_bitreversal_16
 .text          0x00000000080002a0       0x10 c:/program files/stmicroelectronics/stm32cube/stm32cubeide_1.10.1/stm32cubeide/plugins/com.st.stm32cube.ide.mcu.externaltools.gnu-tools-for-stm32.10.3-2021.10.win32_1.0.0.202111181127/tools/bin/../lib/gcc/arm-none-eabi/10.3.1/../../../../arm-none-eabi/lib/thumb/v7e-m+fp/hard\libc_nano.a(lib_a-strlen.o)
                0x00000000080002a0                strlen
 .text          0x00000000080002b0       0xa0 c:/program files/stmicroelectronics/stm32cube/stm32cubeide_1.10.1/stm32cubeide/plugins/com.st.stm32cube.ide.mcu.externaltools.gnu-tools-for-stm32.10.3-2021.10.win32_1.0.0.202111181127/tools/bin/../lib/gcc/arm-none-eabi/10.3.1/../../../../arm-none-eabi/lib/thumb/v7e-m+fp/hard\libc_nano.a(lib_a-memchr.o)
                0x00000000080002b0                memchr
 .text          0x0000000008000350      0x378 c:/program files/stmicroelectronics/stm32cube/stm32cubeide_1.10.1/stm32cubeide/plugins/com.st.stm32cube.ide.mcu.externaltools.gnu-tools-for-stm32.10.3-2021.10.win32_1.0.0.202111181127/tools/bin/../lib/gcc/arm-none-eabi/10.3.1/thumb/v7e-m+fp/hard\libgcc.a(_arm_addsubdf3.o)
                0x0000000008000350                __aeabi_drsub
                0x0000000008000358                __aeabi_dsub
                0x0000000008000358                __subdf3
                0x000000000800035c                __aeabi_dadd
                0x000000000800035c                __adddf3
                0x00000000080005d4                __floatunsidf
                0x00000000080005d4                __aeabi_ui2d
                0x00000000080005f4                __floatsidf
                0x00000000080005f4                __aeabi_i2d
                0x0000000008000618                __aeabi_f2d
                0x0000000008000618                __extendsfdf2
                0x000000000800065c                __floatundidf
                0x000000000800065c                __aeabi_ul2d
                0x000000000800066c                __floatdidf
                0x000000000800066c                __aeabi_l2d
 .text          0x00000000080006c8      0x424 c:/program files/stmicroelectronics/stm32cube/stm32cubeide_1.10.1/stm32cubeide/plugins/com.st.stm32cube.ide.mcu.externaltools.gnu-tools-for-stm32.10.3-2021.10.win32_1.0.0.202111181127/tools/bin/../lib/gcc/arm-none-eabi/10.3.1/thumb/v7e-m+fp/hard\libgcc.a(_arm_muldivdf3.o)
                0x00000000080006c8                __aeabi_dmul
                0x00000000080006c8                __muldf3
                0x000000000800091c                __divdf3
                0x000000000800091c                __aeabi_ddiv
 .text          0x0000000008000aec      0x110 c:/program files/stmicroelectronics/stm32cube/stm32cubeide_1.10.1/stm32cubeide/plugins/com.st.stm32cube.ide.mcu.externaltools.gnu-tools-for-stm32.10.3-2021.10.win32_1.0.0.202111181127/tools/bin/../lib/gcc/arm-none-eabi/10.3.1/thumb/v7e-m+fp/hard\libgcc.a(_arm_cmpdf2.o)
                0x0000000008000aec                __gtdf2
                0x0000000008000aec                __gedf2
                0x0000000008000af4                __ltdf2
                0x0000000008000af4                __ledf2
                0x0000000008000afc                __nedf2
                0x0000000008000afc                __eqdf2
                0x0000000008000afc                __cmpdf2
                0x0000000008000b78                __aeabi_cdrcmple
                0x0000000008000b88                __aeabi_cdcmpeq
                0x0000000008000b88                __aeabi_cdcmple
                0x0000000008000b98                __aeabi_dcmpeq
                0x0000000008000bac                __aeabi_dcmplt
                0x0000000008000bc0                __aeabi_dcmple
                0x0000000008000bd4                __aeabi_dcmpge
                0x0000000008000be8                __aeabi_dcmpgt
 .text          0x0000000008000bfc       0x2c c:/program files/stmicroelectronics/stm32cube/stm32cubeide_1.10.1/stm32cubeide/plugins/com.st.stm32cube.ide.mcu.externaltools.gnu-tools-for-stm32.10.3-2021.10.win32_1.0.0.202111181127/tools/bin/../lib/gcc/arm-none-eabi/10.3.1/thumb/v7e-m+fp/hard\libgcc.a(_arm_unorddf2.o)
                0x0000000008000bfc                __unorddf2
                0x0000000008000bfc                __aeabi_dcmpun
 .text          0x0000000008000c28       0x50 c:/program files/stmicroelectronics/stm32cube/stm32cubeide_1.10.1/stm32cubeide/plugins/com.st.stm32cube.ide.mcu.externaltools.gnu-tools-for-stm32.10.3-2021.10.win32_1.0.0.202111181127/tools/bin/../lib/gcc/arm-none-eabi/10.3.1/thumb/v7e-m+fp/hard\libgcc.a(_arm_fixdfsi.o)
                0x0000000008000c28                __aeabi_d2iz
                0x0000000008000c28                __fixdfsi
 .text          0x0000000008000c78       0x30 c:/program files/stmicroelectronics/stm32cube/stm32cubeide_1.10.1/stm32cubeide/plugins/com.st.stm32cube.ide.mcu.externaltools.gnu-tools-for-stm32.10.3-2021.10.win32_1.0.0.202111181127/tools/bin/../lib/gcc/arm-none-eabi/10.3.1/thumb/v7e-m+fp/hard\libgcc.a(_aeabi_uldivmod.o)
                0x0000000008000c78                __aeabi_uldivmod
 .text          0x0000000008000ca8      0x2d0 c:/program files/stmicroelectronics/stm32cube/stm32cubeide_1.10.1/stm32cubeide/plugins/com.st.stm32cube.ide.mcu.externaltools.gnu-tools-for-stm32.10.3-2021.10.win32_1.0.0.202111181127/tools/bin/../lib/gcc/arm-none-eabi/10.3.1/thumb/v7e-m+fp/hard\libgcc.a(_udivmoddi4.o)
                0x0000000008000ca8                __udivmoddi4
 .text          0x0000000008000f78        0x4 c:/program files/stmicroelectronics/stm32cube/stm32cubeide_1.10.1/stm32cubeide/plugins/com.st.stm32cube.ide.mcu.externaltools.gnu-tools-for-stm32.10.3-2021.10.win32_1.0.0.202111181127/tools/bin/../lib/gcc/arm-none-eabi/10.3.1/thumb/v7e-m+fp/hard\libgcc.a(_dvmd_tls.o)
                0x0000000008000f78                __aeabi_idiv0
                0x0000000008000f78                __aeabi_ldiv0
 *(.text*)
 .text.LEDMenu_Init
                0x0000000008000f7c       0x7c ./Core/Src/LEDConfigMenu.o
                0x0000000008000f7c                LEDMenu_Init
 .text.LEDMenu_UpdateState
                0x0000000008000ff8      0x2a8 ./Core/Src/LEDConfigMenu.o
                0x0000000008000ff8                LEDMenu_UpdateState
 .text.LEDMenu_UpdateDisplay
                0x00000000080012a0      0x34c ./Core/Src/LEDConfigMenu.o
                0x00000000080012a0                LEDMenu_UpdateDisplay
 .text.LEDStrips_Update_StripColorCounter
                0x00000000080015ec       0x38 ./Core/Src/LEDConfigMenu.o
 .text.LEDStrips_Init
                0x0000000008001624       0xd4 ./Core/Src/LEDConfigMenu.o
                0x0000000008001624                LEDStrips_Init
 .text.LEDStrips_Update
                0x00000000080016f8       0xb8 ./Core/Src/LEDConfigMenu.o
                0x00000000080016f8                LEDStrips_Update
 .text.LEDStrips_UpdateFFT
                0x00000000080017b0       0xc0 ./Core/Src/LEDConfigMenu.o
                0x00000000080017b0                LEDStrips_UpdateFFT
 .text.MX_ADC1_Init
                0x0000000008001870       0xa4 ./Core/Src/adc.o
                0x0000000008001870                MX_ADC1_Init
 .text.HAL_ADC_MspInit
                0x0000000008001914       0xf0 ./Core/Src/adc.o
                0x0000000008001914                HAL_ADC_MspInit
 .text.MX_DMA_Init
                0x0000000008001a04       0x50 ./Core/Src/dma.o
                0x0000000008001a04                MX_DMA_Init
 .text.MX_GPIO_Init
                0x0000000008001a54      0x148 ./Core/Src/gpio.o
                0x0000000008001a54                MX_GPIO_Init
 .text.MX_I2C1_Init
                0x0000000008001b9c       0x5c ./Core/Src/i2c.o
                0x0000000008001b9c                MX_I2C1_Init
 .text.HAL_I2C_MspInit
                0x0000000008001bf8       0xa0 ./Core/Src/i2c.o
                0x0000000008001bf8                HAL_I2C_MspInit
 .text.USB_PrintDebugForce
                0x0000000008001c98       0x6c ./Core/Src/main.o
                0x0000000008001c98                USB_PrintDebugForce
 .text.USB_PrintDebug
                0x0000000008001d04       0x90 ./Core/Src/main.o
                0x0000000008001d04                USB_PrintDebug
 .text.main     0x0000000008001d94      0x5f0 ./Core/Src/main.o
                0x0000000008001d94                main
 .text.SystemClock_Config
                0x0000000008002384       0xd8 ./Core/Src/main.o
                0x0000000008002384                SystemClock_Config
 .text.IRQ_TIM11
                0x000000000800245c      0x1d0 ./Core/Src/main.o
                0x000000000800245c                IRQ_TIM11
 .text.TransformFFTData
                0x000000000800262c       0xd8 ./Core/Src/main.o
 .text.HAL_ADC_ConvCpltCallback
                0x0000000008002704       0x54 ./Core/Src/main.o
                0x0000000008002704                HAL_ADC_ConvCpltCallback
 .text.HAL_ADC_ConvHalfCpltCallback
                0x0000000008002758       0x54 ./Core/Src/main.o
                0x0000000008002758                HAL_ADC_ConvHalfCpltCallback
 .text.Buttons_ResetFlags
                0x00000000080027ac       0x24 ./Core/Src/main.o
                0x00000000080027ac                Buttons_ResetFlags
 .text.Error_Handler
                0x00000000080027d0        0xa ./Core/Src/main.o
                0x00000000080027d0                Error_Handler
 *fill*         0x00000000080027da        0x2 
 .text.HAL_MspInit
                0x00000000080027dc       0x50 ./Core/Src/stm32f4xx_hal_msp.o
                0x00000000080027dc                HAL_MspInit
 .text.NMI_Handler
                0x000000000800282c        0x6 ./Core/Src/stm32f4xx_it.o
                0x000000000800282c                NMI_Handler
 .text.HardFault_Handler
                0x0000000008002832        0x6 ./Core/Src/stm32f4xx_it.o
                0x0000000008002832                HardFault_Handler
 .text.MemManage_Handler
                0x0000000008002838        0x6 ./Core/Src/stm32f4xx_it.o
                0x0000000008002838                MemManage_Handler
 .text.BusFault_Handler
                0x000000000800283e        0x6 ./Core/Src/stm32f4xx_it.o
                0x000000000800283e                BusFault_Handler
 .text.UsageFault_Handler
                0x0000000008002844        0x6 ./Core/Src/stm32f4xx_it.o
                0x0000000008002844                UsageFault_Handler
 .text.SVC_Handler
                0x000000000800284a        0xe ./Core/Src/stm32f4xx_it.o
                0x000000000800284a                SVC_Handler
 .text.DebugMon_Handler
                0x0000000008002858        0xe ./Core/Src/stm32f4xx_it.o
                0x0000000008002858                DebugMon_Handler
 .text.PendSV_Handler
                0x0000000008002866        0xe ./Core/Src/stm32f4xx_it.o
                0x0000000008002866                PendSV_Handler
 .text.SysTick_Handler
                0x0000000008002874        0xc ./Core/Src/stm32f4xx_it.o
                0x0000000008002874                SysTick_Handler
 .text.TIM1_TRG_COM_TIM11_IRQHandler
                0x0000000008002880       0x18 ./Core/Src/stm32f4xx_it.o
                0x0000000008002880                TIM1_TRG_COM_TIM11_IRQHandler
 .text.I2C1_EV_IRQHandler
                0x0000000008002898       0x14 ./Core/Src/stm32f4xx_it.o
                0x0000000008002898                I2C1_EV_IRQHandler
 .text.USART1_IRQHandler
                0x00000000080028ac       0x14 ./Core/Src/stm32f4xx_it.o
                0x00000000080028ac                USART1_IRQHandler
 .text.DMA2_Stream0_IRQHandler
                0x00000000080028c0       0x14 ./Core/Src/stm32f4xx_it.o
                0x00000000080028c0                DMA2_Stream0_IRQHandler
 .text.OTG_FS_IRQHandler
                0x00000000080028d4       0x14 ./Core/Src/stm32f4xx_it.o
                0x00000000080028d4                OTG_FS_IRQHandler
 .text.DMA2_Stream7_IRQHandler
                0x00000000080028e8       0x14 ./Core/Src/stm32f4xx_it.o
                0x00000000080028e8                DMA2_Stream7_IRQHandler
 .text._getpid  0x00000000080028fc       0x10 ./Core/Src/syscalls.o
                0x00000000080028fc                _getpid
 .text._kill    0x000000000800290c       0x20 ./Core/Src/syscalls.o
                0x000000000800290c                _kill
 .text._exit    0x000000000800292c       0x14 ./Core/Src/syscalls.o
                0x000000000800292c                _exit
 .text._read    0x0000000008002940       0x3a ./Core/Src/syscalls.o
                0x0000000008002940                _read
 .text._write   0x000000000800297a       0x38 ./Core/Src/syscalls.o
                0x000000000800297a                _write
 .text._close   0x00000000080029b2       0x18 ./Core/Src/syscalls.o
                0x00000000080029b2                _close
 .text._fstat   0x00000000080029ca       0x20 ./Core/Src/syscalls.o
                0x00000000080029ca                _fstat
 .text._isatty  0x00000000080029ea       0x16 ./Core/Src/syscalls.o
                0x00000000080029ea                _isatty
 .text._lseek   0x0000000008002a00       0x1a ./Core/Src/syscalls.o
                0x0000000008002a00                _lseek
 *fill*         0x0000000008002a1a        0x2 
 .text._sbrk    0x0000000008002a1c       0x6c ./Core/Src/sysmem.o
                0x0000000008002a1c                _sbrk
 .text.SystemInit
                0x0000000008002a88       0x24 ./Core/Src/system_stm32f4xx.o
                0x0000000008002a88                SystemInit
 .text.MX_TIM2_Init
                0x0000000008002aac      0x118 ./Core/Src/tim.o
                0x0000000008002aac                MX_TIM2_Init
 .text.MX_TIM3_Init
                0x0000000008002bc4      0x130 ./Core/Src/tim.o
                0x0000000008002bc4                MX_TIM3_Init
 .text.MX_TIM4_Init
                0x0000000008002cf4       0xc8 ./Core/Src/tim.o
                0x0000000008002cf4                MX_TIM4_Init
 .text.MX_TIM11_Init
                0x0000000008002dbc       0x48 ./Core/Src/tim.o
                0x0000000008002dbc                MX_TIM11_Init
 .text.HAL_TIM_Base_MspInit
                0x0000000008002e04       0xa4 ./Core/Src/tim.o
                0x0000000008002e04                HAL_TIM_Base_MspInit
 .text.HAL_TIM_PWM_MspInit
                0x0000000008002ea8       0x44 ./Core/Src/tim.o
                0x0000000008002ea8                HAL_TIM_PWM_MspInit
 .text.HAL_TIM_MspPostInit
                0x0000000008002eec      0x14c ./Core/Src/tim.o
                0x0000000008002eec                HAL_TIM_MspPostInit
 .text.MX_USART1_UART_Init
                0x0000000008003038       0x54 ./Core/Src/usart.o
                0x0000000008003038                MX_USART1_UART_Init
 .text.HAL_UART_MspInit
                0x000000000800308c      0x104 ./Core/Src/usart.o
                0x000000000800308c                HAL_UART_MspInit
 .text.Reset_Handler
                0x0000000008003190       0x50 ./Core/Startup/startup_stm32f401ceux.o
                0x0000000008003190                Reset_Handler
 .text.Default_Handler
                0x00000000080031e0        0x2 ./Core/Startup/startup_stm32f401ceux.o
                0x00000000080031e0                RTC_Alarm_IRQHandler
                0x00000000080031e0                EXTI2_IRQHandler
                0x00000000080031e0                SPI4_IRQHandler
                0x00000000080031e0                TIM1_CC_IRQHandler
                0x00000000080031e0                DMA2_Stream5_IRQHandler
                0x00000000080031e0                DMA1_Stream5_IRQHandler
                0x00000000080031e0                PVD_IRQHandler
                0x00000000080031e0                SDIO_IRQHandler
                0x00000000080031e0                TAMP_STAMP_IRQHandler
                0x00000000080031e0                EXTI3_IRQHandler
                0x00000000080031e0                TIM1_UP_TIM10_IRQHandler
                0x00000000080031e0                I2C3_ER_IRQHandler
                0x00000000080031e0                EXTI0_IRQHandler
                0x00000000080031e0                I2C2_EV_IRQHandler
                0x00000000080031e0                DMA1_Stream2_IRQHandler
                0x00000000080031e0                FPU_IRQHandler
                0x00000000080031e0                DMA2_Stream2_IRQHandler
                0x00000000080031e0                SPI1_IRQHandler
                0x00000000080031e0                TIM1_BRK_TIM9_IRQHandler
                0x00000000080031e0                DMA2_Stream3_IRQHandler
                0x00000000080031e0                USART6_IRQHandler
                0x00000000080031e0                TIM4_IRQHandler
                0x00000000080031e0                DMA1_Stream6_IRQHandler
                0x00000000080031e0                DMA1_Stream1_IRQHandler
                0x00000000080031e0                TIM3_IRQHandler
                0x00000000080031e0                RCC_IRQHandler
                0x00000000080031e0                Default_Handler
                0x00000000080031e0                EXTI15_10_IRQHandler
                0x00000000080031e0                ADC_IRQHandler
                0x00000000080031e0                DMA1_Stream7_IRQHandler
                0x00000000080031e0                TIM5_IRQHandler
                0x00000000080031e0                I2C3_EV_IRQHandler
                0x00000000080031e0                EXTI9_5_IRQHandler
                0x00000000080031e0                RTC_WKUP_IRQHandler
                0x00000000080031e0                SPI2_IRQHandler
                0x00000000080031e0                DMA1_Stream0_IRQHandler
                0x00000000080031e0                EXTI4_IRQHandler
                0x00000000080031e0                WWDG_IRQHandler
                0x00000000080031e0                TIM2_IRQHandler
                0x00000000080031e0                OTG_FS_WKUP_IRQHandler
                0x00000000080031e0                EXTI1_IRQHandler
                0x00000000080031e0                USART2_IRQHandler
                0x00000000080031e0                I2C2_ER_IRQHandler
                0x00000000080031e0                DMA2_Stream1_IRQHandler
                0x00000000080031e0                FLASH_IRQHandler
                0x00000000080031e0                DMA2_Stream4_IRQHandler
                0x00000000080031e0                SPI3_IRQHandler
                0x00000000080031e0                DMA1_Stream4_IRQHandler
                0x00000000080031e0                I2C1_ER_IRQHandler
                0x00000000080031e0                DMA2_Stream6_IRQHandler
                0x00000000080031e0                DMA1_Stream3_IRQHandler
 *fill*         0x00000000080031e2        0x2 
 .text.LCDSet4BitOperation
                0x00000000080031e4       0x80 ./Drivers/LCD_PCF8574/Src/LCD_PCF8574.o
 .text.SendLCDData
                0x0000000008003264       0xdc ./Drivers/LCD_PCF8574/Src/LCD_PCF8574.o
 .text.SendLCDDataMultiple
                0x0000000008003340      0x168 ./Drivers/LCD_PCF8574/Src/LCD_PCF8574.o
 .text.SendLCDInstruction
                0x00000000080034a8       0x20 ./Drivers/LCD_PCF8574/Src/LCD_PCF8574.o
 .text.SendLCDDisplayData
                0x00000000080034c8       0x20 ./Drivers/LCD_PCF8574/Src/LCD_PCF8574.o
 .text.SendLCDDisplayCursorBlinkUpdate
                0x00000000080034e8       0x50 ./Drivers/LCD_PCF8574/Src/LCD_PCF8574.o
 .text.LCD_Init
                0x0000000008003538       0x68 ./Drivers/LCD_PCF8574/Src/LCD_PCF8574.o
                0x0000000008003538                LCD_Init
 .text.LCD_DisplayString1
                0x00000000080035a0       0x26 ./Drivers/LCD_PCF8574/Src/LCD_PCF8574.o
                0x00000000080035a0                LCD_DisplayString1
 .text.LCD_DisplayString2
                0x00000000080035c6       0x3c ./Drivers/LCD_PCF8574/Src/LCD_PCF8574.o
                0x00000000080035c6                LCD_DisplayString2
 .text.LCD_DisplayStringLineCentered1
                0x0000000008003602       0x60 ./Drivers/LCD_PCF8574/Src/LCD_PCF8574.o
                0x0000000008003602                LCD_DisplayStringLineCentered1
 .text.LCD_DisplayStringLineCentered2
                0x0000000008003662       0x40 ./Drivers/LCD_PCF8574/Src/LCD_PCF8574.o
                0x0000000008003662                LCD_DisplayStringLineCentered2
 .text.LCD_SetCursor
                0x00000000080036a2       0x9e ./Drivers/LCD_PCF8574/Src/LCD_PCF8574.o
                0x00000000080036a2                LCD_SetCursor
 .text.LCD_Clear
                0x0000000008003740       0x1e ./Drivers/LCD_PCF8574/Src/LCD_PCF8574.o
                0x0000000008003740                LCD_Clear
 .text.LCD_CursorOff
                0x000000000800375e       0x24 ./Drivers/LCD_PCF8574/Src/LCD_PCF8574.o
                0x000000000800375e                LCD_CursorOff
 .text.LCD_BacklightOn
                0x0000000008003782       0x24 ./Drivers/LCD_PCF8574/Src/LCD_PCF8574.o
                0x0000000008003782                LCD_BacklightOn
 .text.LCD_BacklightOff
                0x00000000080037a6       0x24 ./Drivers/LCD_PCF8574/Src/LCD_PCF8574.o
                0x00000000080037a6                LCD_BacklightOff
 *fill*         0x00000000080037ca        0x2 
 .text.HAL_Init
                0x00000000080037cc       0x44 ./Drivers/STM32F4xx_HAL_Driver/Src/stm32f4xx_hal.o
                0x00000000080037cc                HAL_Init
 .text.HAL_InitTick
                0x0000000008003810       0x60 ./Drivers/STM32F4xx_HAL_Driver/Src/stm32f4xx_hal.o
                0x0000000008003810                HAL_InitTick
 .text.HAL_IncTick
                0x0000000008003870       0x28 ./Drivers/STM32F4xx_HAL_Driver/Src/stm32f4xx_hal.o
                0x0000000008003870                HAL_IncTick
 .text.HAL_GetTick
                0x0000000008003898       0x18 ./Drivers/STM32F4xx_HAL_Driver/Src/stm32f4xx_hal.o
                0x0000000008003898                HAL_GetTick
 .text.HAL_Delay
                0x00000000080038b0       0x48 ./Drivers/STM32F4xx_HAL_Driver/Src/stm32f4xx_hal.o
                0x00000000080038b0                HAL_Delay
 .text.HAL_ADC_Init
                0x00000000080038f8       0x86 ./Drivers/STM32F4xx_HAL_Driver/Src/stm32f4xx_hal_adc.o
                0x00000000080038f8                HAL_ADC_Init
 *fill*         0x000000000800397e        0x2 
 .text.HAL_ADC_Start_DMA
                0x0000000008003980      0x1e0 ./Drivers/STM32F4xx_HAL_Driver/Src/stm32f4xx_hal_adc.o
                0x0000000008003980                HAL_ADC_Start_DMA
 .text.HAL_ADC_ErrorCallback
                0x0000000008003b60       0x14 ./Drivers/STM32F4xx_HAL_Driver/Src/stm32f4xx_hal_adc.o
                0x0000000008003b60                HAL_ADC_ErrorCallback
 .text.HAL_ADC_ConfigChannel
                0x0000000008003b74      0x244 ./Drivers/STM32F4xx_HAL_Driver/Src/stm32f4xx_hal_adc.o
                0x0000000008003b74                HAL_ADC_ConfigChannel
 .text.ADC_Init
                0x0000000008003db8      0x1f8 ./Drivers/STM32F4xx_HAL_Driver/Src/stm32f4xx_hal_adc.o
 .text.ADC_DMAConvCplt
                0x0000000008003fb0       0xba ./Drivers/STM32F4xx_HAL_Driver/Src/stm32f4xx_hal_adc.o
 .text.ADC_DMAHalfConvCplt
                0x000000000800406a       0x1c ./Drivers/STM32F4xx_HAL_Driver/Src/stm32f4xx_hal_adc.o
 .text.ADC_DMAError
                0x0000000008004086       0x2e ./Drivers/STM32F4xx_HAL_Driver/Src/stm32f4xx_hal_adc.o
 .text.__NVIC_SetPriorityGrouping
                0x00000000080040b4       0x48 ./Drivers/STM32F4xx_HAL_Driver/Src/stm32f4xx_hal_cortex.o
 .text.__NVIC_GetPriorityGrouping
                0x00000000080040fc       0x1c ./Drivers/STM32F4xx_HAL_Driver/Src/stm32f4xx_hal_cortex.o
 .text.__NVIC_EnableIRQ
                0x0000000008004118       0x3c ./Drivers/STM32F4xx_HAL_Driver/Src/stm32f4xx_hal_cortex.o
 .text.__NVIC_SetPriority
                0x0000000008004154       0x54 ./Drivers/STM32F4xx_HAL_Driver/Src/stm32f4xx_hal_cortex.o
 .text.NVIC_EncodePriority
                0x00000000080041a8       0x66 ./Drivers/STM32F4xx_HAL_Driver/Src/stm32f4xx_hal_cortex.o
 *fill*         0x000000000800420e        0x2 
 .text.SysTick_Config
                0x0000000008004210       0x44 ./Drivers/STM32F4xx_HAL_Driver/Src/stm32f4xx_hal_cortex.o
 .text.HAL_NVIC_SetPriorityGrouping
                0x0000000008004254       0x16 ./Drivers/STM32F4xx_HAL_Driver/Src/stm32f4xx_hal_cortex.o
                0x0000000008004254                HAL_NVIC_SetPriorityGrouping
 .text.HAL_NVIC_SetPriority
                0x000000000800426a       0x38 ./Drivers/STM32F4xx_HAL_Driver/Src/stm32f4xx_hal_cortex.o
                0x000000000800426a                HAL_NVIC_SetPriority
 .text.HAL_NVIC_EnableIRQ
                0x00000000080042a2       0x1c ./Drivers/STM32F4xx_HAL_Driver/Src/stm32f4xx_hal_cortex.o
                0x00000000080042a2                HAL_NVIC_EnableIRQ
 .text.HAL_SYSTICK_Config
                0x00000000080042be       0x18 ./Drivers/STM32F4xx_HAL_Driver/Src/stm32f4xx_hal_cortex.o
                0x00000000080042be                HAL_SYSTICK_Config
 *fill*         0x00000000080042d6        0x2 
 .text.HAL_DMA_Init
                0x00000000080042d8      0x15c ./Drivers/STM32F4xx_HAL_Driver/Src/stm32f4xx_hal_dma.o
                0x00000000080042d8                HAL_DMA_Init
 .text.HAL_DMA_Start_IT
                0x0000000008004434       0xb0 ./Drivers/STM32F4xx_HAL_Driver/Src/stm32f4xx_hal_dma.o
                0x0000000008004434                HAL_DMA_Start_IT
 .text.HAL_DMA_Abort
                0x00000000080044e4       0xe0 ./Drivers/STM32F4xx_HAL_Driver/Src/stm32f4xx_hal_dma.o
                0x00000000080044e4                HAL_DMA_Abort
 .text.HAL_DMA_Abort_IT
                0x00000000080045c4       0x44 ./Drivers/STM32F4xx_HAL_Driver/Src/stm32f4xx_hal_dma.o
                0x00000000080045c4                HAL_DMA_Abort_IT
 .text.HAL_DMA_IRQHandler
                0x0000000008004608      0x314 ./Drivers/STM32F4xx_HAL_Driver/Src/stm32f4xx_hal_dma.o
                0x0000000008004608                HAL_DMA_IRQHandler
 .text.HAL_DMA_GetState
                0x000000000800491c       0x1c ./Drivers/STM32F4xx_HAL_Driver/Src/stm32f4xx_hal_dma.o
                0x000000000800491c                HAL_DMA_GetState
 .text.DMA_SetConfig
                0x0000000008004938       0x5c ./Drivers/STM32F4xx_HAL_Driver/Src/stm32f4xx_hal_dma.o
 .text.DMA_CalcBaseAndBitshift
                0x0000000008004994       0x6c ./Drivers/STM32F4xx_HAL_Driver/Src/stm32f4xx_hal_dma.o
 .text.DMA_CheckFifoParam
                0x0000000008004a00       0xf8 ./Drivers/STM32F4xx_HAL_Driver/Src/stm32f4xx_hal_dma.o
 .text.HAL_GPIO_Init
                0x0000000008004af8      0x308 ./Drivers/STM32F4xx_HAL_Driver/Src/stm32f4xx_hal_gpio.o
                0x0000000008004af8                HAL_GPIO_Init
 .text.HAL_GPIO_ReadPin
                0x0000000008004e00       0x30 ./Drivers/STM32F4xx_HAL_Driver/Src/stm32f4xx_hal_gpio.o
                0x0000000008004e00                HAL_GPIO_ReadPin
 .text.HAL_GPIO_WritePin
                0x0000000008004e30       0x32 ./Drivers/STM32F4xx_HAL_Driver/Src/stm32f4xx_hal_gpio.o
                0x0000000008004e30                HAL_GPIO_WritePin
 *fill*         0x0000000008004e62        0x2 
 .text.HAL_I2C_Init
                0x0000000008004e64      0x288 ./Drivers/STM32F4xx_HAL_Driver/Src/stm32f4xx_hal_i2c.o
                0x0000000008004e64                HAL_I2C_Init
 .text.HAL_I2C_Master_Transmit
                0x00000000080050ec      0x1fc ./Drivers/STM32F4xx_HAL_Driver/Src/stm32f4xx_hal_i2c.o
                0x00000000080050ec                HAL_I2C_Master_Transmit
 .text.HAL_I2C_EV_IRQHandler
                0x00000000080052e8      0x2e2 ./Drivers/STM32F4xx_HAL_Driver/Src/stm32f4xx_hal_i2c.o
                0x00000000080052e8                HAL_I2C_EV_IRQHandler
 .text.HAL_I2C_MasterTxCpltCallback
                0x00000000080055ca       0x14 ./Drivers/STM32F4xx_HAL_Driver/Src/stm32f4xx_hal_i2c.o
                0x00000000080055ca                HAL_I2C_MasterTxCpltCallback
 .text.HAL_I2C_MasterRxCpltCallback
                0x00000000080055de       0x14 ./Drivers/STM32F4xx_HAL_Driver/Src/stm32f4xx_hal_i2c.o
                0x00000000080055de                HAL_I2C_MasterRxCpltCallback
 .text.HAL_I2C_SlaveTxCpltCallback
                0x00000000080055f2       0x14 ./Drivers/STM32F4xx_HAL_Driver/Src/stm32f4xx_hal_i2c.o
                0x00000000080055f2                HAL_I2C_SlaveTxCpltCallback
 .text.HAL_I2C_SlaveRxCpltCallback
                0x0000000008005606       0x14 ./Drivers/STM32F4xx_HAL_Driver/Src/stm32f4xx_hal_i2c.o
                0x0000000008005606                HAL_I2C_SlaveRxCpltCallback
 .text.HAL_I2C_AddrCallback
                0x000000000800561a       0x1c ./Drivers/STM32F4xx_HAL_Driver/Src/stm32f4xx_hal_i2c.o
                0x000000000800561a                HAL_I2C_AddrCallback
 .text.HAL_I2C_ListenCpltCallback
                0x0000000008005636       0x14 ./Drivers/STM32F4xx_HAL_Driver/Src/stm32f4xx_hal_i2c.o
                0x0000000008005636                HAL_I2C_ListenCpltCallback
 .text.HAL_I2C_MemTxCpltCallback
                0x000000000800564a       0x14 ./Drivers/STM32F4xx_HAL_Driver/Src/stm32f4xx_hal_i2c.o
                0x000000000800564a                HAL_I2C_MemTxCpltCallback
 .text.HAL_I2C_MemRxCpltCallback
                0x000000000800565e       0x14 ./Drivers/STM32F4xx_HAL_Driver/Src/stm32f4xx_hal_i2c.o
                0x000000000800565e                HAL_I2C_MemRxCpltCallback
 .text.HAL_I2C_ErrorCallback
                0x0000000008005672       0x14 ./Drivers/STM32F4xx_HAL_Driver/Src/stm32f4xx_hal_i2c.o
                0x0000000008005672                HAL_I2C_ErrorCallback
 .text.HAL_I2C_AbortCpltCallback
                0x0000000008005686       0x14 ./Drivers/STM32F4xx_HAL_Driver/Src/stm32f4xx_hal_i2c.o
                0x0000000008005686                HAL_I2C_AbortCpltCallback
 .text.I2C_MasterTransmit_TXE
                0x000000000800569a      0x138 ./Drivers/STM32F4xx_HAL_Driver/Src/stm32f4xx_hal_i2c.o
 .text.I2C_MasterTransmit_BTF
                0x00000000080057d2       0xec ./Drivers/STM32F4xx_HAL_Driver/Src/stm32f4xx_hal_i2c.o
 .text.I2C_MemoryTransmit_TXE_BTF
                0x00000000080058be      0x128 ./Drivers/STM32F4xx_HAL_Driver/Src/stm32f4xx_hal_i2c.o
 .text.I2C_MasterReceive_RXNE
                0x00000000080059e6      0x176 ./Drivers/STM32F4xx_HAL_Driver/Src/stm32f4xx_hal_i2c.o
 .text.I2C_MasterReceive_BTF
                0x0000000008005b5c      0x1d4 ./Drivers/STM32F4xx_HAL_Driver/Src/stm32f4xx_hal_i2c.o
 .text.I2C_Master_SB
                0x0000000008005d30      0x10c ./Drivers/STM32F4xx_HAL_Driver/Src/stm32f4xx_hal_i2c.o
 .text.I2C_Master_ADD10
                0x0000000008005e3c       0x54 ./Drivers/STM32F4xx_HAL_Driver/Src/stm32f4xx_hal_i2c.o
 .text.I2C_Master_ADDR
                0x0000000008005e90      0x322 ./Drivers/STM32F4xx_HAL_Driver/Src/stm32f4xx_hal_i2c.o
 .text.I2C_SlaveTransmit_TXE
                0x00000000080061b2       0x7a ./Drivers/STM32F4xx_HAL_Driver/Src/stm32f4xx_hal_i2c.o
 .text.I2C_SlaveTransmit_BTF
                0x000000000800622c       0x42 ./Drivers/STM32F4xx_HAL_Driver/Src/stm32f4xx_hal_i2c.o
 .text.I2C_SlaveReceive_RXNE
                0x000000000800626e       0x7c ./Drivers/STM32F4xx_HAL_Driver/Src/stm32f4xx_hal_i2c.o
 .text.I2C_SlaveReceive_BTF
                0x00000000080062ea       0x44 ./Drivers/STM32F4xx_HAL_Driver/Src/stm32f4xx_hal_i2c.o
 .text.I2C_Slave_ADDR
                0x000000000800632e       0x94 ./Drivers/STM32F4xx_HAL_Driver/Src/stm32f4xx_hal_i2c.o
 *fill*         0x00000000080063c2        0x2 
 .text.I2C_Slave_STOPF
                0x00000000080063c4      0x260 ./Drivers/STM32F4xx_HAL_Driver/Src/stm32f4xx_hal_i2c.o
 .text.I2C_ITError
                0x0000000008006624      0x264 ./Drivers/STM32F4xx_HAL_Driver/Src/stm32f4xx_hal_i2c.o
 .text.I2C_MasterRequestWrite
                0x0000000008006888      0x104 ./Drivers/STM32F4xx_HAL_Driver/Src/stm32f4xx_hal_i2c.o
 .text.I2C_DMAAbort
                0x000000000800698c      0x150 ./Drivers/STM32F4xx_HAL_Driver/Src/stm32f4xx_hal_i2c.o
 .text.I2C_WaitOnFlagUntilTimeout
                0x0000000008006adc       0xae ./Drivers/STM32F4xx_HAL_Driver/Src/stm32f4xx_hal_i2c.o
 .text.I2C_WaitOnMasterAddressFlagUntilTimeout
                0x0000000008006b8a       0xfe ./Drivers/STM32F4xx_HAL_Driver/Src/stm32f4xx_hal_i2c.o
 .text.I2C_WaitOnTXEFlagUntilTimeout
                0x0000000008006c88       0x82 ./Drivers/STM32F4xx_HAL_Driver/Src/stm32f4xx_hal_i2c.o
 .text.I2C_WaitOnBTFFlagUntilTimeout
                0x0000000008006d0a       0x82 ./Drivers/STM32F4xx_HAL_Driver/Src/stm32f4xx_hal_i2c.o
 .text.I2C_WaitOnSTOPRequestThroughIT
                0x0000000008006d8c       0x64 ./Drivers/STM32F4xx_HAL_Driver/Src/stm32f4xx_hal_i2c.o
 .text.I2C_IsAcknowledgeFailed
                0x0000000008006df0       0x5e ./Drivers/STM32F4xx_HAL_Driver/Src/stm32f4xx_hal_i2c.o
 .text.I2C_ConvertOtherXferOptions
                0x0000000008006e4e       0x36 ./Drivers/STM32F4xx_HAL_Driver/Src/stm32f4xx_hal_i2c.o
 .text.HAL_PCD_Init
                0x0000000008006e84      0x23a ./Drivers/STM32F4xx_HAL_Driver/Src/stm32f4xx_hal_pcd.o
                0x0000000008006e84                HAL_PCD_Init
 .text.HAL_PCD_Start
                0x00000000080070be       0x66 ./Drivers/STM32F4xx_HAL_Driver/Src/stm32f4xx_hal_pcd.o
                0x00000000080070be                HAL_PCD_Start
 .text.HAL_PCD_IRQHandler
                0x0000000008007124      0x93e ./Drivers/STM32F4xx_HAL_Driver/Src/stm32f4xx_hal_pcd.o
                0x0000000008007124                HAL_PCD_IRQHandler
 .text.HAL_PCD_SetAddress
                0x0000000008007a62       0x4a ./Drivers/STM32F4xx_HAL_Driver/Src/stm32f4xx_hal_pcd.o
                0x0000000008007a62                HAL_PCD_SetAddress
 .text.HAL_PCD_EP_Open
                0x0000000008007aac       0xd0 ./Drivers/STM32F4xx_HAL_Driver/Src/stm32f4xx_hal_pcd.o
                0x0000000008007aac                HAL_PCD_EP_Open
 .text.HAL_PCD_EP_Close
                0x0000000008007b7c       0x94 ./Drivers/STM32F4xx_HAL_Driver/Src/stm32f4xx_hal_pcd.o
                0x0000000008007b7c                HAL_PCD_EP_Close
 .text.HAL_PCD_EP_Receive
                0x0000000008007c10       0x96 ./Drivers/STM32F4xx_HAL_Driver/Src/stm32f4xx_hal_pcd.o
                0x0000000008007c10                HAL_PCD_EP_Receive
 .text.HAL_PCD_EP_GetRxCount
                0x0000000008007ca6       0x30 ./Drivers/STM32F4xx_HAL_Driver/Src/stm32f4xx_hal_pcd.o
                0x0000000008007ca6                HAL_PCD_EP_GetRxCount
 .text.HAL_PCD_EP_Transmit
                0x0000000008007cd6       0x94 ./Drivers/STM32F4xx_HAL_Driver/Src/stm32f4xx_hal_pcd.o
                0x0000000008007cd6                HAL_PCD_EP_Transmit
 .text.HAL_PCD_EP_SetStall
                0x0000000008007d6a       0xc8 ./Drivers/STM32F4xx_HAL_Driver/Src/stm32f4xx_hal_pcd.o
                0x0000000008007d6a                HAL_PCD_EP_SetStall
 .text.HAL_PCD_EP_ClrStall
                0x0000000008007e32       0xac ./Drivers/STM32F4xx_HAL_Driver/Src/stm32f4xx_hal_pcd.o
                0x0000000008007e32                HAL_PCD_EP_ClrStall
 .text.HAL_PCD_EP_Abort
                0x0000000008007ede       0x62 ./Drivers/STM32F4xx_HAL_Driver/Src/stm32f4xx_hal_pcd.o
                0x0000000008007ede                HAL_PCD_EP_Abort
 .text.PCD_WriteEmptyTxFifo
                0x0000000008007f40      0x11a ./Drivers/STM32F4xx_HAL_Driver/Src/stm32f4xx_hal_pcd.o
 *fill*         0x000000000800805a        0x2 
 .text.PCD_EP_OutXfrComplete_int
                0x000000000800805c      0x1d0 ./Drivers/STM32F4xx_HAL_Driver/Src/stm32f4xx_hal_pcd.o
 .text.PCD_EP_OutSetupPacket_int
                0x000000000800822c       0x8c ./Drivers/STM32F4xx_HAL_Driver/Src/stm32f4xx_hal_pcd.o
 .text.HAL_PCDEx_SetTxFiFo
                0x00000000080082b8       0x8e ./Drivers/STM32F4xx_HAL_Driver/Src/stm32f4xx_hal_pcd_ex.o
                0x00000000080082b8                HAL_PCDEx_SetTxFiFo
 .text.HAL_PCDEx_SetRxFiFo
                0x0000000008008346       0x22 ./Drivers/STM32F4xx_HAL_Driver/Src/stm32f4xx_hal_pcd_ex.o
                0x0000000008008346                HAL_PCDEx_SetRxFiFo
 .text.HAL_PCDEx_LPM_Callback
                0x0000000008008368       0x18 ./Drivers/STM32F4xx_HAL_Driver/Src/stm32f4xx_hal_pcd_ex.o
                0x0000000008008368                HAL_PCDEx_LPM_Callback
 .text.HAL_RCC_OscConfig
                0x0000000008008380      0x4f0 ./Drivers/STM32F4xx_HAL_Driver/Src/stm32f4xx_hal_rcc.o
                0x0000000008008380                HAL_RCC_OscConfig
 .text.HAL_RCC_ClockConfig
                0x0000000008008870      0x1cc ./Drivers/STM32F4xx_HAL_Driver/Src/stm32f4xx_hal_rcc.o
                0x0000000008008870                HAL_RCC_ClockConfig
 .text.HAL_RCC_GetSysClockFreq
                0x0000000008008a3c      0x18c ./Drivers/STM32F4xx_HAL_Driver/Src/stm32f4xx_hal_rcc.o
                0x0000000008008a3c                HAL_RCC_GetSysClockFreq
 .text.HAL_RCC_GetHCLKFreq
                0x0000000008008bc8       0x18 ./Drivers/STM32F4xx_HAL_Driver/Src/stm32f4xx_hal_rcc.o
                0x0000000008008bc8                HAL_RCC_GetHCLKFreq
 .text.HAL_RCC_GetPCLK1Freq
                0x0000000008008be0       0x28 ./Drivers/STM32F4xx_HAL_Driver/Src/stm32f4xx_hal_rcc.o
                0x0000000008008be0                HAL_RCC_GetPCLK1Freq
 .text.HAL_RCC_GetPCLK2Freq
                0x0000000008008c08       0x28 ./Drivers/STM32F4xx_HAL_Driver/Src/stm32f4xx_hal_rcc.o
                0x0000000008008c08                HAL_RCC_GetPCLK2Freq
 .text.HAL_TIM_Base_Init
                0x0000000008008c30       0x9e ./Drivers/STM32F4xx_HAL_Driver/Src/stm32f4xx_hal_tim.o
                0x0000000008008c30                HAL_TIM_Base_Init
 *fill*         0x0000000008008cce        0x2 
 .text.HAL_TIM_Base_Start_IT
                0x0000000008008cd0       0xc4 ./Drivers/STM32F4xx_HAL_Driver/Src/stm32f4xx_hal_tim.o
                0x0000000008008cd0                HAL_TIM_Base_Start_IT
 .text.HAL_TIM_PWM_Init
                0x0000000008008d94       0x9e ./Drivers/STM32F4xx_HAL_Driver/Src/stm32f4xx_hal_tim.o
                0x0000000008008d94                HAL_TIM_PWM_Init
 *fill*         0x0000000008008e32        0x2 
 .text.HAL_TIM_PWM_Start
                0x0000000008008e34      0x160 ./Drivers/STM32F4xx_HAL_Driver/Src/stm32f4xx_hal_tim.o
                0x0000000008008e34                HAL_TIM_PWM_Start
 .text.HAL_TIM_IRQHandler
                0x0000000008008f94      0x210 ./Drivers/STM32F4xx_HAL_Driver/Src/stm32f4xx_hal_tim.o
                0x0000000008008f94                HAL_TIM_IRQHandler
 .text.HAL_TIM_PWM_ConfigChannel
                0x00000000080091a4      0x184 ./Drivers/STM32F4xx_HAL_Driver/Src/stm32f4xx_hal_tim.o
                0x00000000080091a4                HAL_TIM_PWM_ConfigChannel
 .text.HAL_TIM_ConfigClockSource
                0x0000000008009328      0x18e ./Drivers/STM32F4xx_HAL_Driver/Src/stm32f4xx_hal_tim.o
                0x0000000008009328                HAL_TIM_ConfigClockSource
 .text.HAL_TIM_PeriodElapsedCallback
                0x00000000080094b6       0x14 ./Drivers/STM32F4xx_HAL_Driver/Src/stm32f4xx_hal_tim.o
                0x00000000080094b6                HAL_TIM_PeriodElapsedCallback
 .text.HAL_TIM_OC_DelayElapsedCallback
                0x00000000080094ca       0x14 ./Drivers/STM32F4xx_HAL_Driver/Src/stm32f4xx_hal_tim.o
                0x00000000080094ca                HAL_TIM_OC_DelayElapsedCallback
 .text.HAL_TIM_IC_CaptureCallback
                0x00000000080094de       0x14 ./Drivers/STM32F4xx_HAL_Driver/Src/stm32f4xx_hal_tim.o
                0x00000000080094de                HAL_TIM_IC_CaptureCallback
 .text.HAL_TIM_PWM_PulseFinishedCallback
                0x00000000080094f2       0x14 ./Drivers/STM32F4xx_HAL_Driver/Src/stm32f4xx_hal_tim.o
                0x00000000080094f2                HAL_TIM_PWM_PulseFinishedCallback
 .text.HAL_TIM_TriggerCallback
                0x0000000008009506       0x14 ./Drivers/STM32F4xx_HAL_Driver/Src/stm32f4xx_hal_tim.o
                0x0000000008009506                HAL_TIM_TriggerCallback
 *fill*         0x000000000800951a        0x2 
 .text.TIM_Base_SetConfig
                0x000000000800951c      0x100 ./Drivers/STM32F4xx_HAL_Driver/Src/stm32f4xx_hal_tim.o
                0x000000000800951c                TIM_Base_SetConfig
 .text.TIM_OC1_SetConfig
                0x000000000800961c       0xcc ./Drivers/STM32F4xx_HAL_Driver/Src/stm32f4xx_hal_tim.o
 .text.TIM_OC2_SetConfig
                0x00000000080096e8       0xd8 ./Drivers/STM32F4xx_HAL_Driver/Src/stm32f4xx_hal_tim.o
                0x00000000080096e8                TIM_OC2_SetConfig
 .text.TIM_OC3_SetConfig
                0x00000000080097c0       0xd4 ./Drivers/STM32F4xx_HAL_Driver/Src/stm32f4xx_hal_tim.o
 .text.TIM_OC4_SetConfig
                0x0000000008009894       0xa0 ./Drivers/STM32F4xx_HAL_Driver/Src/stm32f4xx_hal_tim.o
 .text.TIM_TI1_ConfigInputStage
                0x0000000008009934       0x5e ./Drivers/STM32F4xx_HAL_Driver/Src/stm32f4xx_hal_tim.o
 .text.TIM_TI2_ConfigInputStage
                0x0000000008009992       0x60 ./Drivers/STM32F4xx_HAL_Driver/Src/stm32f4xx_hal_tim.o
 .text.TIM_ITRx_SetConfig
                0x00000000080099f2       0x36 ./Drivers/STM32F4xx_HAL_Driver/Src/stm32f4xx_hal_tim.o
 .text.TIM_ETR_SetConfig
                0x0000000008009a28       0x40 ./Drivers/STM32F4xx_HAL_Driver/Src/stm32f4xx_hal_tim.o
                0x0000000008009a28                TIM_ETR_SetConfig
 .text.TIM_CCxChannelCmd
                0x0000000008009a68       0x4a ./Drivers/STM32F4xx_HAL_Driver/Src/stm32f4xx_hal_tim.o
                0x0000000008009a68                TIM_CCxChannelCmd
 *fill*         0x0000000008009ab2        0x2 
 .text.HAL_TIMEx_MasterConfigSynchronization
                0x0000000008009ab4       0xdc ./Drivers/STM32F4xx_HAL_Driver/Src/stm32f4xx_hal_tim_ex.o
                0x0000000008009ab4                HAL_TIMEx_MasterConfigSynchronization
 .text.HAL_TIMEx_CommutCallback
                0x0000000008009b90       0x14 ./Drivers/STM32F4xx_HAL_Driver/Src/stm32f4xx_hal_tim_ex.o
                0x0000000008009b90                HAL_TIMEx_CommutCallback
 .text.HAL_TIMEx_BreakCallback
                0x0000000008009ba4       0x14 ./Drivers/STM32F4xx_HAL_Driver/Src/stm32f4xx_hal_tim_ex.o
                0x0000000008009ba4                HAL_TIMEx_BreakCallback
 .text.HAL_UART_Init
                0x0000000008009bb8       0x9a ./Drivers/STM32F4xx_HAL_Driver/Src/stm32f4xx_hal_uart.o
                0x0000000008009bb8                HAL_UART_Init
 *fill*         0x0000000008009c52        0x2 
 .text.HAL_UART_Transmit_DMA
                0x0000000008009c54       0xfc ./Drivers/STM32F4xx_HAL_Driver/Src/stm32f4xx_hal_uart.o
                0x0000000008009c54                HAL_UART_Transmit_DMA
 .text.HAL_UART_IRQHandler
                0x0000000008009d50      0x51c ./Drivers/STM32F4xx_HAL_Driver/Src/stm32f4xx_hal_uart.o
                0x0000000008009d50                HAL_UART_IRQHandler
 .text.HAL_UART_TxCpltCallback
                0x000000000800a26c       0x14 ./Drivers/STM32F4xx_HAL_Driver/Src/stm32f4xx_hal_uart.o
                0x000000000800a26c                HAL_UART_TxCpltCallback
 .text.HAL_UART_TxHalfCpltCallback
                0x000000000800a280       0x14 ./Drivers/STM32F4xx_HAL_Driver/Src/stm32f4xx_hal_uart.o
                0x000000000800a280                HAL_UART_TxHalfCpltCallback
 .text.HAL_UART_RxCpltCallback
                0x000000000800a294       0x14 ./Drivers/STM32F4xx_HAL_Driver/Src/stm32f4xx_hal_uart.o
                0x000000000800a294                HAL_UART_RxCpltCallback
 .text.HAL_UART_ErrorCallback
                0x000000000800a2a8       0x14 ./Drivers/STM32F4xx_HAL_Driver/Src/stm32f4xx_hal_uart.o
                0x000000000800a2a8                HAL_UART_ErrorCallback
 .text.HAL_UARTEx_RxEventCallback
                0x000000000800a2bc       0x18 ./Drivers/STM32F4xx_HAL_Driver/Src/stm32f4xx_hal_uart.o
                0x000000000800a2bc                HAL_UARTEx_RxEventCallback
 .text.UART_DMATransmitCplt
                0x000000000800a2d4       0x9a ./Drivers/STM32F4xx_HAL_Driver/Src/stm32f4xx_hal_uart.o
 .text.UART_DMATxHalfCplt
                0x000000000800a36e       0x1c ./Drivers/STM32F4xx_HAL_Driver/Src/stm32f4xx_hal_uart.o
 .text.UART_DMAError
                0x000000000800a38a       0x94 ./Drivers/STM32F4xx_HAL_Driver/Src/stm32f4xx_hal_uart.o
 .text.UART_EndTxTransfer
                0x000000000800a41e       0x50 ./Drivers/STM32F4xx_HAL_Driver/Src/stm32f4xx_hal_uart.o
 .text.UART_EndRxTransfer
                0x000000000800a46e       0xc6 ./Drivers/STM32F4xx_HAL_Driver/Src/stm32f4xx_hal_uart.o
 .text.UART_DMAAbortOnError
                0x000000000800a534       0x28 ./Drivers/STM32F4xx_HAL_Driver/Src/stm32f4xx_hal_uart.o
 .text.UART_Transmit_IT
                0x000000000800a55c       0xa0 ./Drivers/STM32F4xx_HAL_Driver/Src/stm32f4xx_hal_uart.o
 .text.UART_EndTransmit_IT
                0x000000000800a5fc       0x30 ./Drivers/STM32F4xx_HAL_Driver/Src/stm32f4xx_hal_uart.o
 .text.UART_Receive_IT
                0x000000000800a62c      0x176 ./Drivers/STM32F4xx_HAL_Driver/Src/stm32f4xx_hal_uart.o
 *fill*         0x000000000800a7a2        0x2 
 .text.UART_SetConfig
                0x000000000800a7a4      0x4e8 ./Drivers/STM32F4xx_HAL_Driver/Src/stm32f4xx_hal_uart.o
 .text.USB_CoreInit
                0x000000000800ac8c       0xc2 ./Drivers/STM32F4xx_HAL_Driver/Src/stm32f4xx_ll_usb.o
                0x000000000800ac8c                USB_CoreInit
 *fill*         0x000000000800ad4e        0x2 
 .text.USB_SetTurnaroundTime
                0x000000000800ad50      0x144 ./Drivers/STM32F4xx_HAL_Driver/Src/stm32f4xx_ll_usb.o
                0x000000000800ad50                USB_SetTurnaroundTime
 .text.USB_EnableGlobalInt
                0x000000000800ae94       0x22 ./Drivers/STM32F4xx_HAL_Driver/Src/stm32f4xx_ll_usb.o
                0x000000000800ae94                USB_EnableGlobalInt
 .text.USB_DisableGlobalInt
                0x000000000800aeb6       0x22 ./Drivers/STM32F4xx_HAL_Driver/Src/stm32f4xx_ll_usb.o
                0x000000000800aeb6                USB_DisableGlobalInt
 .text.USB_SetCurrentMode
                0x000000000800aed8       0x98 ./Drivers/STM32F4xx_HAL_Driver/Src/stm32f4xx_ll_usb.o
                0x000000000800aed8                USB_SetCurrentMode
 .text.USB_DevInit
                0x000000000800af70      0x2c8 ./Drivers/STM32F4xx_HAL_Driver/Src/stm32f4xx_ll_usb.o
                0x000000000800af70                USB_DevInit
 .text.USB_FlushTxFifo
                0x000000000800b238       0x68 ./Drivers/STM32F4xx_HAL_Driver/Src/stm32f4xx_ll_usb.o
                0x000000000800b238                USB_FlushTxFifo
 .text.USB_FlushRxFifo
                0x000000000800b2a0       0x60 ./Drivers/STM32F4xx_HAL_Driver/Src/stm32f4xx_ll_usb.o
                0x000000000800b2a0                USB_FlushRxFifo
 .text.USB_SetDevSpeed
                0x000000000800b300       0x32 ./Drivers/STM32F4xx_HAL_Driver/Src/stm32f4xx_ll_usb.o
                0x000000000800b300                USB_SetDevSpeed
 .text.USB_GetDevSpeed
                0x000000000800b332       0x4a ./Drivers/STM32F4xx_HAL_Driver/Src/stm32f4xx_ll_usb.o
                0x000000000800b332                USB_GetDevSpeed
 .text.USB_ActivateEndpoint
                0x000000000800b37c      0x10e ./Drivers/STM32F4xx_HAL_Driver/Src/stm32f4xx_ll_usb.o
                0x000000000800b37c                USB_ActivateEndpoint
 *fill*         0x000000000800b48a        0x2 
 .text.USB_DeactivateEndpoint
                0x000000000800b48c      0x1b8 ./Drivers/STM32F4xx_HAL_Driver/Src/stm32f4xx_ll_usb.o
                0x000000000800b48c                USB_DeactivateEndpoint
 .text.USB_EPStartXfer
                0x000000000800b644      0x490 ./Drivers/STM32F4xx_HAL_Driver/Src/stm32f4xx_ll_usb.o
                0x000000000800b644                USB_EPStartXfer
 .text.USB_EP0StartXfer
                0x000000000800bad4      0x2b0 ./Drivers/STM32F4xx_HAL_Driver/Src/stm32f4xx_ll_usb.o
                0x000000000800bad4                USB_EP0StartXfer
 .text.USB_EPStopXfer
                0x000000000800bd84      0x154 ./Drivers/STM32F4xx_HAL_Driver/Src/stm32f4xx_ll_usb.o
                0x000000000800bd84                USB_EPStopXfer
 .text.USB_WritePacket
                0x000000000800bed8       0x7c ./Drivers/STM32F4xx_HAL_Driver/Src/stm32f4xx_ll_usb.o
                0x000000000800bed8                USB_WritePacket
 .text.USB_ReadPacket
                0x000000000800bf54       0xb0 ./Drivers/STM32F4xx_HAL_Driver/Src/stm32f4xx_ll_usb.o
                0x000000000800bf54                USB_ReadPacket
 .text.USB_EPSetStall
                0x000000000800c004       0xdc ./Drivers/STM32F4xx_HAL_Driver/Src/stm32f4xx_ll_usb.o
                0x000000000800c004                USB_EPSetStall
 .text.USB_EPClearStall
                0x000000000800c0e0       0xcc ./Drivers/STM32F4xx_HAL_Driver/Src/stm32f4xx_ll_usb.o
                0x000000000800c0e0                USB_EPClearStall
 .text.USB_SetDevAddress
                0x000000000800c1ac       0x4c ./Drivers/STM32F4xx_HAL_Driver/Src/stm32f4xx_ll_usb.o
                0x000000000800c1ac                USB_SetDevAddress
 .text.USB_DevConnect
                0x000000000800c1f8       0x42 ./Drivers/STM32F4xx_HAL_Driver/Src/stm32f4xx_ll_usb.o
                0x000000000800c1f8                USB_DevConnect
 .text.USB_DevDisconnect
                0x000000000800c23a       0x42 ./Drivers/STM32F4xx_HAL_Driver/Src/stm32f4xx_ll_usb.o
                0x000000000800c23a                USB_DevDisconnect
 .text.USB_ReadInterrupts
                0x000000000800c27c       0x26 ./Drivers/STM32F4xx_HAL_Driver/Src/stm32f4xx_ll_usb.o
                0x000000000800c27c                USB_ReadInterrupts
 .text.USB_ReadDevAllOutEpInterrupt
                0x000000000800c2a2       0x34 ./Drivers/STM32F4xx_HAL_Driver/Src/stm32f4xx_ll_usb.o
                0x000000000800c2a2                USB_ReadDevAllOutEpInterrupt
 .text.USB_ReadDevAllInEpInterrupt
                0x000000000800c2d6       0x34 ./Drivers/STM32F4xx_HAL_Driver/Src/stm32f4xx_ll_usb.o
                0x000000000800c2d6                USB_ReadDevAllInEpInterrupt
 .text.USB_ReadDevOutEPInterrupt
                0x000000000800c30a       0x3c ./Drivers/STM32F4xx_HAL_Driver/Src/stm32f4xx_ll_usb.o
                0x000000000800c30a                USB_ReadDevOutEPInterrupt
 .text.USB_ReadDevInEPInterrupt
                0x000000000800c346       0x5c ./Drivers/STM32F4xx_HAL_Driver/Src/stm32f4xx_ll_usb.o
                0x000000000800c346                USB_ReadDevInEPInterrupt
 .text.USB_GetMode
                0x000000000800c3a2       0x1c ./Drivers/STM32F4xx_HAL_Driver/Src/stm32f4xx_ll_usb.o
                0x000000000800c3a2                USB_GetMode
 .text.USB_ActivateSetup
                0x000000000800c3be       0x46 ./Drivers/STM32F4xx_HAL_Driver/Src/stm32f4xx_ll_usb.o
                0x000000000800c3be                USB_ActivateSetup
 .text.USB_EP0_OutStart
                0x000000000800c404       0xbc ./Drivers/STM32F4xx_HAL_Driver/Src/stm32f4xx_ll_usb.o
                0x000000000800c404                USB_EP0_OutStart
 .text.USB_CoreReset
                0x000000000800c4c0       0x68 ./Drivers/STM32F4xx_HAL_Driver/Src/stm32f4xx_ll_usb.o
 .text.USBD_CDC_Init
                0x000000000800c528      0x1f0 ./Middlewares/ST/STM32_USB_Device_Library/Class/CDC/Src/usbd_cdc.o
 .text.USBD_CDC_DeInit
                0x000000000800c718      0x104 ./Middlewares/ST/STM32_USB_Device_Library/Class/CDC/Src/usbd_cdc.o
 .text.USBD_CDC_Setup
                0x000000000800c81c      0x1b8 ./Middlewares/ST/STM32_USB_Device_Library/Class/CDC/Src/usbd_cdc.o
 .text.USBD_CDC_DataIn
                0x000000000800c9d4       0xfe ./Middlewares/ST/STM32_USB_Device_Library/Class/CDC/Src/usbd_cdc.o
 .text.USBD_CDC_DataOut
                0x000000000800cad2       0x70 ./Middlewares/ST/STM32_USB_Device_Library/Class/CDC/Src/usbd_cdc.o
 .text.USBD_CDC_EP0_RxReady
                0x000000000800cb42       0x76 ./Middlewares/ST/STM32_USB_Device_Library/Class/CDC/Src/usbd_cdc.o
 .text.USBD_CDC_GetFSCfgDesc
                0x000000000800cbb8       0x70 ./Middlewares/ST/STM32_USB_Device_Library/Class/CDC/Src/usbd_cdc.o
 .text.USBD_CDC_GetHSCfgDesc
                0x000000000800cc28       0x70 ./Middlewares/ST/STM32_USB_Device_Library/Class/CDC/Src/usbd_cdc.o
 .text.USBD_CDC_GetOtherSpeedCfgDesc
                0x000000000800cc98       0x70 ./Middlewares/ST/STM32_USB_Device_Library/Class/CDC/Src/usbd_cdc.o
 .text.USBD_CDC_GetDeviceQualifierDescriptor
                0x000000000800cd08       0x20 ./Middlewares/ST/STM32_USB_Device_Library/Class/CDC/Src/usbd_cdc.o
                0x000000000800cd08                USBD_CDC_GetDeviceQualifierDescriptor
 .text.USBD_CDC_RegisterInterface
                0x000000000800cd28       0x34 ./Middlewares/ST/STM32_USB_Device_Library/Class/CDC/Src/usbd_cdc.o
                0x000000000800cd28                USBD_CDC_RegisterInterface
 .text.USBD_CDC_SetTxBuffer
                0x000000000800cd5c       0x44 ./Middlewares/ST/STM32_USB_Device_Library/Class/CDC/Src/usbd_cdc.o
                0x000000000800cd5c                USBD_CDC_SetTxBuffer
 .text.USBD_CDC_SetRxBuffer
                0x000000000800cda0       0x3a ./Middlewares/ST/STM32_USB_Device_Library/Class/CDC/Src/usbd_cdc.o
                0x000000000800cda0                USBD_CDC_SetRxBuffer
 *fill*         0x000000000800cdda        0x2 
 .text.USBD_CDC_TransmitPacket
                0x000000000800cddc       0x8c ./Middlewares/ST/STM32_USB_Device_Library/Class/CDC/Src/usbd_cdc.o
                0x000000000800cddc                USBD_CDC_TransmitPacket
 .text.USBD_CDC_ReceivePacket
                0x000000000800ce68       0x6c ./Middlewares/ST/STM32_USB_Device_Library/Class/CDC/Src/usbd_cdc.o
                0x000000000800ce68                USBD_CDC_ReceivePacket
 .text.USBD_Init
                0x000000000800ced4       0x60 ./Middlewares/ST/STM32_USB_Device_Library/Core/Src/usbd_core.o
                0x000000000800ced4                USBD_Init
 .text.USBD_RegisterClass
                0x000000000800cf34       0x6c ./Middlewares/ST/STM32_USB_Device_Library/Core/Src/usbd_core.o
                0x000000000800cf34                USBD_RegisterClass
 .text.USBD_Start
                0x000000000800cfa0       0x18 ./Middlewares/ST/STM32_USB_Device_Library/Core/Src/usbd_core.o
                0x000000000800cfa0                USBD_Start
 .text.USBD_RunTestMode
                0x000000000800cfb8       0x16 ./Middlewares/ST/STM32_USB_Device_Library/Core/Src/usbd_core.o
                0x000000000800cfb8                USBD_RunTestMode
 .text.USBD_SetClassConfig
                0x000000000800cfce       0x38 ./Middlewares/ST/STM32_USB_Device_Library/Core/Src/usbd_core.o
                0x000000000800cfce                USBD_SetClassConfig
 .text.USBD_ClrClassConfig
                0x000000000800d006       0x34 ./Middlewares/ST/STM32_USB_Device_Library/Core/Src/usbd_core.o
                0x000000000800d006                USBD_ClrClassConfig
 .text.USBD_LL_SetupStage
                0x000000000800d03a       0xaa ./Middlewares/ST/STM32_USB_Device_Library/Core/Src/usbd_core.o
                0x000000000800d03a                USBD_LL_SetupStage
 .text.USBD_LL_DataOutStage
                0x000000000800d0e4      0x166 ./Middlewares/ST/STM32_USB_Device_Library/Core/Src/usbd_core.o
                0x000000000800d0e4                USBD_LL_DataOutStage
 .text.USBD_LL_DataInStage
                0x000000000800d24a      0x164 ./Middlewares/ST/STM32_USB_Device_Library/Core/Src/usbd_core.o
                0x000000000800d24a                USBD_LL_DataInStage
 .text.USBD_LL_Reset
                0x000000000800d3ae       0xa4 ./Middlewares/ST/STM32_USB_Device_Library/Core/Src/usbd_core.o
                0x000000000800d3ae                USBD_LL_Reset
 .text.USBD_LL_SetSpeed
                0x000000000800d452       0x20 ./Middlewares/ST/STM32_USB_Device_Library/Core/Src/usbd_core.o
                0x000000000800d452                USBD_LL_SetSpeed
 .text.USBD_LL_Suspend
                0x000000000800d472       0x2c ./Middlewares/ST/STM32_USB_Device_Library/Core/Src/usbd_core.o
                0x000000000800d472                USBD_LL_Suspend
 .text.USBD_LL_Resume
                0x000000000800d49e       0x30 ./Middlewares/ST/STM32_USB_Device_Library/Core/Src/usbd_core.o
                0x000000000800d49e                USBD_LL_Resume
 .text.USBD_LL_SOF
                0x000000000800d4ce       0x40 ./Middlewares/ST/STM32_USB_Device_Library/Core/Src/usbd_core.o
                0x000000000800d4ce                USBD_LL_SOF
 .text.USBD_LL_IsoINIncomplete
                0x000000000800d50e       0x64 ./Middlewares/ST/STM32_USB_Device_Library/Core/Src/usbd_core.o
                0x000000000800d50e                USBD_LL_IsoINIncomplete
 .text.USBD_LL_IsoOUTIncomplete
                0x000000000800d572       0x64 ./Middlewares/ST/STM32_USB_Device_Library/Core/Src/usbd_core.o
                0x000000000800d572                USBD_LL_IsoOUTIncomplete
 .text.USBD_LL_DevConnected
                0x000000000800d5d6       0x16 ./Middlewares/ST/STM32_USB_Device_Library/Core/Src/usbd_core.o
                0x000000000800d5d6                USBD_LL_DevConnected
 .text.USBD_LL_DevDisconnected
                0x000000000800d5ec       0x46 ./Middlewares/ST/STM32_USB_Device_Library/Core/Src/usbd_core.o
                0x000000000800d5ec                USBD_LL_DevDisconnected
 .text.USBD_CoreFindIF
                0x000000000800d632       0x1a ./Middlewares/ST/STM32_USB_Device_Library/Core/Src/usbd_core.o
                0x000000000800d632                USBD_CoreFindIF
 .text.USBD_CoreFindEP
                0x000000000800d64c       0x1a ./Middlewares/ST/STM32_USB_Device_Library/Core/Src/usbd_core.o
                0x000000000800d64c                USBD_CoreFindEP
 .text.USBD_GetEpDesc
                0x000000000800d666       0x74 ./Middlewares/ST/STM32_USB_Device_Library/Core/Src/usbd_core.o
                0x000000000800d666                USBD_GetEpDesc
 .text.USBD_GetNextDesc
                0x000000000800d6da       0x3a ./Middlewares/ST/STM32_USB_Device_Library/Core/Src/usbd_core.o
                0x000000000800d6da                USBD_GetNextDesc
 .text.SWAPBYTE
                0x000000000800d714       0x3c ./Middlewares/ST/STM32_USB_Device_Library/Core/Src/usbd_ctlreq.o
 .text.USBD_StdDevReq
                0x000000000800d750       0xe4 ./Middlewares/ST/STM32_USB_Device_Library/Core/Src/usbd_ctlreq.o
                0x000000000800d750                USBD_StdDevReq
 .text.USBD_StdItfReq
                0x000000000800d834       0xd8 ./Middlewares/ST/STM32_USB_Device_Library/Core/Src/usbd_ctlreq.o
                0x000000000800d834                USBD_StdItfReq
 .text.USBD_StdEPReq
                0x000000000800d90c      0x33a ./Middlewares/ST/STM32_USB_Device_Library/Core/Src/usbd_ctlreq.o
                0x000000000800d90c                USBD_StdEPReq
 *fill*         0x000000000800dc46        0x2 
 .text.USBD_GetDescriptor
                0x000000000800dc48      0x2d4 ./Middlewares/ST/STM32_USB_Device_Library/Core/Src/usbd_ctlreq.o
 .text.USBD_SetAddress
                0x000000000800df1c       0x88 ./Middlewares/ST/STM32_USB_Device_Library/Core/Src/usbd_ctlreq.o
 .text.USBD_SetConfig
                0x000000000800dfa4      0x154 ./Middlewares/ST/STM32_USB_Device_Library/Core/Src/usbd_ctlreq.o
 .text.USBD_GetConfig
                0x000000000800e0f8       0x6c ./Middlewares/ST/STM32_USB_Device_Library/Core/Src/usbd_ctlreq.o
 .text.USBD_GetStatus
                0x000000000800e164       0x68 ./Middlewares/ST/STM32_USB_Device_Library/Core/Src/usbd_ctlreq.o
 .text.USBD_SetFeature
                0x000000000800e1cc       0x52 ./Middlewares/ST/STM32_USB_Device_Library/Core/Src/usbd_ctlreq.o
 .text.USBD_ClrFeature
                0x000000000800e21e       0x44 ./Middlewares/ST/STM32_USB_Device_Library/Core/Src/usbd_ctlreq.o
 .text.USBD_ParseSetupRequest
                0x000000000800e262       0x74 ./Middlewares/ST/STM32_USB_Device_Library/Core/Src/usbd_ctlreq.o
                0x000000000800e262                USBD_ParseSetupRequest
 .text.USBD_CtlError
                0x000000000800e2d6       0x22 ./Middlewares/ST/STM32_USB_Device_Library/Core/Src/usbd_ctlreq.o
                0x000000000800e2d6                USBD_CtlError
 .text.USBD_GetString
                0x000000000800e2f8       0x8c ./Middlewares/ST/STM32_USB_Device_Library/Core/Src/usbd_ctlreq.o
                0x000000000800e2f8                USBD_GetString
 .text.USBD_GetLen
                0x000000000800e384       0x34 ./Middlewares/ST/STM32_USB_Device_Library/Core/Src/usbd_ctlreq.o
 .text.USBD_CtlSendData
                0x000000000800e3b8       0x36 ./Middlewares/ST/STM32_USB_Device_Library/Core/Src/usbd_ioreq.o
                0x000000000800e3b8                USBD_CtlSendData
 .text.USBD_CtlContinueSendData
                0x000000000800e3ee       0x22 ./Middlewares/ST/STM32_USB_Device_Library/Core/Src/usbd_ioreq.o
                0x000000000800e3ee                USBD_CtlContinueSendData
 .text.USBD_CtlPrepareRx
                0x000000000800e410       0x3a ./Middlewares/ST/STM32_USB_Device_Library/Core/Src/usbd_ioreq.o
                0x000000000800e410                USBD_CtlPrepareRx
 .text.USBD_CtlContinueRx
                0x000000000800e44a       0x22 ./Middlewares/ST/STM32_USB_Device_Library/Core/Src/usbd_ioreq.o
                0x000000000800e44a                USBD_CtlContinueRx
 .text.USBD_CtlSendStatus
                0x000000000800e46c       0x26 ./Middlewares/ST/STM32_USB_Device_Library/Core/Src/usbd_ioreq.o
                0x000000000800e46c                USBD_CtlSendStatus
 .text.USBD_CtlReceiveStatus
                0x000000000800e492       0x26 ./Middlewares/ST/STM32_USB_Device_Library/Core/Src/usbd_ioreq.o
                0x000000000800e492                USBD_CtlReceiveStatus
 .text.MX_USB_DEVICE_Init
                0x000000000800e4b8       0x60 ./USB_DEVICE/App/usb_device.o
                0x000000000800e4b8                MX_USB_DEVICE_Init
 .text.CDC_Init_FS
                0x000000000800e518       0x28 ./USB_DEVICE/App/usbd_cdc_if.o
 .text.CDC_DeInit_FS
                0x000000000800e540       0x10 ./USB_DEVICE/App/usbd_cdc_if.o
 .text.CDC_Control_FS
                0x000000000800e550       0xbc ./USB_DEVICE/App/usbd_cdc_if.o
 .text.CDC_Receive_FS
                0x000000000800e60c       0x28 ./USB_DEVICE/App/usbd_cdc_if.o
 .text.CDC_Transmit_FS
                0x000000000800e634       0x4c ./USB_DEVICE/App/usbd_cdc_if.o
                0x000000000800e634                CDC_Transmit_FS
 .text.CDC_TransmitCplt_FS
                0x000000000800e680       0x22 ./USB_DEVICE/App/usbd_cdc_if.o
 *fill*         0x000000000800e6a2        0x2 
 .text.USBD_FS_DeviceDescriptor
                0x000000000800e6a4       0x24 ./USB_DEVICE/App/usbd_desc.o
                0x000000000800e6a4                USBD_FS_DeviceDescriptor
 .text.USBD_FS_LangIDStrDescriptor
                0x000000000800e6c8       0x24 ./USB_DEVICE/App/usbd_desc.o
                0x000000000800e6c8                USBD_FS_LangIDStrDescriptor
 .text.USBD_FS_ProductStrDescriptor
                0x000000000800e6ec       0x3c ./USB_DEVICE/App/usbd_desc.o
                0x000000000800e6ec                USBD_FS_ProductStrDescriptor
 .text.USBD_FS_ManufacturerStrDescriptor
                0x000000000800e728       0x28 ./USB_DEVICE/App/usbd_desc.o
                0x000000000800e728                USBD_FS_ManufacturerStrDescriptor
 .text.USBD_FS_SerialStrDescriptor
                0x000000000800e750       0x24 ./USB_DEVICE/App/usbd_desc.o
                0x000000000800e750                USBD_FS_SerialStrDescriptor
 .text.USBD_FS_ConfigStrDescriptor
                0x000000000800e774       0x3c ./USB_DEVICE/App/usbd_desc.o
                0x000000000800e774                USBD_FS_ConfigStrDescriptor
 .text.USBD_FS_InterfaceStrDescriptor
                0x000000000800e7b0       0x3c ./USB_DEVICE/App/usbd_desc.o
                0x000000000800e7b0                USBD_FS_InterfaceStrDescriptor
 .text.Get_SerialNum
                0x000000000800e7ec       0x58 ./USB_DEVICE/App/usbd_desc.o
 .text.IntToUnicode
                0x000000000800e844       0x7e ./USB_DEVICE/App/usbd_desc.o
 *fill*         0x000000000800e8c2        0x2 
 .text.HAL_PCD_MspInit
                0x000000000800e8c4       0xa8 ./USB_DEVICE/Target/usbd_conf.o
                0x000000000800e8c4                HAL_PCD_MspInit
 .text.HAL_PCD_SetupStageCallback
                0x000000000800e96c       0x24 ./USB_DEVICE/Target/usbd_conf.o
                0x000000000800e96c                HAL_PCD_SetupStageCallback
 .text.HAL_PCD_DataOutStageCallback
                0x000000000800e990       0x36 ./USB_DEVICE/Target/usbd_conf.o
                0x000000000800e990                HAL_PCD_DataOutStageCallback
 .text.HAL_PCD_DataInStageCallback
                0x000000000800e9c6       0x34 ./USB_DEVICE/Target/usbd_conf.o
                0x000000000800e9c6                HAL_PCD_DataInStageCallback
 .text.HAL_PCD_SOFCallback
                0x000000000800e9fa       0x1c ./USB_DEVICE/Target/usbd_conf.o
                0x000000000800e9fa                HAL_PCD_SOFCallback
 .text.HAL_PCD_ResetCallback
                0x000000000800ea16       0x50 ./USB_DEVICE/Target/usbd_conf.o
                0x000000000800ea16                HAL_PCD_ResetCallback
 *fill*         0x000000000800ea66        0x2 
 .text.HAL_PCD_SuspendCallback
                0x000000000800ea68       0x4c ./USB_DEVICE/Target/usbd_conf.o
                0x000000000800ea68                HAL_PCD_SuspendCallback
 .text.HAL_PCD_ResumeCallback
                0x000000000800eab4       0x1c ./USB_DEVICE/Target/usbd_conf.o
                0x000000000800eab4                HAL_PCD_ResumeCallback
 .text.HAL_PCD_ISOOUTIncompleteCallback
                0x000000000800ead0       0x24 ./USB_DEVICE/Target/usbd_conf.o
                0x000000000800ead0                HAL_PCD_ISOOUTIncompleteCallback
 .text.HAL_PCD_ISOINIncompleteCallback
                0x000000000800eaf4       0x24 ./USB_DEVICE/Target/usbd_conf.o
                0x000000000800eaf4                HAL_PCD_ISOINIncompleteCallback
 .text.HAL_PCD_ConnectCallback
                0x000000000800eb18       0x1c ./USB_DEVICE/Target/usbd_conf.o
                0x000000000800eb18                HAL_PCD_ConnectCallback
 .text.HAL_PCD_DisconnectCallback
                0x000000000800eb34       0x1c ./USB_DEVICE/Target/usbd_conf.o
                0x000000000800eb34                HAL_PCD_DisconnectCallback
 .text.USBD_LL_Init
                0x000000000800eb50       0x98 ./USB_DEVICE/Target/usbd_conf.o
                0x000000000800eb50                USBD_LL_Init
 .text.USBD_LL_Start
                0x000000000800ebe8       0x36 ./USB_DEVICE/Target/usbd_conf.o
                0x000000000800ebe8                USBD_LL_Start
 .text.USBD_LL_OpenEP
                0x000000000800ec1e       0x4c ./USB_DEVICE/Target/usbd_conf.o
                0x000000000800ec1e                USBD_LL_OpenEP
 .text.USBD_LL_CloseEP
                0x000000000800ec6a       0x3e ./USB_DEVICE/Target/usbd_conf.o
                0x000000000800ec6a                USBD_LL_CloseEP
 .text.USBD_LL_StallEP
                0x000000000800eca8       0x3e ./USB_DEVICE/Target/usbd_conf.o
                0x000000000800eca8                USBD_LL_StallEP
 .text.USBD_LL_ClearStallEP
                0x000000000800ece6       0x3e ./USB_DEVICE/Target/usbd_conf.o
                0x000000000800ece6                USBD_LL_ClearStallEP
 .text.USBD_LL_IsStallEP
                0x000000000800ed24       0x58 ./USB_DEVICE/Target/usbd_conf.o
                0x000000000800ed24                USBD_LL_IsStallEP
 .text.USBD_LL_SetUSBAddress
                0x000000000800ed7c       0x3e ./USB_DEVICE/Target/usbd_conf.o
                0x000000000800ed7c                USBD_LL_SetUSBAddress
 .text.USBD_LL_Transmit
                0x000000000800edba       0x42 ./USB_DEVICE/Target/usbd_conf.o
                0x000000000800edba                USBD_LL_Transmit
 .text.USBD_LL_PrepareReceive
                0x000000000800edfc       0x42 ./USB_DEVICE/Target/usbd_conf.o
                0x000000000800edfc                USBD_LL_PrepareReceive
 .text.USBD_LL_GetRxDataSize
                0x000000000800ee3e       0x26 ./USB_DEVICE/Target/usbd_conf.o
                0x000000000800ee3e                USBD_LL_GetRxDataSize
 .text.USBD_static_malloc
                0x000000000800ee64       0x1c ./USB_DEVICE/Target/usbd_conf.o
                0x000000000800ee64                USBD_static_malloc
 .text.USBD_static_free
                0x000000000800ee80       0x14 ./USB_DEVICE/Target/usbd_conf.o
                0x000000000800ee80                USBD_static_free
 .text.USBD_Get_USB_Status
                0x000000000800ee94       0x58 ./USB_DEVICE/Target/usbd_conf.o
                0x000000000800ee94                USBD_Get_USB_Status
 .text.arm_rfft_fast_init_f32
                0x000000000800eeec      0x104 C:\dev\jodelautomat-visualsystem\JAVS-STM32\Drivers\CMSIS\DSP_Drivers\Lib\GCC\libarm_cortexM4lf_math.a(arm_rfft_fast_init_f32.o)
                0x000000000800eeec                arm_rfft_fast_init_f32
 .text.arm_rfft_fast_f32
                0x000000000800eff0      0x188 C:\dev\jodelautomat-visualsystem\JAVS-STM32\Drivers\CMSIS\DSP_Drivers\Lib\GCC\libarm_cortexM4lf_math.a(arm_rfft_fast_f32.o)
                0x000000000800eff0                arm_rfft_fast_f32
 .text.arm_cfft_radix8by2_f32
                0x000000000800f178      0x1a0 C:\dev\jodelautomat-visualsystem\JAVS-STM32\Drivers\CMSIS\DSP_Drivers\Lib\GCC\libarm_cortexM4lf_math.a(arm_cfft_f32.o)
                0x000000000800f178                arm_cfft_radix8by2_f32
 .text.arm_cfft_radix8by4_f32
                0x000000000800f318      0x4bc C:\dev\jodelautomat-visualsystem\JAVS-STM32\Drivers\CMSIS\DSP_Drivers\Lib\GCC\libarm_cortexM4lf_math.a(arm_cfft_f32.o)
                0x000000000800f318                arm_cfft_radix8by4_f32
 .text.arm_cfft_f32
                0x000000000800f7d4       0xf4 C:\dev\jodelautomat-visualsystem\JAVS-STM32\Drivers\CMSIS\DSP_Drivers\Lib\GCC\libarm_cortexM4lf_math.a(arm_cfft_f32.o)
                0x000000000800f7d4                arm_cfft_f32
 .text.arm_radix8_butterfly_f32
                0x000000000800f8c8      0x5e4 C:\dev\jodelautomat-visualsystem\JAVS-STM32\Drivers\CMSIS\DSP_Drivers\Lib\GCC\libarm_cortexM4lf_math.a(arm_cfft_radix8_f32.o)
                0x000000000800f8c8                arm_radix8_butterfly_f32
 .text.__errno  0x000000000800feac        0xc c:/program files/stmicroelectronics/stm32cube/stm32cubeide_1.10.1/stm32cubeide/plugins/com.st.stm32cube.ide.mcu.externaltools.gnu-tools-for-stm32.10.3-2021.10.win32_1.0.0.202111181127/tools/bin/../lib/gcc/arm-none-eabi/10.3.1/../../../../arm-none-eabi/lib/thumb/v7e-m+fp/hard\libc_nano.a(lib_a-errno.o)
                0x000000000800feac                __errno
 .text.__libc_init_array
                0x000000000800feb8       0x48 c:/program files/stmicroelectronics/stm32cube/stm32cubeide_1.10.1/stm32cubeide/plugins/com.st.stm32cube.ide.mcu.externaltools.gnu-tools-for-stm32.10.3-2021.10.win32_1.0.0.202111181127/tools/bin/../lib/gcc/arm-none-eabi/10.3.1/../../../../arm-none-eabi/lib/thumb/v7e-m+fp/hard\libc_nano.a(lib_a-init.o)
                0x000000000800feb8                __libc_init_array
 .text.memset   0x000000000800ff00       0x10 c:/program files/stmicroelectronics/stm32cube/stm32cubeide_1.10.1/stm32cubeide/plugins/com.st.stm32cube.ide.mcu.externaltools.gnu-tools-for-stm32.10.3-2021.10.win32_1.0.0.202111181127/tools/bin/../lib/gcc/arm-none-eabi/10.3.1/../../../../arm-none-eabi/lib/thumb/v7e-m+fp/hard\libc_nano.a(lib_a-memset.o)
                0x000000000800ff00                memset
 .text.__cvt    0x000000000800ff10       0xc4 c:/program files/stmicroelectronics/stm32cube/stm32cubeide_1.10.1/stm32cubeide/plugins/com.st.stm32cube.ide.mcu.externaltools.gnu-tools-for-stm32.10.3-2021.10.win32_1.0.0.202111181127/tools/bin/../lib/gcc/arm-none-eabi/10.3.1/../../../../arm-none-eabi/lib/thumb/v7e-m+fp/hard\libc_nano.a(lib_a-nano-vfprintf_float.o)
                0x000000000800ff10                __cvt
 .text.__exponent
                0x000000000800ffd4       0x7c c:/program files/stmicroelectronics/stm32cube/stm32cubeide_1.10.1/stm32cubeide/plugins/com.st.stm32cube.ide.mcu.externaltools.gnu-tools-for-stm32.10.3-2021.10.win32_1.0.0.202111181127/tools/bin/../lib/gcc/arm-none-eabi/10.3.1/../../../../arm-none-eabi/lib/thumb/v7e-m+fp/hard\libc_nano.a(lib_a-nano-vfprintf_float.o)
                0x000000000800ffd4                __exponent
 .text._printf_float
                0x0000000008010050      0x46c c:/program files/stmicroelectronics/stm32cube/stm32cubeide_1.10.1/stm32cubeide/plugins/com.st.stm32cube.ide.mcu.externaltools.gnu-tools-for-stm32.10.3-2021.10.win32_1.0.0.202111181127/tools/bin/../lib/gcc/arm-none-eabi/10.3.1/../../../../arm-none-eabi/lib/thumb/v7e-m+fp/hard\libc_nano.a(lib_a-nano-vfprintf_float.o)
                0x0000000008010050                _printf_float
 .text._printf_common
                0x00000000080104bc       0xda c:/program files/stmicroelectronics/stm32cube/stm32cubeide_1.10.1/stm32cubeide/plugins/com.st.stm32cube.ide.mcu.externaltools.gnu-tools-for-stm32.10.3-2021.10.win32_1.0.0.202111181127/tools/bin/../lib/gcc/arm-none-eabi/10.3.1/../../../../arm-none-eabi/lib/thumb/v7e-m+fp/hard\libc_nano.a(lib_a-nano-vfprintf_i.o)
                0x00000000080104bc                _printf_common
 *fill*         0x0000000008010596        0x2 
 .text._printf_i
                0x0000000008010598      0x24c c:/program files/stmicroelectronics/stm32cube/stm32cubeide_1.10.1/stm32cubeide/plugins/com.st.stm32cube.ide.mcu.externaltools.gnu-tools-for-stm32.10.3-2021.10.win32_1.0.0.202111181127/tools/bin/../lib/gcc/arm-none-eabi/10.3.1/../../../../arm-none-eabi/lib/thumb/v7e-m+fp/hard\libc_nano.a(lib_a-nano-vfprintf_i.o)
                0x0000000008010598                _printf_i
 .text.sprintf  0x00000000080107e4       0x40 c:/program files/stmicroelectronics/stm32cube/stm32cubeide_1.10.1/stm32cubeide/plugins/com.st.stm32cube.ide.mcu.externaltools.gnu-tools-for-stm32.10.3-2021.10.win32_1.0.0.202111181127/tools/bin/../lib/gcc/arm-none-eabi/10.3.1/../../../../arm-none-eabi/lib/thumb/v7e-m+fp/hard\libc_nano.a(lib_a-sprintf.o)
                0x00000000080107e4                siprintf
                0x00000000080107e4                sprintf
 .text.quorem   0x0000000008010824      0x116 c:/program files/stmicroelectronics/stm32cube/stm32cubeide_1.10.1/stm32cubeide/plugins/com.st.stm32cube.ide.mcu.externaltools.gnu-tools-for-stm32.10.3-2021.10.win32_1.0.0.202111181127/tools/bin/../lib/gcc/arm-none-eabi/10.3.1/../../../../arm-none-eabi/lib/thumb/v7e-m+fp/hard\libc_nano.a(lib_a-dtoa.o)
 *fill*         0x000000000801093a        0x6 
 .text._dtoa_r  0x0000000008010940      0xbdc c:/program files/stmicroelectronics/stm32cube/stm32cubeide_1.10.1/stm32cubeide/plugins/com.st.stm32cube.ide.mcu.externaltools.gnu-tools-for-stm32.10.3-2021.10.win32_1.0.0.202111181127/tools/bin/../lib/gcc/arm-none-eabi/10.3.1/../../../../arm-none-eabi/lib/thumb/v7e-m+fp/hard\libc_nano.a(lib_a-dtoa.o)
                0x0000000008010940                _dtoa_r
 .text._localeconv_r
                0x000000000801151c        0x8 c:/program files/stmicroelectronics/stm32cube/stm32cubeide_1.10.1/stm32cubeide/plugins/com.st.stm32cube.ide.mcu.externaltools.gnu-tools-for-stm32.10.3-2021.10.win32_1.0.0.202111181127/tools/bin/../lib/gcc/arm-none-eabi/10.3.1/../../../../arm-none-eabi/lib/thumb/v7e-m+fp/hard\libc_nano.a(lib_a-localeconv.o)
                0x000000000801151c                _localeconv_r
 .text.malloc   0x0000000008011524       0x10 c:/program files/stmicroelectronics/stm32cube/stm32cubeide_1.10.1/stm32cubeide/plugins/com.st.stm32cube.ide.mcu.externaltools.gnu-tools-for-stm32.10.3-2021.10.win32_1.0.0.202111181127/tools/bin/../lib/gcc/arm-none-eabi/10.3.1/../../../../arm-none-eabi/lib/thumb/v7e-m+fp/hard\libc_nano.a(lib_a-malloc.o)
                0x0000000008011524                malloc
 .text.memcpy   0x0000000008011534       0x1c c:/program files/stmicroelectronics/stm32cube/stm32cubeide_1.10.1/stm32cubeide/plugins/com.st.stm32cube.ide.mcu.externaltools.gnu-tools-for-stm32.10.3-2021.10.win32_1.0.0.202111181127/tools/bin/../lib/gcc/arm-none-eabi/10.3.1/../../../../arm-none-eabi/lib/thumb/v7e-m+fp/hard\libc_nano.a(lib_a-memcpy-stub.o)
                0x0000000008011534                memcpy
 .text._Balloc  0x0000000008011550       0x80 c:/program files/stmicroelectronics/stm32cube/stm32cubeide_1.10.1/stm32cubeide/plugins/com.st.stm32cube.ide.mcu.externaltools.gnu-tools-for-stm32.10.3-2021.10.win32_1.0.0.202111181127/tools/bin/../lib/gcc/arm-none-eabi/10.3.1/../../../../arm-none-eabi/lib/thumb/v7e-m+fp/hard\libc_nano.a(lib_a-mprec.o)
                0x0000000008011550                _Balloc
 .text._Bfree   0x00000000080115d0       0x44 c:/program files/stmicroelectronics/stm32cube/stm32cubeide_1.10.1/stm32cubeide/plugins/com.st.stm32cube.ide.mcu.externaltools.gnu-tools-for-stm32.10.3-2021.10.win32_1.0.0.202111181127/tools/bin/../lib/gcc/arm-none-eabi/10.3.1/../../../../arm-none-eabi/lib/thumb/v7e-m+fp/hard\libc_nano.a(lib_a-mprec.o)
                0x00000000080115d0                _Bfree
 .text.__multadd
                0x0000000008011614       0x8c c:/program files/stmicroelectronics/stm32cube/stm32cubeide_1.10.1/stm32cubeide/plugins/com.st.stm32cube.ide.mcu.externaltools.gnu-tools-for-stm32.10.3-2021.10.win32_1.0.0.202111181127/tools/bin/../lib/gcc/arm-none-eabi/10.3.1/../../../../arm-none-eabi/lib/thumb/v7e-m+fp/hard\libc_nano.a(lib_a-mprec.o)
                0x0000000008011614                __multadd
 .text.__hi0bits
                0x00000000080116a0       0x40 c:/program files/stmicroelectronics/stm32cube/stm32cubeide_1.10.1/stm32cubeide/plugins/com.st.stm32cube.ide.mcu.externaltools.gnu-tools-for-stm32.10.3-2021.10.win32_1.0.0.202111181127/tools/bin/../lib/gcc/arm-none-eabi/10.3.1/../../../../arm-none-eabi/lib/thumb/v7e-m+fp/hard\libc_nano.a(lib_a-mprec.o)
                0x00000000080116a0                __hi0bits
 .text.__lo0bits
                0x00000000080116e0       0x5e c:/program files/stmicroelectronics/stm32cube/stm32cubeide_1.10.1/stm32cubeide/plugins/com.st.stm32cube.ide.mcu.externaltools.gnu-tools-for-stm32.10.3-2021.10.win32_1.0.0.202111181127/tools/bin/../lib/gcc/arm-none-eabi/10.3.1/../../../../arm-none-eabi/lib/thumb/v7e-m+fp/hard\libc_nano.a(lib_a-mprec.o)
                0x00000000080116e0                __lo0bits
 *fill*         0x000000000801173e        0x2 
 .text.__i2b    0x0000000008011740       0x2c c:/program files/stmicroelectronics/stm32cube/stm32cubeide_1.10.1/stm32cubeide/plugins/com.st.stm32cube.ide.mcu.externaltools.gnu-tools-for-stm32.10.3-2021.10.win32_1.0.0.202111181127/tools/bin/../lib/gcc/arm-none-eabi/10.3.1/../../../../arm-none-eabi/lib/thumb/v7e-m+fp/hard\libc_nano.a(lib_a-mprec.o)
                0x0000000008011740                __i2b
 .text.__multiply
                0x000000000801176c      0x154 c:/program files/stmicroelectronics/stm32cube/stm32cubeide_1.10.1/stm32cubeide/plugins/com.st.stm32cube.ide.mcu.externaltools.gnu-tools-for-stm32.10.3-2021.10.win32_1.0.0.202111181127/tools/bin/../lib/gcc/arm-none-eabi/10.3.1/../../../../arm-none-eabi/lib/thumb/v7e-m+fp/hard\libc_nano.a(lib_a-mprec.o)
                0x000000000801176c                __multiply
 .text.__pow5mult
                0x00000000080118c0       0xb4 c:/program files/stmicroelectronics/stm32cube/stm32cubeide_1.10.1/stm32cubeide/plugins/com.st.stm32cube.ide.mcu.externaltools.gnu-tools-for-stm32.10.3-2021.10.win32_1.0.0.202111181127/tools/bin/../lib/gcc/arm-none-eabi/10.3.1/../../../../arm-none-eabi/lib/thumb/v7e-m+fp/hard\libc_nano.a(lib_a-mprec.o)
                0x00000000080118c0                __pow5mult
 .text.__lshift
                0x0000000008011974       0xe0 c:/program files/stmicroelectronics/stm32cube/stm32cubeide_1.10.1/stm32cubeide/plugins/com.st.stm32cube.ide.mcu.externaltools.gnu-tools-for-stm32.10.3-2021.10.win32_1.0.0.202111181127/tools/bin/../lib/gcc/arm-none-eabi/10.3.1/../../../../arm-none-eabi/lib/thumb/v7e-m+fp/hard\libc_nano.a(lib_a-mprec.o)
                0x0000000008011974                __lshift
 .text.__mcmp   0x0000000008011a54       0x38 c:/program files/stmicroelectronics/stm32cube/stm32cubeide_1.10.1/stm32cubeide/plugins/com.st.stm32cube.ide.mcu.externaltools.gnu-tools-for-stm32.10.3-2021.10.win32_1.0.0.202111181127/tools/bin/../lib/gcc/arm-none-eabi/10.3.1/../../../../arm-none-eabi/lib/thumb/v7e-m+fp/hard\libc_nano.a(lib_a-mprec.o)
                0x0000000008011a54                __mcmp
 .text.__mdiff  0x0000000008011a8c      0x114 c:/program files/stmicroelectronics/stm32cube/stm32cubeide_1.10.1/stm32cubeide/plugins/com.st.stm32cube.ide.mcu.externaltools.gnu-tools-for-stm32.10.3-2021.10.win32_1.0.0.202111181127/tools/bin/../lib/gcc/arm-none-eabi/10.3.1/../../../../arm-none-eabi/lib/thumb/v7e-m+fp/hard\libc_nano.a(lib_a-mprec.o)
                0x0000000008011a8c                __mdiff
 .text.__d2b    0x0000000008011ba0       0xb8 c:/program files/stmicroelectronics/stm32cube/stm32cubeide_1.10.1/stm32cubeide/plugins/com.st.stm32cube.ide.mcu.externaltools.gnu-tools-for-stm32.10.3-2021.10.win32_1.0.0.202111181127/tools/bin/../lib/gcc/arm-none-eabi/10.3.1/../../../../arm-none-eabi/lib/thumb/v7e-m+fp/hard\libc_nano.a(lib_a-mprec.o)
                0x0000000008011ba0                __d2b
 .text._calloc_r
                0x0000000008011c58       0x2c c:/program files/stmicroelectronics/stm32cube/stm32cubeide_1.10.1/stm32cubeide/plugins/com.st.stm32cube.ide.mcu.externaltools.gnu-tools-for-stm32.10.3-2021.10.win32_1.0.0.202111181127/tools/bin/../lib/gcc/arm-none-eabi/10.3.1/../../../../arm-none-eabi/lib/thumb/v7e-m+fp/hard\libc_nano.a(lib_a-nano-callocr.o)
                0x0000000008011c58                _calloc_r
 .text._free_r  0x0000000008011c84       0x98 c:/program files/stmicroelectronics/stm32cube/stm32cubeide_1.10.1/stm32cubeide/plugins/com.st.stm32cube.ide.mcu.externaltools.gnu-tools-for-stm32.10.3-2021.10.win32_1.0.0.202111181127/tools/bin/../lib/gcc/arm-none-eabi/10.3.1/../../../../arm-none-eabi/lib/thumb/v7e-m+fp/hard\libc_nano.a(lib_a-nano-freer.o)
                0x0000000008011c84                _free_r
 .text.sbrk_aligned
                0x0000000008011d1c       0x40 c:/program files/stmicroelectronics/stm32cube/stm32cubeide_1.10.1/stm32cubeide/plugins/com.st.stm32cube.ide.mcu.externaltools.gnu-tools-for-stm32.10.3-2021.10.win32_1.0.0.202111181127/tools/bin/../lib/gcc/arm-none-eabi/10.3.1/../../../../arm-none-eabi/lib/thumb/v7e-m+fp/hard\libc_nano.a(lib_a-nano-mallocr.o)
 .text._malloc_r
                0x0000000008011d5c       0xe8 c:/program files/stmicroelectronics/stm32cube/stm32cubeide_1.10.1/stm32cubeide/plugins/com.st.stm32cube.ide.mcu.externaltools.gnu-tools-for-stm32.10.3-2021.10.win32_1.0.0.202111181127/tools/bin/../lib/gcc/arm-none-eabi/10.3.1/../../../../arm-none-eabi/lib/thumb/v7e-m+fp/hard\libc_nano.a(lib_a-nano-mallocr.o)
                0x0000000008011d5c                _malloc_r
 .text.__ssputs_r
                0x0000000008011e44       0xb6 c:/program files/stmicroelectronics/stm32cube/stm32cubeide_1.10.1/stm32cubeide/plugins/com.st.stm32cube.ide.mcu.externaltools.gnu-tools-for-stm32.10.3-2021.10.win32_1.0.0.202111181127/tools/bin/../lib/gcc/arm-none-eabi/10.3.1/../../../../arm-none-eabi/lib/thumb/v7e-m+fp/hard\libc_nano.a(lib_a-nano-svfprintf.o)
                0x0000000008011e44                __ssputs_r
 *fill*         0x0000000008011efa        0x2 
 .text._svfprintf_r
                0x0000000008011efc      0x200 c:/program files/stmicroelectronics/stm32cube/stm32cubeide_1.10.1/stm32cubeide/plugins/com.st.stm32cube.ide.mcu.externaltools.gnu-tools-for-stm32.10.3-2021.10.win32_1.0.0.202111181127/tools/bin/../lib/gcc/arm-none-eabi/10.3.1/../../../../arm-none-eabi/lib/thumb/v7e-m+fp/hard\libc_nano.a(lib_a-nano-svfprintf.o)
                0x0000000008011efc                _svfiprintf_r
                0x0000000008011efc                _svfprintf_r
 .text._sbrk_r  0x00000000080120fc       0x20 c:/program files/stmicroelectronics/stm32cube/stm32cubeide_1.10.1/stm32cubeide/plugins/com.st.stm32cube.ide.mcu.externaltools.gnu-tools-for-stm32.10.3-2021.10.win32_1.0.0.202111181127/tools/bin/../lib/gcc/arm-none-eabi/10.3.1/../../../../arm-none-eabi/lib/thumb/v7e-m+fp/hard\libc_nano.a(lib_a-sbrkr.o)
                0x00000000080120fc                _sbrk_r
 .text.__assert_func
                0x000000000801211c       0x3c c:/program files/stmicroelectronics/stm32cube/stm32cubeide_1.10.1/stm32cubeide/plugins/com.st.stm32cube.ide.mcu.externaltools.gnu-tools-for-stm32.10.3-2021.10.win32_1.0.0.202111181127/tools/bin/../lib/gcc/arm-none-eabi/10.3.1/../../../../arm-none-eabi/lib/thumb/v7e-m+fp/hard\libc_nano.a(lib_a-assert.o)
                0x000000000801211c                __assert_func
 .text.fprintf  0x0000000008012158       0x24 c:/program files/stmicroelectronics/stm32cube/stm32cubeide_1.10.1/stm32cubeide/plugins/com.st.stm32cube.ide.mcu.externaltools.gnu-tools-for-stm32.10.3-2021.10.win32_1.0.0.202111181127/tools/bin/../lib/gcc/arm-none-eabi/10.3.1/../../../../arm-none-eabi/lib/thumb/v7e-m+fp/hard\libc_nano.a(lib_a-fprintf.o)
                0x0000000008012158                fiprintf
                0x0000000008012158                fprintf
 .text.__ascii_mbtowc
                0x000000000801217c       0x24 c:/program files/stmicroelectronics/stm32cube/stm32cubeide_1.10.1/stm32cubeide/plugins/com.st.stm32cube.ide.mcu.externaltools.gnu-tools-for-stm32.10.3-2021.10.win32_1.0.0.202111181127/tools/bin/../lib/gcc/arm-none-eabi/10.3.1/../../../../arm-none-eabi/lib/thumb/v7e-m+fp/hard\libc_nano.a(lib_a-mbtowc_r.o)
                0x000000000801217c                __ascii_mbtowc