Archive member included to satisfy reference by file (symbol)

C:\dev\jodelautomat-visualsystem\JAVS-STM32\Drivers\CMSIS\DSP_Drivers\Lib\GCC\libarm_cortexM4lf_math.a(arm_rfft_fast_init_f32.o)
                              ./Core/Src/main.o (arm_rfft_fast_init_f32)
C:\dev\jodelautomat-visualsystem\JAVS-STM32\Drivers\CMSIS\DSP_Drivers\Lib\GCC\libarm_cortexM4lf_math.a(arm_rfft_fast_f32.o)
                              ./Core/Src/main.o (arm_rfft_fast_f32)
C:\dev\jodelautomat-visualsystem\JAVS-STM32\Drivers\CMSIS\DSP_Drivers\Lib\GCC\libarm_cortexM4lf_math.a(arm_cfft_f32.o)
                              C:\dev\jodelautomat-visualsystem\JAVS-STM32\Drivers\CMSIS\DSP_Drivers\Lib\GCC\libarm_cortexM4lf_math.a(arm_rfft_fast_f32.o) (arm_cfft_f32)
C:\dev\jodelautomat-visualsystem\JAVS-STM32\Drivers\CMSIS\DSP_Drivers\Lib\GCC\libarm_cortexM4lf_math.a(arm_common_tables.o)
                              C:\dev\jodelautomat-visualsystem\JAVS-STM32\Drivers\CMSIS\DSP_Drivers\Lib\GCC\libarm_cortexM4lf_math.a(arm_rfft_fast_init_f32.o) (twiddleCoef_rfft_4096)
C:\dev\jodelautomat-visualsystem\JAVS-STM32\Drivers\CMSIS\DSP_Drivers\Lib\GCC\libarm_cortexM4lf_math.a(arm_bitreversal2.o)
                              C:\dev\jodelautomat-visualsystem\JAVS-STM32\Drivers\CMSIS\DSP_Drivers\Lib\GCC\libarm_cortexM4lf_math.a(arm_cfft_f32.o) (arm_bitreversal_32)
C:\dev\jodelautomat-visualsystem\JAVS-STM32\Drivers\CMSIS\DSP_Drivers\Lib\GCC\libarm_cortexM4lf_math.a(arm_cfft_radix8_f32.o)
                              C:\dev\jodelautomat-visualsystem\JAVS-STM32\Drivers\CMSIS\DSP_Drivers\Lib\GCC\libarm_cortexM4lf_math.a(arm_cfft_f32.o) (arm_radix8_butterfly_f32)
c:/program files/stmicroelectronics/stm32cube/stm32cubeide_1.10.1/stm32cubeide/plugins/com.st.stm32cube.ide.mcu.externaltools.gnu-tools-for-stm32.10.3-2021.10.win32_1.0.0.202111181127/tools/bin/../lib/gcc/arm-none-eabi/10.3.1/../../../../arm-none-eabi/lib/thumb/v7e-m+fp/hard\libc_nano.a(lib_a-errno.o)
                              ./Core/Src/syscalls.o (__errno)
c:/program files/stmicroelectronics/stm32cube/stm32cubeide_1.10.1/stm32cubeide/plugins/com.st.stm32cube.ide.mcu.externaltools.gnu-tools-for-stm32.10.3-2021.10.win32_1.0.0.202111181127/tools/bin/../lib/gcc/arm-none-eabi/10.3.1/../../../../arm-none-eabi/lib/thumb/v7e-m+fp/hard\libc_nano.a(lib_a-exit.o)
                              c:/program files/stmicroelectronics/stm32cube/stm32cubeide_1.10.1/stm32cubeide/plugins/com.st.stm32cube.ide.mcu.externaltools.gnu-tools-for-stm32.10.3-2021.10.win32_1.0.0.202111181127/tools/bin/../lib/gcc/arm-none-eabi/10.3.1/../../../../arm-none-eabi/lib/thumb/v7e-m+fp/hard/crt0.o (exit)
c:/program files/stmicroelectronics/stm32cube/stm32cubeide_1.10.1/stm32cubeide/plugins/com.st.stm32cube.ide.mcu.externaltools.gnu-tools-for-stm32.10.3-2021.10.win32_1.0.0.202111181127/tools/bin/../lib/gcc/arm-none-eabi/10.3.1/../../../../arm-none-eabi/lib/thumb/v7e-m+fp/hard\libc_nano.a(lib_a-impure.o)
                              c:/program files/stmicroelectronics/stm32cube/stm32cubeide_1.10.1/stm32cubeide/plugins/com.st.stm32cube.ide.mcu.externaltools.gnu-tools-for-stm32.10.3-2021.10.win32_1.0.0.202111181127/tools/bin/../lib/gcc/arm-none-eabi/10.3.1/../../../../arm-none-eabi/lib/thumb/v7e-m+fp/hard\libc_nano.a(lib_a-exit.o) (_global_impure_ptr)
c:/program files/stmicroelectronics/stm32cube/stm32cubeide_1.10.1/stm32cubeide/plugins/com.st.stm32cube.ide.mcu.externaltools.gnu-tools-for-stm32.10.3-2021.10.win32_1.0.0.202111181127/tools/bin/../lib/gcc/arm-none-eabi/10.3.1/../../../../arm-none-eabi/lib/thumb/v7e-m+fp/hard\libc_nano.a(lib_a-init.o)
                              c:/program files/stmicroelectronics/stm32cube/stm32cubeide_1.10.1/stm32cubeide/plugins/com.st.stm32cube.ide.mcu.externaltools.gnu-tools-for-stm32.10.3-2021.10.win32_1.0.0.202111181127/tools/bin/../lib/gcc/arm-none-eabi/10.3.1/../../../../arm-none-eabi/lib/thumb/v7e-m+fp/hard/crt0.o (__libc_init_array)
c:/program files/stmicroelectronics/stm32cube/stm32cubeide_1.10.1/stm32cubeide/plugins/com.st.stm32cube.ide.mcu.externaltools.gnu-tools-for-stm32.10.3-2021.10.win32_1.0.0.202111181127/tools/bin/../lib/gcc/arm-none-eabi/10.3.1/../../../../arm-none-eabi/lib/thumb/v7e-m+fp/hard\libc_nano.a(lib_a-memset.o)
                              c:/program files/stmicroelectronics/stm32cube/stm32cubeide_1.10.1/stm32cubeide/plugins/com.st.stm32cube.ide.mcu.externaltools.gnu-tools-for-stm32.10.3-2021.10.win32_1.0.0.202111181127/tools/bin/../lib/gcc/arm-none-eabi/10.3.1/../../../../arm-none-eabi/lib/thumb/v7e-m+fp/hard/crt0.o (memset)
c:/program files/stmicroelectronics/stm32cube/stm32cubeide_1.10.1/stm32cubeide/plugins/com.st.stm32cube.ide.mcu.externaltools.gnu-tools-for-stm32.10.3-2021.10.win32_1.0.0.202111181127/tools/bin/../lib/gcc/arm-none-eabi/10.3.1/../../../../arm-none-eabi/lib/thumb/v7e-m+fp/hard\libc_nano.a(lib_a-nano-vfprintf_float.o)
                              (_printf_float)
[...]
Memory Configuration

Name             Origin             Length             Attributes
RAM              0x0000000020000000 0x0000000000018000 xrw
FLASH            0x0000000008000000 0x0000000000080000 xr
*default*        0x0000000000000000 0xffffffffffffffff

Linker script and memory map

LOAD c:/program files/stmicroelectronics/stm32cube/stm32cubeide_1.10.1/stm32cubeide/plugins/com.st.stm32cube.ide.mcu.externaltools.gnu-tools-for-stm32.10.3-2021.10.win32_1.0.0.202111181127/tools/bin/../lib/gcc/arm-none-eabi/10.3.1/thumb/v7e-m+fp/hard/crti.o
LOAD c:/program files/stmicroelectronics/stm32cube/stm32cubeide_1.10.1/stm32cubeide/plugins/com.st.stm32cube.ide.mcu.externaltools.gnu-tools-for-stm32.10.3-2021.10.win32_1.0.0.202111181127/tools/bin/../lib/gcc/arm-none-eabi/10.3.1/thumb/v7e-m+fp/hard/crtbegin.o
LOAD c:/program files/stmicroelectronics/stm32cube/stm32cubeide_1.10.1/stm32cubeide/plugins/com.st.stm32cube.ide.mcu.externaltools.gnu-tools-for-stm32.10.3-2021.10.win32_1.0.0.202111181127/tools/bin/../lib/gcc/arm-none-eabi/10.3.1/../../../../arm-none-eabi/lib/thumb/v7e-m+fp/hard/crt0.o
LOAD ./Core/Src/LEDConfigMenu.o
LOAD ./Core/Src/adc.o
LOAD ./Core/Src/dma.o
LOAD ./Core/Src/gpio.o
LOAD ./Core/Src/i2c.o
LOAD ./Core/Src/main.o
LOAD ./Core/Src/stm32f4xx_hal_msp.o
LOAD ./Core/Src/stm32f4xx_it.o
LOAD ./Core/Src/syscalls.o
LOAD ./Core/Src/sysmem.o
LOAD ./Core/Src/system_stm32f4xx.o
LOAD ./Core/Src/tim.o
LOAD ./Core/Src/usart.o
LOAD ./Core/Startup/startup_stm32f401ceux.o
LOAD ./Drivers/LCD_PCF8574/Src/LCD_PCF8574.o
LOAD ./Drivers/STM32F4xx_HAL_Driver/Src/stm32f4xx_hal.o
LOAD ./Drivers/STM32F4xx_HAL_Driver/Src/stm32f4xx_hal_adc.o
LOAD ./Drivers/STM32F4xx_HAL_Driver/Src/stm32f4xx_hal_adc_ex.o
LOAD ./Drivers/STM32F4xx_HAL_Driver/Src/stm32f4xx_hal_cortex.o
LOAD ./Drivers/STM32F4xx_HAL_Driver/Src/stm32f4xx_hal_dma.o
LOAD ./Drivers/STM32F4xx_HAL_Driver/Src/stm32f4xx_hal_dma_ex.o
LOAD ./Drivers/STM32F4xx_HAL_Driver/Src/stm32f4xx_hal_exti.o
LOAD ./Drivers/STM32F4xx_HAL_Driver/Src/stm32f4xx_hal_flash.o
LOAD ./Drivers/STM32F4xx_HAL_Driver/Src/stm32f4xx_hal_flash_ex.o
LOAD ./Drivers/STM32F4xx_HAL_Driver/Src/stm32f4xx_hal_flash_ramfunc.o
LOAD ./Drivers/STM32F4xx_HAL_Driver/Src/stm32f4xx_hal_gpio.o
LOAD ./Drivers/STM32F4xx_HAL_Driver/Src/stm32f4xx_hal_i2c.o
LOAD ./Drivers/STM32F4xx_HAL_Driver/Src/stm32f4xx_hal_i2c_ex.o
LOAD ./Drivers/STM32F4xx_HAL_Driver/Src/stm32f4xx_hal_pcd.o
LOAD ./Drivers/STM32F4xx_HAL_Driver/Src/stm32f4xx_hal_pcd_ex.o
LOAD ./Drivers/STM32F4xx_HAL_Driver/Src/stm32f4xx_hal_pwr.o
LOAD ./Drivers/STM32F4xx_HAL_Driver/Src/stm32f4xx_hal_pwr_ex.o
LOAD ./Drivers/STM32F4xx_HAL_Driver/Src/stm32f4xx_hal_rcc.o
LOAD ./Drivers/STM32F4xx_HAL_Driver/Src/stm32f4xx_hal_rcc_ex.o
LOAD ./Drivers/STM32F4xx_HAL_Driver/Src/stm32f4xx_hal_tim.o
LOAD ./Drivers/STM32F4xx_HAL_Driver/Src/stm32f4xx_hal_tim_ex.o
LOAD ./Drivers/STM32F4xx_HAL_Driver/Src/stm32f4xx_hal_uart.o
LOAD ./Drivers/STM32F4xx_HAL_Driver/Src/stm32f4xx_ll_adc.o
LOAD ./Drivers/STM32F4xx_HAL_Driver/Src/stm32f4xx_ll_usb.o
LOAD ./Middlewares/ST/STM32_USB_Device_Library/Class/CDC/Src/usbd_cdc.o
LOAD ./Middlewares/ST/STM32_USB_Device_Library/Core/Src/usbd_core.o
LOAD ./Middlewares/ST/STM32_USB_Device_Library/Core/Src/usbd_ctlreq.o
LOAD ./Middlewares/ST/STM32_USB_Device_Library/Core/Src/usbd_ioreq.o
LOAD ./USB_DEVICE/App/usb_device.o
LOAD ./USB_DEVICE/App/usbd_cdc_if.o
LOAD ./USB_DEVICE/App/usbd_desc.o
LOAD ./USB_DEVICE/Target/usbd_conf.o
LOAD C:\dev\jodelautomat-visualsystem\JAVS-STM32\Drivers\CMSIS\DSP_Drivers\Lib\GCC\libarm_cortexM4lf_math.a
START GROUP
LOAD c:/program files/stmicroelectronics/stm32cube/stm32cubeide_1.10.1/stm32cubeide/plugins/com.st.stm32cube.ide.mcu.externaltools.gnu-tools-for-stm32.10.3-2021.10.win32_1.0.0.202111181127/tools/bin/../lib/gcc/arm-none-eabi/10.3.1/../../../../arm-none-eabi/lib/thumb/v7e-m+fp/hard\libc_nano.a
LOAD c:/program files/stmicroelectronics/stm32cube/stm32cubeide_1.10.1/stm32cubeide/plugins/com.st.stm32cube.ide.mcu.externaltools.gnu-tools-for-stm32.10.3-2021.10.win32_1.0.0.202111181127/tools/bin/../lib/gcc/arm-none-eabi/10.3.1/../../../../arm-none-eabi/lib/thumb/v7e-m+fp/hard\libm.a
END GROUP
START GROUP
LOAD c:/program files/stmicroelectronics/stm32cube/stm32cubeide_1.10.1/stm32cubeide/plugins/com.st.stm32cube.ide.mcu.externaltools.gnu-tools-for-stm32.10.3-2021.10.win32_1.0.0.202111181127/tools/bin/../lib/gcc/arm-none-eabi/10.3.1/thumb/v7e-m+fp/hard\libgcc.a
LOAD c:/program files/stmicroelectronics/stm32cube/stm32cubeide_1.10.1/stm32cubeide/plugins/com.st.stm32cube.ide.mcu.externaltools.gnu-tools-for-stm32.10.3-2021.10.win32_1.0.0.202111181127/tools/bin/../lib/gcc/arm-none-eabi/10.3.1/../../../../arm-none-eabi/lib/thumb/v7e-m+fp/hard\libc_nano.a
END GROUP
START GROUP
LOAD c:/program files/stmicroelectronics/stm32cube/stm32cubeide_1.10.1/stm32cubeide/plugins/com.st.stm32cube.ide.mcu.externaltools.gnu-tools-for-stm32.10.3-2021.10.win32_1.0.0.202111181127/tools/bin/../lib/gcc/arm-none-eabi/10.3.1/thumb/v7e-m+fp/hard\libgcc.a
LOAD c:/program files/stmicroelectronics/stm32cube/stm32cubeide_1.10.1/stm32cubeide/plugins/com.st.stm32cube.ide.mcu.externaltools.gnu-tools-for-stm32.10.3-2021.10.win32_1.0.0.202111181127/tools/bin/../lib/gcc/arm-none-eabi/10.3.1/../../../../arm-none-eabi/lib/thumb/v7e-m+fp/hard\libc_nano.a
LOAD c:/program files/stmicroelectronics/stm32cube/stm32cubeide_1.10.1/stm32cubeide/plugins/com.st.stm32cube.ide.mcu.externaltools.gnu-tools-for-stm32.10.3-2021.10.win32_1.0.0.202111181127/tools/bin/../lib/gcc/arm-none-eabi/10.3.1/../../../../arm-none-eabi/lib/thumb/v7e-m+fp/hard\libnosys.a
END GROUP
START GROUP
LOAD c:/program files/stmicroelectronics/stm32cube/stm32cubeide_1.10.1/stm32cubeide/plugins/com.st.stm32cube.ide.mcu.externaltools.gnu-tools-for-stm32.10.3-2021.10.win32_1.0.0.202111181127/tools/bin/../lib/gcc/arm-none-eabi/10.3.1/thumb/v7e-m+fp/hard\libgcc.a
LOAD c:/program files/stmicroelectronics/stm32cube/stm32cubeide_1.10.1/stm32cubeide/plugins/com.st.stm32cube.ide.mcu.externaltools.gnu-tools-for-stm32.10.3-2021.10.win32_1.0.0.202111181127/tools/bin/../lib/gcc/arm-none-eabi/10.3.1/../../../../arm-none-eabi/lib/thumb/v7e-m+fp/hard\libc_nano.a
LOAD c:/program files/stmicroelectronics/stm32cube/stm32cubeide_1.10.1/stm32cubeide/plugins/com.st.stm32cube.ide.mcu.externaltools.gnu-tools-for-stm32.10.3-2021.10.win32_1.0.0.202111181127/tools/bin/../lib/gcc/arm-none-eabi/10.3.1/../../../../arm-none-eabi/lib/thumb/v7e-m+fp/hard\libnosys.a
END GROUP
LOAD c:/program files/stmicroelectronics/stm32cube/stm32cubeide_1.10.1/stm32cubeide/plugins/com.st.stm32cube.ide.mcu.externaltools.gnu-tools-for-stm32.10.3-2021.10.win32_1.0.0.202111181127/tools/bin/../lib/gcc/arm-none-eabi/10.3.1/thumb/v7e-m+fp/hard/crtend.o
LOAD c:/program files/stmicroelectronics/stm32cube/stm32cubeide_1.10.1/stm32cubeide/plugins/com.st.stm32cube.ide.mcu.externaltools.gnu-tools-for-stm32.10.3-2021.10.win32_1.0.0.202111181127/tools/bin/../lib/gcc/arm-none-eabi/10.3.1/thumb/v7e-m+fp/hard/crtn.o
                0x0000000020018000                _estack = (ORIGIN (RAM) + LENGTH (RAM))
                0x0000000000000200                _Min_Heap_Size = 0x200
                0x0000000000000400                _Min_Stack_Size = 0x400

.isr_vector     0x0000000008000000      0x194
                0x0000000008000000                . = ALIGN (0x4)
 *(.isr_vector)
 .isr_vector    0x0000000008000000      0x194 ./Core/Startup/startup_stm32f401ceux.o
                0x0000000008000000                g_pfnVectors
                0x0000000008000194                . = ALIGN (0x4)

.text           0x00000000080001a0    0x127b8
                0x00000000080001a0                . = ALIGN (0x4)
 *(.text)
 .text          0x00000000080001a0       0x40 c:/program files/stmicroelectronics/stm32cube/stm32cubeide_1.10.1/stm32cubeide/plugins/com.st.stm32cube.ide.mcu.externaltools.gnu-tools-for-stm32.10.3-2021.10.win32_1.0.0.202111181127/tools/bin/../lib/gcc/arm-none-eabi/10.3.1/thumb/v7e-m+fp/hard/crtbegin.o
 .text          0x00000000080001e0       0xc0 C:\dev\jodelautomat-visualsystem\JAVS-STM32\Drivers\CMSIS\DSP_Drivers\Lib\GCC\libarm_cortexM4lf_math.a(arm_bitreversal2.o)
                0x00000000080001e0                arm_bitreversal_32
                0x000000000800024a                arm_bitreversal_16
 .text          0x00000000080002a0       0x10 c:/program files/stmicroelectronics/stm32cube/stm32cubeide_1.10.1/stm32cubeide/plugins/com.st.stm32cube.ide.mcu.externaltools.gnu-tools-for-stm32.10.3-2021.10.win32_1.0.0.202111181127/tools/bin/../lib/gcc/arm-none-eabi/10.3.1/../../../../arm-none-eabi/lib/thumb/v7e-m+fp/hard\libc_nano.a(lib_a-strlen.o)
                0x00000000080002a0                strlen
 .text          0x00000000080002b0       0xa0 c:/program files/stmicroelectronics/stm32cube/stm32cubeide_1.10.1/stm32cubeide/plugins/com.st.stm32cube.ide.mcu.externaltools.gnu-tools-for-stm32.10.3-2021.10.win32_1.0.0.202111181127/tools/bin/../lib/gcc/arm-none-eabi/10.3.1/../../../../arm-none-eabi/lib/thumb/v7e-m+fp/hard\libc_nano.a(lib_a-memchr.o)
                0x00000000080002b0                memchr
 .text          0x0000000008000350      0x378 c:/program files/stmicroelectronics/stm32cube/stm32cubeide_1.10.1/stm32cubeide/plugins/com.st.stm32cube.ide.mcu.externaltools.gnu-tools-for-stm32.10.3-2021.10.win32_1.0.0.202111181127/tools/bin/../lib/gcc/arm-none-eabi/10.3.1/thumb/v7e-m+fp/hard\libgcc.a(_arm_addsubdf3.o)
                0x0000000008000350                __aeabi_drsub
                0x0000000008000358                __aeabi_dsub
                0x0000000008000358                __subdf3
                0x000000000800035c                __aeabi_dadd
                0x000000000800035c                __adddf3
                0x00000000080005d4                __floatunsidf
                0x00000000080005d4                __aeabi_ui2d
                0x00000000080005f4                __floatsidf
                0x00000000080005f4                __aeabi_i2d
                0x0000000008000618                __aeabi_f2d
                0x0000000008000618                __extendsfdf2
                0x000000000800065c                __floatundidf
                0x000000000800065c                __aeabi_ul2d
                0x000000000800066c                __floatdidf
                0x000000000800066c                __aeabi_l2d
 .text          0x00000000080006c8      0x424 c:/program files/stmicroelectronics/stm32cube/stm32cubeide_1.10.1/stm32cubeide/plugins/com.st.stm32cube.ide.mcu.externaltools.gnu-tools-for-stm32.10.3-2021.10.win32_1.0.0.202111181127/tools/bin/../lib/gcc/arm-none-eabi/10.3.1/thumb/v7e-m+fp/hard\libgcc.a(_arm_muldivdf3.o)
                0x00000000080006c8                __aeabi_dmul
                0x00000000080006c8                __muldf3
                0x000000000800091c                __divdf3
                0x000000000800091c                __aeabi_ddiv
 .text          0x0000000008000aec      0x110 c:/program files/stmicroelectronics/stm32cube/stm32cubeide_1.10.1/stm32cubeide/plugins/com.st.stm32cube.ide.mcu.externaltools.gnu-tools-for-stm32.10.3-2021.10.win32_1.0.0.202111181127/tools/bin/../lib/gcc/arm-none-eabi/10.3.1/thumb/v7e-m+fp/hard\libgcc.a(_arm_cmpdf2.o)
                0x0000000008000aec                __gtdf2
                0x0000000008000aec                __gedf2
                0x0000000008000af4                __ltdf2
                0x0000000008000af4                __ledf2
                0x0000000008000afc                __nedf2
                0x0000000008000afc                __eqdf2
                0x0000000008000afc                __cmpdf2
                0x0000000008000b78                __aeabi_cdrcmple
                0x0000000008000b88                __aeabi_cdcmpeq
                0x0000000008000b88                __aeabi_cdcmple
                0x0000000008000b98                __aeabi_dcmpeq
                0x0000000008000bac                __aeabi_dcmplt
                0x0000000008000bc0                __aeabi_dcmple
                0x0000000008000bd4                __aeabi_dcmpge
                0x0000000008000be8                __aeabi_dcmpgt
 .text          0x0000000008000bfc       0x2c c:/program files/stmicroelectronics/stm32cube/stm32cubeide_1.10.1/stm32cubeide/plugins/com.st.stm32cube.ide.mcu.externaltools.gnu-tools-for-stm32.10.3-2021.10.win32_1.0.0.202111181127/tools/bin/../lib/gcc/arm-none-eabi/10.3.1/thumb/v7e-m+fp/hard\libgcc.a(_arm_unorddf2.o)
                0x0000000008000bfc                __unorddf2
                0x0000000008000bfc                __aeabi_dcmpun
 .text          0x0000000008000c28       0x50 c:/program files/stmicroelectronics/stm32cube/stm32cubeide_1.10.1/stm32cubeide/plugins/com.st.stm32cube.ide.mcu.externaltools.gnu-tools-for-stm32.10.3-2021.10.win32_1.0.0.202111181127/tools/bin/../lib/gcc/arm-none-eabi/10.3.1/thumb/v7e-m+fp/hard\libgcc.a(_arm_fixdfsi.o)
                0x0000000008000c28                __aeabi_d2iz
                0x0000000008000c28                __fixdfsi
 .text          0x0000000008000c78       0x30 c:/program files/stmicroelectronics/stm32cube/stm32cubeide_1.10.1/stm32cubeide/plugins/com.st.stm32cube.ide.mcu.externaltools.gnu-tools-for-stm32.10.3-2021.10.win32_1.0.0.202111181127/tools/bin/../lib/gcc/arm-none-eabi/10.3.1/thumb/v7e-m+fp/hard\libgcc.a(_aeabi_uldivmod.o)
                0x0000000008000c78                __aeabi_uldivmod
 .text          0x0000000008000ca8      0x2d0 c:/program files/stmicroelectronics/stm32cube/stm32cubeide_1.10.1/stm32cubeide/plugins/com.st.stm32cube.ide.mcu.externaltools.gnu-tools-for-stm32.10.3-2021.10.win32_1.0.0.202111181127/tools/bin/../lib/gcc/arm-none-eabi/10.3.1/thumb/v7e-m+fp/hard\libgcc.a(_udivmoddi4.o)
                0x0000000008000ca8                __udivmoddi4
 .text          0x0000000008000f78        0x4 c:/program files/stmicroelectronics/stm32cube/stm32cubeide_1.10.1/stm32cubeide/plugins/com.st.stm32cube.ide.mcu.externaltools.gnu-tools-for-stm32.10.3-2021.10.win32_1.0.0.202111181127/tools/bin/../lib/gcc/arm-none-eabi/10.3.1/thumb/v7e-m+fp/hard\libgcc.a(_dvmd_tls.o)
                0x0000000008000f78                __aeabi_idiv0
                0x0000000008000f78                __aeabi_ldiv0
 *(.text*)
 .text.LEDMenu_Init
                0x0000000008000f7c       0x7c ./Core/Src/LEDConfigMenu.o
                0x0000000008000f7c                LEDMenu_Init
 .text.LEDMenu_UpdateState
                0x0000000008000ff8      0x2a8 ./Core/Src/LEDConfigMenu.o
                0x0000000008000ff8                LEDMenu_UpdateState
 .text.LEDMenu_UpdateDisplay
                0x00000000080012a0      0x330 ./Core/Src/LEDConfigMenu.o
                0x00000000080012a0                LEDMenu_UpdateDisplay
 .text.LEDStrips_Update_StripColorCounter
                0x00000000080015d0       0x38 ./Core/Src/LEDConfigMenu.o
 .text.LEDStrips_Init
                0x0000000008001608       0x68 ./Core/Src/LEDConfigMenu.o
                0x0000000008001608                LEDStrips_Init
 .text.LEDStrips_Update
                0x0000000008001670       0xb8 ./Core/Src/LEDConfigMenu.o
                0x0000000008001670                LEDStrips_Update
 .text.MX_ADC1_Init
                0x0000000008001728       0xa4 ./Core/Src/adc.o
                0x0000000008001728                MX_ADC1_Init
 .text.HAL_ADC_MspInit
                0x00000000080017cc       0xf0 ./Core/Src/adc.o
                0x00000000080017cc                HAL_ADC_MspInit
 .text.MX_DMA_Init
                0x00000000080018bc       0x50 ./Core/Src/dma.o
                0x00000000080018bc                MX_DMA_Init
 .text.MX_GPIO_Init
                0x000000000800190c      0x148 ./Core/Src/gpio.o
                0x000000000800190c                MX_GPIO_Init
 .text.MX_I2C1_Init
                0x0000000008001a54       0x5c ./Core/Src/i2c.o
                0x0000000008001a54                MX_I2C1_Init
 .text.HAL_I2C_MspInit
                0x0000000008001ab0       0xa0 ./Core/Src/i2c.o
                0x0000000008001ab0                HAL_I2C_MspInit
 .text.USB_PrintDebugForce
                0x0000000008001b50       0x6c ./Core/Src/main.o
                0x0000000008001b50                USB_PrintDebugForce
 .text.USB_PrintDebug
                0x0000000008001bbc       0x90 ./Core/Src/main.o
                0x0000000008001bbc                USB_PrintDebug
 .text.main     0x0000000008001c4c      0x408 ./Core/Src/main.o
                0x0000000008001c4c                main
 .text.SystemClock_Config
                0x0000000008002054       0xd8 ./Core/Src/main.o
                0x0000000008002054                SystemClock_Config
 .text.IRQ_TIM11
                0x000000000800212c      0x1d0 ./Core/Src/main.o
                0x000000000800212c                IRQ_TIM11
 .text.TransformFFTData
                0x00000000080022fc       0x70 ./Core/Src/main.o
 .text.HAL_ADC_ConvCpltCallback
                0x000000000800236c       0x54 ./Core/Src/main.o
                0x000000000800236c                HAL_ADC_ConvCpltCallback
 .text.HAL_ADC_ConvHalfCpltCallback
                0x00000000080023c0       0x54 ./Core/Src/main.o
                0x00000000080023c0                HAL_ADC_ConvHalfCpltCallback
 .text.Buttons_ResetFlags
                0x0000000008002414       0x24 ./Core/Src/main.o
                0x0000000008002414                Buttons_ResetFlags
 .text.Error_Handler
                0x0000000008002438        0xa ./Core/Src/main.o
                0x0000000008002438                Error_Handler
 *fill*         0x0000000008002442        0x2 
 .text.HAL_MspInit
                0x0000000008002444       0x50 ./Core/Src/stm32f4xx_hal_msp.o
                0x0000000008002444                HAL_MspInit
 .text.NMI_Handler
                0x0000000008002494        0x6 ./Core/Src/stm32f4xx_it.o
                0x0000000008002494                NMI_Handler
 .text.HardFault_Handler
                0x000000000800249a        0x6 ./Core/Src/stm32f4xx_it.o
                0x000000000800249a                HardFault_Handler
 .text.MemManage_Handler
                0x00000000080024a0        0x6 ./Core/Src/stm32f4xx_it.o
                0x00000000080024a0                MemManage_Handler
 .text.BusFault_Handler
                0x00000000080024a6        0x6 ./Core/Src/stm32f4xx_it.o
                0x00000000080024a6                BusFault_Handler
 .text.UsageFault_Handler
                0x00000000080024ac        0x6 ./Core/Src/stm32f4xx_it.o
                0x00000000080024ac                UsageFault_Handler
 .text.SVC_Handler
                0x00000000080024b2        0xe ./Core/Src/stm32f4xx_it.o
                0x00000000080024b2                SVC_Handler
 .text.DebugMon_Handler
                0x00000000080024c0        0xe ./Core/Src/stm32f4xx_it.o
                0x00000000080024c0                DebugMon_Handler
 .text.PendSV_Handler
                0x00000000080024ce        0xe ./Core/Src/stm32f4xx_it.o
                0x00000000080024ce                PendSV_Handler
 .text.SysTick_Handler
                0x00000000080024dc        0xc ./Core/Src/stm32f4xx_it.o
                0x00000000080024dc                SysTick_Handler
 .text.TIM1_TRG_COM_TIM11_IRQHandler
                0x00000000080024e8       0x18 ./Core/Src/stm32f4xx_it.o
                0x00000000080024e8                TIM1_TRG_COM_TIM11_IRQHandler
 .text.I2C1_EV_IRQHandler
                0x0000000008002500       0x14 ./Core/Src/stm32f4xx_it.o
                0x0000000008002500                I2C1_EV_IRQHandler
 .text.USART1_IRQHandler
                0x0000000008002514       0x14 ./Core/Src/stm32f4xx_it.o
                0x0000000008002514                USART1_IRQHandler
 .text.DMA2_Stream0_IRQHandler
                0x0000000008002528       0x14 ./Core/Src/stm32f4xx_it.o
                0x0000000008002528                DMA2_Stream0_IRQHandler
 .text.OTG_FS_IRQHandler
                0x000000000800253c       0x14 ./Core/Src/stm32f4xx_it.o
                0x000000000800253c                OTG_FS_IRQHandler
 .text.DMA2_Stream7_IRQHandler
                0x0000000008002550       0x14 ./Core/Src/stm32f4xx_it.o
                0x0000000008002550                DMA2_Stream7_IRQHandler
 .text._getpid  0x0000000008002564       0x10 ./Core/Src/syscalls.o
                0x0000000008002564                _getpid
 .text._kill    0x0000000008002574       0x20 ./Core/Src/syscalls.o
                0x0000000008002574                _kill
 .text._exit    0x0000000008002594       0x14 ./Core/Src/syscalls.o
                0x0000000008002594                _exit
 .text._read    0x00000000080025a8       0x3a ./Core/Src/syscalls.o
                0x00000000080025a8                _read
 .text._write   0x00000000080025e2       0x38 ./Core/Src/syscalls.o
                0x00000000080025e2                _write
 .text._close   0x000000000800261a       0x18 ./Core/Src/syscalls.o
                0x000000000800261a                _close
 .text._fstat   0x0000000008002632       0x20 ./Core/Src/syscalls.o
                0x0000000008002632                _fstat
 .text._isatty  0x0000000008002652       0x16 ./Core/Src/syscalls.o
                0x0000000008002652                _isatty
 .text._lseek   0x0000000008002668       0x1a ./Core/Src/syscalls.o
                0x0000000008002668                _lseek
 *fill*         0x0000000008002682        0x2 
 .text._sbrk    0x0000000008002684       0x6c ./Core/Src/sysmem.o
                0x0000000008002684                _sbrk
 .text.SystemInit
                0x00000000080026f0       0x24 ./Core/Src/system_stm32f4xx.o
                0x00000000080026f0                SystemInit
 .text.MX_TIM2_Init
                0x0000000008002714      0x118 ./Core/Src/tim.o
                0x0000000008002714                MX_TIM2_Init
 .text.MX_TIM3_Init
                0x000000000800282c      0x130 ./Core/Src/tim.o
                0x000000000800282c                MX_TIM3_Init
 .text.MX_TIM4_Init
                0x000000000800295c       0xc8 ./Core/Src/tim.o
                0x000000000800295c                MX_TIM4_Init
 .text.MX_TIM11_Init
                0x0000000008002a24       0x48 ./Core/Src/tim.o
                0x0000000008002a24                MX_TIM11_Init
 .text.HAL_TIM_Base_MspInit
                0x0000000008002a6c       0xa4 ./Core/Src/tim.o
                0x0000000008002a6c                HAL_TIM_Base_MspInit
 .text.HAL_TIM_PWM_MspInit
                0x0000000008002b10       0x44 ./Core/Src/tim.o
                0x0000000008002b10                HAL_TIM_PWM_MspInit
 .text.HAL_TIM_MspPostInit
                0x0000000008002b54      0x14c ./Core/Src/tim.o
                0x0000000008002b54                HAL_TIM_MspPostInit
 .text.MX_USART1_UART_Init
                0x0000000008002ca0       0x54 ./Core/Src/usart.o
                0x0000000008002ca0                MX_USART1_UART_Init
 .text.HAL_UART_MspInit
                0x0000000008002cf4      0x104 ./Core/Src/usart.o
                0x0000000008002cf4                HAL_UART_MspInit
 .text.Reset_Handler
                0x0000000008002df8       0x50 ./Core/Startup/startup_stm32f401ceux.o
                0x0000000008002df8                Reset_Handler
 .text.Default_Handler
                0x0000000008002e48        0x2 ./Core/Startup/startup_stm32f401ceux.o
                0x0000000008002e48                RTC_Alarm_IRQHandler
                0x0000000008002e48                EXTI2_IRQHandler
                0x0000000008002e48                SPI4_IRQHandler
                0x0000000008002e48                TIM1_CC_IRQHandler
                0x0000000008002e48                DMA2_Stream5_IRQHandler
                0x0000000008002e48                DMA1_Stream5_IRQHandler
                0x0000000008002e48                PVD_IRQHandler
                0x0000000008002e48                SDIO_IRQHandler
                0x0000000008002e48                TAMP_STAMP_IRQHandler
                0x0000000008002e48                EXTI3_IRQHandler
                0x0000000008002e48                TIM1_UP_TIM10_IRQHandler
                0x0000000008002e48                I2C3_ER_IRQHandler
                0x0000000008002e48                EXTI0_IRQHandler
                0x0000000008002e48                I2C2_EV_IRQHandler
                0x0000000008002e48                DMA1_Stream2_IRQHandler
                0x0000000008002e48                FPU_IRQHandler
                0x0000000008002e48                DMA2_Stream2_IRQHandler
                0x0000000008002e48                SPI1_IRQHandler
                0x0000000008002e48                TIM1_BRK_TIM9_IRQHandler
                0x0000000008002e48                DMA2_Stream3_IRQHandler
                0x0000000008002e48                USART6_IRQHandler
                0x0000000008002e48                TIM4_IRQHandler
                0x0000000008002e48                DMA1_Stream6_IRQHandler
                0x0000000008002e48                DMA1_Stream1_IRQHandler
                0x0000000008002e48                TIM3_IRQHandler
                0x0000000008002e48                RCC_IRQHandler
                0x0000000008002e48                Default_Handler
                0x0000000008002e48                EXTI15_10_IRQHandler
                0x0000000008002e48                ADC_IRQHandler
                0x0000000008002e48                DMA1_Stream7_IRQHandler
                0x0000000008002e48                TIM5_IRQHandler
                0x0000000008002e48                I2C3_EV_IRQHandler
                0x0000000008002e48                EXTI9_5_IRQHandler
                0x0000000008002e48                RTC_WKUP_IRQHandler
                0x0000000008002e48                SPI2_IRQHandler
                0x0000000008002e48                DMA1_Stream0_IRQHandler
                0x0000000008002e48                EXTI4_IRQHandler
                0x0000000008002e48                WWDG_IRQHandler
                0x0000000008002e48                TIM2_IRQHandler
                0x0000000008002e48                OTG_FS_WKUP_IRQHandler
                0x0000000008002e48                EXTI1_IRQHandler
                0x0000000008002e48                USART2_IRQHandler
                0x0000000008002e48                I2C2_ER_IRQHandler
                0x0000000008002e48                DMA2_Stream1_IRQHandler
                0x0000000008002e48                FLASH_IRQHandler
                0x0000000008002e48                DMA2_Stream4_IRQHandler
                0x0000000008002e48                SPI3_IRQHandler
                0x0000000008002e48                DMA1_Stream4_IRQHandler
                0x0000000008002e48                I2C1_ER_IRQHandler
                0x0000000008002e48                DMA2_Stream6_IRQHandler
                0x0000000008002e48                DMA1_Stream3_IRQHandler
 *fill*         0x0000000008002e4a        0x2 
 .text.LCDSet4BitOperation
                0x0000000008002e4c       0x80 ./Drivers/LCD_PCF8574/Src/LCD_PCF8574.o
 .text.SendLCDData
                0x0000000008002ecc       0xdc ./Drivers/LCD_PCF8574/Src/LCD_PCF8574.o
 .text.SendLCDDataMultiple
                0x0000000008002fa8      0x168 ./Drivers/LCD_PCF8574/Src/LCD_PCF8574.o
 .text.SendLCDInstruction
                0x0000000008003110       0x20 ./Drivers/LCD_PCF8574/Src/LCD_PCF8574.o
 .text.SendLCDDisplayData
                0x0000000008003130       0x20 ./Drivers/LCD_PCF8574/Src/LCD_PCF8574.o
 .text.SendLCDDisplayCursorBlinkUpdate
                0x0000000008003150       0x50 ./Drivers/LCD_PCF8574/Src/LCD_PCF8574.o
 .text.LCD_Init
                0x00000000080031a0       0x68 ./Drivers/LCD_PCF8574/Src/LCD_PCF8574.o
                0x00000000080031a0                LCD_Init
 .text.LCD_DisplayString1
                0x0000000008003208       0x26 ./Drivers/LCD_PCF8574/Src/LCD_PCF8574.o
                0x0000000008003208                LCD_DisplayString1
 .text.LCD_DisplayString2
                0x000000000800322e       0x3c ./Drivers/LCD_PCF8574/Src/LCD_PCF8574.o
                0x000000000800322e                LCD_DisplayString2
 .text.LCD_DisplayStringLineCentered1
                0x000000000800326a       0x60 ./Drivers/LCD_PCF8574/Src/LCD_PCF8574.o
                0x000000000800326a                LCD_DisplayStringLineCentered1
 .text.LCD_DisplayStringLineCentered2
                0x00000000080032ca       0x40 ./Drivers/LCD_PCF8574/Src/LCD_PCF8574.o
                0x00000000080032ca                LCD_DisplayStringLineCentered2
 .text.LCD_SetCursor
                0x000000000800330a       0x9e ./Drivers/LCD_PCF8574/Src/LCD_PCF8574.o
                0x000000000800330a                LCD_SetCursor
 .text.LCD_Clear
                0x00000000080033a8       0x1e ./Drivers/LCD_PCF8574/Src/LCD_PCF8574.o
                0x00000000080033a8                LCD_Clear
 .text.LCD_CursorOff
                0x00000000080033c6       0x24 ./Drivers/LCD_PCF8574/Src/LCD_PCF8574.o
                0x00000000080033c6                LCD_CursorOff
 .text.LCD_BacklightOn
                0x00000000080033ea       0x24 ./Drivers/LCD_PCF8574/Src/LCD_PCF8574.o
                0x00000000080033ea                LCD_BacklightOn
 .text.LCD_BacklightOff
                0x000000000800340e       0x24 ./Drivers/LCD_PCF8574/Src/LCD_PCF8574.o
                0x000000000800340e                LCD_BacklightOff
 *fill*         0x0000000008003432        0x2 
 .text.HAL_Init
                0x0000000008003434       0x44 ./Drivers/STM32F4xx_HAL_Driver/Src/stm32f4xx_hal.o
                0x0000000008003434                HAL_Init
 .text.HAL_InitTick
                0x0000000008003478       0x60 ./Drivers/STM32F4xx_HAL_Driver/Src/stm32f4xx_hal.o
                0x0000000008003478                HAL_InitTick
 .text.HAL_IncTick
                0x00000000080034d8       0x28 ./Drivers/STM32F4xx_HAL_Driver/Src/stm32f4xx_hal.o
                0x00000000080034d8                HAL_IncTick
 .text.HAL_GetTick
                0x0000000008003500       0x18 ./Drivers/STM32F4xx_HAL_Driver/Src/stm32f4xx_hal.o
                0x0000000008003500                HAL_GetTick
 .text.HAL_Delay
                0x0000000008003518       0x48 ./Drivers/STM32F4xx_HAL_Driver/Src/stm32f4xx_hal.o
                0x0000000008003518                HAL_Delay
 .text.HAL_ADC_Init
                0x0000000008003560       0x86 ./Drivers/STM32F4xx_HAL_Driver/Src/stm32f4xx_hal_adc.o
                0x0000000008003560                HAL_ADC_Init
 *fill*         0x00000000080035e6        0x2 
 .text.HAL_ADC_Start_DMA
                0x00000000080035e8      0x1e0 ./Drivers/STM32F4xx_HAL_Driver/Src/stm32f4xx_hal_adc.o
                0x00000000080035e8                HAL_ADC_Start_DMA
 .text.HAL_ADC_ErrorCallback
                0x00000000080037c8       0x14 ./Drivers/STM32F4xx_HAL_Driver/Src/stm32f4xx_hal_adc.o
                0x00000000080037c8                HAL_ADC_ErrorCallback
 .text.HAL_ADC_ConfigChannel
                0x00000000080037dc      0x244 ./Drivers/STM32F4xx_HAL_Driver/Src/stm32f4xx_hal_adc.o
                0x00000000080037dc                HAL_ADC_ConfigChannel
 .text.ADC_Init
                0x0000000008003a20      0x1f8 ./Drivers/STM32F4xx_HAL_Driver/Src/stm32f4xx_hal_adc.o
 .text.ADC_DMAConvCplt
                0x0000000008003c18       0xba ./Drivers/STM32F4xx_HAL_Driver/Src/stm32f4xx_hal_adc.o
 .text.ADC_DMAHalfConvCplt
                0x0000000008003cd2       0x1c ./Drivers/STM32F4xx_HAL_Driver/Src/stm32f4xx_hal_adc.o
 .text.ADC_DMAError
                0x0000000008003cee       0x2e ./Drivers/STM32F4xx_HAL_Driver/Src/stm32f4xx_hal_adc.o
 .text.__NVIC_SetPriorityGrouping
                0x0000000008003d1c       0x48 ./Drivers/STM32F4xx_HAL_Driver/Src/stm32f4xx_hal_cortex.o
 .text.__NVIC_GetPriorityGrouping
                0x0000000008003d64       0x1c ./Drivers/STM32F4xx_HAL_Driver/Src/stm32f4xx_hal_cortex.o
 .text.__NVIC_EnableIRQ
                0x0000000008003d80       0x3c ./Drivers/STM32F4xx_HAL_Driver/Src/stm32f4xx_hal_cortex.o
 .text.__NVIC_SetPriority
                0x0000000008003dbc       0x54 ./Drivers/STM32F4xx_HAL_Driver/Src/stm32f4xx_hal_cortex.o
 .text.NVIC_EncodePriority
                0x0000000008003e10       0x66 ./Drivers/STM32F4xx_HAL_Driver/Src/stm32f4xx_hal_cortex.o
 *fill*         0x0000000008003e76        0x2 
 .text.SysTick_Config
                0x0000000008003e78       0x44 ./Drivers/STM32F4xx_HAL_Driver/Src/stm32f4xx_hal_cortex.o
 .text.HAL_NVIC_SetPriorityGrouping
                0x0000000008003ebc       0x16 ./Drivers/STM32F4xx_HAL_Driver/Src/stm32f4xx_hal_cortex.o
                0x0000000008003ebc                HAL_NVIC_SetPriorityGrouping
 .text.HAL_NVIC_SetPriority
                0x0000000008003ed2       0x38 ./Drivers/STM32F4xx_HAL_Driver/Src/stm32f4xx_hal_cortex.o
                0x0000000008003ed2                HAL_NVIC_SetPriority
 .text.HAL_NVIC_EnableIRQ
                0x0000000008003f0a       0x1c ./Drivers/STM32F4xx_HAL_Driver/Src/stm32f4xx_hal_cortex.o
                0x0000000008003f0a                HAL_NVIC_EnableIRQ
 .text.HAL_SYSTICK_Config
                0x0000000008003f26       0x18 ./Drivers/STM32F4xx_HAL_Driver/Src/stm32f4xx_hal_cortex.o
                0x0000000008003f26                HAL_SYSTICK_Config
 *fill*         0x0000000008003f3e        0x2 
 .text.HAL_DMA_Init
                0x0000000008003f40      0x15c ./Drivers/STM32F4xx_HAL_Driver/Src/stm32f4xx_hal_dma.o
                0x0000000008003f40                HAL_DMA_Init
 .text.HAL_DMA_Start_IT
                0x000000000800409c       0xb0 ./Drivers/STM32F4xx_HAL_Driver/Src/stm32f4xx_hal_dma.o
                0x000000000800409c                HAL_DMA_Start_IT
 .text.HAL_DMA_Abort
                0x000000000800414c       0xe0 ./Drivers/STM32F4xx_HAL_Driver/Src/stm32f4xx_hal_dma.o
                0x000000000800414c                HAL_DMA_Abort
 .text.HAL_DMA_Abort_IT
                0x000000000800422c       0x44 ./Drivers/STM32F4xx_HAL_Driver/Src/stm32f4xx_hal_dma.o
                0x000000000800422c                HAL_DMA_Abort_IT
 .text.HAL_DMA_IRQHandler
                0x0000000008004270      0x314 ./Drivers/STM32F4xx_HAL_Driver/Src/stm32f4xx_hal_dma.o
                0x0000000008004270                HAL_DMA_IRQHandler
 .text.HAL_DMA_GetState
                0x0000000008004584       0x1c ./Drivers/STM32F4xx_HAL_Driver/Src/stm32f4xx_hal_dma.o
                0x0000000008004584                HAL_DMA_GetState
 .text.DMA_SetConfig
                0x00000000080045a0       0x5c ./Drivers/STM32F4xx_HAL_Driver/Src/stm32f4xx_hal_dma.o
 .text.DMA_CalcBaseAndBitshift
                0x00000000080045fc       0x6c ./Drivers/STM32F4xx_HAL_Driver/Src/stm32f4xx_hal_dma.o
 .text.DMA_CheckFifoParam
                0x0000000008004668       0xf8 ./Drivers/STM32F4xx_HAL_Driver/Src/stm32f4xx_hal_dma.o
 .text.HAL_GPIO_Init
                0x0000000008004760      0x308 ./Drivers/STM32F4xx_HAL_Driver/Src/stm32f4xx_hal_gpio.o
                0x0000000008004760                HAL_GPIO_Init
 .text.HAL_GPIO_ReadPin
                0x0000000008004a68       0x30 ./Drivers/STM32F4xx_HAL_Driver/Src/stm32f4xx_hal_gpio.o
                0x0000000008004a68                HAL_GPIO_ReadPin
 .text.HAL_GPIO_WritePin
                0x0000000008004a98       0x32 ./Drivers/STM32F4xx_HAL_Driver/Src/stm32f4xx_hal_gpio.o
                0x0000000008004a98                HAL_GPIO_WritePin
 *fill*         0x0000000008004aca        0x2 
 .text.HAL_I2C_Init
                0x0000000008004acc      0x288 ./Drivers/STM32F4xx_HAL_Driver/Src/stm32f4xx_hal_i2c.o
                0x0000000008004acc                HAL_I2C_Init
 .text.HAL_I2C_Master_Transmit
                0x0000000008004d54      0x1fc ./Drivers/STM32F4xx_HAL_Driver/Src/stm32f4xx_hal_i2c.o
                0x0000000008004d54                HAL_I2C_Master_Transmit
 .text.HAL_I2C_EV_IRQHandler
                0x0000000008004f50      0x2e2 ./Drivers/STM32F4xx_HAL_Driver/Src/stm32f4xx_hal_i2c.o
                0x0000000008004f50                HAL_I2C_EV_IRQHandler
 .text.HAL_I2C_MasterTxCpltCallback
                0x0000000008005232       0x14 ./Drivers/STM32F4xx_HAL_Driver/Src/stm32f4xx_hal_i2c.o
                0x0000000008005232                HAL_I2C_MasterTxCpltCallback
 .text.HAL_I2C_MasterRxCpltCallback
                0x0000000008005246       0x14 ./Drivers/STM32F4xx_HAL_Driver/Src/stm32f4xx_hal_i2c.o
                0x0000000008005246                HAL_I2C_MasterRxCpltCallback
 .text.HAL_I2C_SlaveTxCpltCallback
                0x000000000800525a       0x14 ./Drivers/STM32F4xx_HAL_Driver/Src/stm32f4xx_hal_i2c.o
                0x000000000800525a                HAL_I2C_SlaveTxCpltCallback
 .text.HAL_I2C_SlaveRxCpltCallback
                0x000000000800526e       0x14 ./Drivers/STM32F4xx_HAL_Driver/Src/stm32f4xx_hal_i2c.o
                0x000000000800526e                HAL_I2C_SlaveRxCpltCallback
 .text.HAL_I2C_AddrCallback
                0x0000000008005282       0x1c ./Drivers/STM32F4xx_HAL_Driver/Src/stm32f4xx_hal_i2c.o
                0x0000000008005282                HAL_I2C_AddrCallback
 .text.HAL_I2C_ListenCpltCallback
                0x000000000800529e       0x14 ./Drivers/STM32F4xx_HAL_Driver/Src/stm32f4xx_hal_i2c.o
                0x000000000800529e                HAL_I2C_ListenCpltCallback
 .text.HAL_I2C_MemTxCpltCallback
                0x00000000080052b2       0x14 ./Drivers/STM32F4xx_HAL_Driver/Src/stm32f4xx_hal_i2c.o
                0x00000000080052b2                HAL_I2C_MemTxCpltCallback
 .text.HAL_I2C_MemRxCpltCallback
                0x00000000080052c6       0x14 ./Drivers/STM32F4xx_HAL_Driver/Src/stm32f4xx_hal_i2c.o
                0x00000000080052c6                HAL_I2C_MemRxCpltCallback
 .text.HAL_I2C_ErrorCallback
                0x00000000080052da       0x14 ./Drivers/STM32F4xx_HAL_Driver/Src/stm32f4xx_hal_i2c.o
                0x00000000080052da                HAL_I2C_ErrorCallback
 .text.HAL_I2C_AbortCpltCallback
                0x00000000080052ee       0x14 ./Drivers/STM32F4xx_HAL_Driver/Src/stm32f4xx_hal_i2c.o
                0x00000000080052ee                HAL_I2C_AbortCpltCallback
 .text.I2C_MasterTransmit_TXE
                0x0000000008005302      0x138 ./Drivers/STM32F4xx_HAL_Driver/Src/stm32f4xx_hal_i2c.o
 .text.I2C_MasterTransmit_BTF
                0x000000000800543a       0xec ./Drivers/STM32F4xx_HAL_Driver/Src/stm32f4xx_hal_i2c.o
 .text.I2C_MemoryTransmit_TXE_BTF
                0x0000000008005526      0x128 ./Drivers/STM32F4xx_HAL_Driver/Src/stm32f4xx_hal_i2c.o
 .text.I2C_MasterReceive_RXNE
                0x000000000800564e      0x176 ./Drivers/STM32F4xx_HAL_Driver/Src/stm32f4xx_hal_i2c.o
 .text.I2C_MasterReceive_BTF
                0x00000000080057c4      0x1d4 ./Drivers/STM32F4xx_HAL_Driver/Src/stm32f4xx_hal_i2c.o
 .text.I2C_Master_SB
                0x0000000008005998      0x10c ./Drivers/STM32F4xx_HAL_Driver/Src/stm32f4xx_hal_i2c.o
 .text.I2C_Master_ADD10
                0x0000000008005aa4       0x54 ./Drivers/STM32F4xx_HAL_Driver/Src/stm32f4xx_hal_i2c.o
 .text.I2C_Master_ADDR
                0x0000000008005af8      0x322 ./Drivers/STM32F4xx_HAL_Driver/Src/stm32f4xx_hal_i2c.o
 .text.I2C_SlaveTransmit_TXE
                0x0000000008005e1a       0x7a ./Drivers/STM32F4xx_HAL_Driver/Src/stm32f4xx_hal_i2c.o
 .text.I2C_SlaveTransmit_BTF
                0x0000000008005e94       0x42 ./Drivers/STM32F4xx_HAL_Driver/Src/stm32f4xx_hal_i2c.o
 .text.I2C_SlaveReceive_RXNE
                0x0000000008005ed6       0x7c ./Drivers/STM32F4xx_HAL_Driver/Src/stm32f4xx_hal_i2c.o
 .text.I2C_SlaveReceive_BTF
                0x0000000008005f52       0x44 ./Drivers/STM32F4xx_HAL_Driver/Src/stm32f4xx_hal_i2c.o
 .text.I2C_Slave_ADDR
                0x0000000008005f96       0x94 ./Drivers/STM32F4xx_HAL_Driver/Src/stm32f4xx_hal_i2c.o
 *fill*         0x000000000800602a        0x2 
 .text.I2C_Slave_STOPF
                0x000000000800602c      0x260 ./Drivers/STM32F4xx_HAL_Driver/Src/stm32f4xx_hal_i2c.o
 .text.I2C_ITError
                0x000000000800628c      0x264 ./Drivers/STM32F4xx_HAL_Driver/Src/stm32f4xx_hal_i2c.o
 .text.I2C_MasterRequestWrite
                0x00000000080064f0      0x104 ./Drivers/STM32F4xx_HAL_Driver/Src/stm32f4xx_hal_i2c.o
 .text.I2C_DMAAbort
                0x00000000080065f4      0x150 ./Drivers/STM32F4xx_HAL_Driver/Src/stm32f4xx_hal_i2c.o
 .text.I2C_WaitOnFlagUntilTimeout
                0x0000000008006744       0xae ./Drivers/STM32F4xx_HAL_Driver/Src/stm32f4xx_hal_i2c.o
 .text.I2C_WaitOnMasterAddressFlagUntilTimeout
                0x00000000080067f2       0xfe ./Drivers/STM32F4xx_HAL_Driver/Src/stm32f4xx_hal_i2c.o
 .text.I2C_WaitOnTXEFlagUntilTimeout
                0x00000000080068f0       0x82 ./Drivers/STM32F4xx_HAL_Driver/Src/stm32f4xx_hal_i2c.o
 .text.I2C_WaitOnBTFFlagUntilTimeout
                0x0000000008006972       0x82 ./Drivers/STM32F4xx_HAL_Driver/Src/stm32f4xx_hal_i2c.o
 .text.I2C_WaitOnSTOPRequestThroughIT
                0x00000000080069f4       0x64 ./Drivers/STM32F4xx_HAL_Driver/Src/stm32f4xx_hal_i2c.o
 .text.I2C_IsAcknowledgeFailed
                0x0000000008006a58       0x5e ./Drivers/STM32F4xx_HAL_Driver/Src/stm32f4xx_hal_i2c.o
 .text.I2C_ConvertOtherXferOptions
                0x0000000008006ab6       0x36 ./Drivers/STM32F4xx_HAL_Driver/Src/stm32f4xx_hal_i2c.o
 .text.HAL_PCD_Init
                0x0000000008006aec      0x23a ./Drivers/STM32F4xx_HAL_Driver/Src/stm32f4xx_hal_pcd.o
                0x0000000008006aec                HAL_PCD_Init
 .text.HAL_PCD_Start
                0x0000000008006d26       0x66 ./Drivers/STM32F4xx_HAL_Driver/Src/stm32f4xx_hal_pcd.o
                0x0000000008006d26                HAL_PCD_Start
 .text.HAL_PCD_IRQHandler
                0x0000000008006d8c      0x93e ./Drivers/STM32F4xx_HAL_Driver/Src/stm32f4xx_hal_pcd.o
                0x0000000008006d8c                HAL_PCD_IRQHandler
 .text.HAL_PCD_SetAddress
                0x00000000080076ca       0x4a ./Drivers/STM32F4xx_HAL_Driver/Src/stm32f4xx_hal_pcd.o
                0x00000000080076ca                HAL_PCD_SetAddress
 .text.HAL_PCD_EP_Open
                0x0000000008007714       0xd0 ./Drivers/STM32F4xx_HAL_Driver/Src/stm32f4xx_hal_pcd.o
                0x0000000008007714                HAL_PCD_EP_Open
 .text.HAL_PCD_EP_Close
                0x00000000080077e4       0x94 ./Drivers/STM32F4xx_HAL_Driver/Src/stm32f4xx_hal_pcd.o
                0x00000000080077e4                HAL_PCD_EP_Close
 .text.HAL_PCD_EP_Receive
                0x0000000008007878       0x96 ./Drivers/STM32F4xx_HAL_Driver/Src/stm32f4xx_hal_pcd.o
                0x0000000008007878                HAL_PCD_EP_Receive
 .text.HAL_PCD_EP_GetRxCount
                0x000000000800790e       0x30 ./Drivers/STM32F4xx_HAL_Driver/Src/stm32f4xx_hal_pcd.o
                0x000000000800790e                HAL_PCD_EP_GetRxCount
 .text.HAL_PCD_EP_Transmit
                0x000000000800793e       0x94 ./Drivers/STM32F4xx_HAL_Driver/Src/stm32f4xx_hal_pcd.o
                0x000000000800793e                HAL_PCD_EP_Transmit
 .text.HAL_PCD_EP_SetStall
                0x00000000080079d2       0xc8 ./Drivers/STM32F4xx_HAL_Driver/Src/stm32f4xx_hal_pcd.o
                0x00000000080079d2                HAL_PCD_EP_SetStall
 .text.HAL_PCD_EP_ClrStall
                0x0000000008007a9a       0xac ./Drivers/STM32F4xx_HAL_Driver/Src/stm32f4xx_hal_pcd.o
                0x0000000008007a9a                HAL_PCD_EP_ClrStall
 .text.HAL_PCD_EP_Abort
                0x0000000008007b46       0x62 ./Drivers/STM32F4xx_HAL_Driver/Src/stm32f4xx_hal_pcd.o
                0x0000000008007b46                HAL_PCD_EP_Abort
 .text.PCD_WriteEmptyTxFifo
                0x0000000008007ba8      0x11a ./Drivers/STM32F4xx_HAL_Driver/Src/stm32f4xx_hal_pcd.o
 *fill*         0x0000000008007cc2        0x2 
 .text.PCD_EP_OutXfrComplete_int
                0x0000000008007cc4      0x1d0 ./Drivers/STM32F4xx_HAL_Driver/Src/stm32f4xx_hal_pcd.o
 .text.PCD_EP_OutSetupPacket_int
                0x0000000008007e94       0x8c ./Drivers/STM32F4xx_HAL_Driver/Src/stm32f4xx_hal_pcd.o
 .text.HAL_PCDEx_SetTxFiFo
                0x0000000008007f20       0x8e ./Drivers/STM32F4xx_HAL_Driver/Src/stm32f4xx_hal_pcd_ex.o
                0x0000000008007f20                HAL_PCDEx_SetTxFiFo
 .text.HAL_PCDEx_SetRxFiFo
                0x0000000008007fae       0x22 ./Drivers/STM32F4xx_HAL_Driver/Src/stm32f4xx_hal_pcd_ex.o
                0x0000000008007fae                HAL_PCDEx_SetRxFiFo
 .text.HAL_PCDEx_LPM_Callback
                0x0000000008007fd0       0x18 ./Drivers/STM32F4xx_HAL_Driver/Src/stm32f4xx_hal_pcd_ex.o
                0x0000000008007fd0                HAL_PCDEx_LPM_Callback
 .text.HAL_RCC_OscConfig
                0x0000000008007fe8      0x4f0 ./Drivers/STM32F4xx_HAL_Driver/Src/stm32f4xx_hal_rcc.o
                0x0000000008007fe8                HAL_RCC_OscConfig
 .text.HAL_RCC_ClockConfig
                0x00000000080084d8      0x1cc ./Drivers/STM32F4xx_HAL_Driver/Src/stm32f4xx_hal_rcc.o
                0x00000000080084d8                HAL_RCC_ClockConfig
 .text.HAL_RCC_GetSysClockFreq
                0x00000000080086a4      0x18c ./Drivers/STM32F4xx_HAL_Driver/Src/stm32f4xx_hal_rcc.o
                0x00000000080086a4                HAL_RCC_GetSysClockFreq
 .text.HAL_RCC_GetHCLKFreq
                0x0000000008008830       0x18 ./Drivers/STM32F4xx_HAL_Driver/Src/stm32f4xx_hal_rcc.o
                0x0000000008008830                HAL_RCC_GetHCLKFreq
 .text.HAL_RCC_GetPCLK1Freq
                0x0000000008008848       0x28 ./Drivers/STM32F4xx_HAL_Driver/Src/stm32f4xx_hal_rcc.o
                0x0000000008008848                HAL_RCC_GetPCLK1Freq
 .text.HAL_RCC_GetPCLK2Freq
                0x0000000008008870       0x28 ./Drivers/STM32F4xx_HAL_Driver/Src/stm32f4xx_hal_rcc.o
                0x0000000008008870                HAL_RCC_GetPCLK2Freq
 .text.HAL_TIM_Base_Init
                0x0000000008008898       0x9e ./Drivers/STM32F4xx_HAL_Driver/Src/stm32f4xx_hal_tim.o
                0x0000000008008898                HAL_TIM_Base_Init
 *fill*         0x0000000008008936        0x2 
 .text.HAL_TIM_Base_Start_IT
                0x0000000008008938       0xc4 ./Drivers/STM32F4xx_HAL_Driver/Src/stm32f4xx_hal_tim.o
                0x0000000008008938                HAL_TIM_Base_Start_IT
 .text.HAL_TIM_PWM_Init
                0x00000000080089fc       0x9e ./Drivers/STM32F4xx_HAL_Driver/Src/stm32f4xx_hal_tim.o
                0x00000000080089fc                HAL_TIM_PWM_Init
 *fill*         0x0000000008008a9a        0x2 
 .text.HAL_TIM_PWM_Start
                0x0000000008008a9c      0x160 ./Drivers/STM32F4xx_HAL_Driver/Src/stm32f4xx_hal_tim.o
                0x0000000008008a9c                HAL_TIM_PWM_Start
 .text.HAL_TIM_IRQHandler
                0x0000000008008bfc      0x210 ./Drivers/STM32F4xx_HAL_Driver/Src/stm32f4xx_hal_tim.o
                0x0000000008008bfc                HAL_TIM_IRQHandler
 .text.HAL_TIM_PWM_ConfigChannel
                0x0000000008008e0c      0x184 ./Drivers/STM32F4xx_HAL_Driver/Src/stm32f4xx_hal_tim.o
                0x0000000008008e0c                HAL_TIM_PWM_ConfigChannel
 .text.HAL_TIM_ConfigClockSource
                0x0000000008008f90      0x18e ./Drivers/STM32F4xx_HAL_Driver/Src/stm32f4xx_hal_tim.o
                0x0000000008008f90                HAL_TIM_ConfigClockSource
 .text.HAL_TIM_PeriodElapsedCallback
                0x000000000800911e       0x14 ./Drivers/STM32F4xx_HAL_Driver/Src/stm32f4xx_hal_tim.o
                0x000000000800911e                HAL_TIM_PeriodElapsedCallback
 .text.HAL_TIM_OC_DelayElapsedCallback
                0x0000000008009132       0x14 ./Drivers/STM32F4xx_HAL_Driver/Src/stm32f4xx_hal_tim.o
                0x0000000008009132                HAL_TIM_OC_DelayElapsedCallback
 .text.HAL_TIM_IC_CaptureCallback
                0x0000000008009146       0x14 ./Drivers/STM32F4xx_HAL_Driver/Src/stm32f4xx_hal_tim.o
                0x0000000008009146                HAL_TIM_IC_CaptureCallback
 .text.HAL_TIM_PWM_PulseFinishedCallback
                0x000000000800915a       0x14 ./Drivers/STM32F4xx_HAL_Driver/Src/stm32f4xx_hal_tim.o
                0x000000000800915a                HAL_TIM_PWM_PulseFinishedCallback
 .text.HAL_TIM_TriggerCallback
                0x000000000800916e       0x14 ./Drivers/STM32F4xx_HAL_Driver/Src/stm32f4xx_hal_tim.o
                0x000000000800916e                HAL_TIM_TriggerCallback
 *fill*         0x0000000008009182        0x2 
 .text.TIM_Base_SetConfig
                0x0000000008009184      0x100 ./Drivers/STM32F4xx_HAL_Driver/Src/stm32f4xx_hal_tim.o
                0x0000000008009184                TIM_Base_SetConfig
 .text.TIM_OC1_SetConfig
                0x0000000008009284       0xcc ./Drivers/STM32F4xx_HAL_Driver/Src/stm32f4xx_hal_tim.o
 .text.TIM_OC2_SetConfig
                0x0000000008009350       0xd8 ./Drivers/STM32F4xx_HAL_Driver/Src/stm32f4xx_hal_tim.o
                0x0000000008009350                TIM_OC2_SetConfig
 .text.TIM_OC3_SetConfig
                0x0000000008009428       0xd4 ./Drivers/STM32F4xx_HAL_Driver/Src/stm32f4xx_hal_tim.o
 .text.TIM_OC4_SetConfig
                0x00000000080094fc       0xa0 ./Drivers/STM32F4xx_HAL_Driver/Src/stm32f4xx_hal_tim.o
 .text.TIM_TI1_ConfigInputStage
                0x000000000800959c       0x5e ./Drivers/STM32F4xx_HAL_Driver/Src/stm32f4xx_hal_tim.o
 .text.TIM_TI2_ConfigInputStage
                0x00000000080095fa       0x60 ./Drivers/STM32F4xx_HAL_Driver/Src/stm32f4xx_hal_tim.o
 .text.TIM_ITRx_SetConfig
                0x000000000800965a       0x36 ./Drivers/STM32F4xx_HAL_Driver/Src/stm32f4xx_hal_tim.o
 .text.TIM_ETR_SetConfig
                0x0000000008009690       0x40 ./Drivers/STM32F4xx_HAL_Driver/Src/stm32f4xx_hal_tim.o
                0x0000000008009690                TIM_ETR_SetConfig
 .text.TIM_CCxChannelCmd
                0x00000000080096d0       0x4a ./Drivers/STM32F4xx_HAL_Driver/Src/stm32f4xx_hal_tim.o
                0x00000000080096d0                TIM_CCxChannelCmd
 *fill*         0x000000000800971a        0x2 
 .text.HAL_TIMEx_MasterConfigSynchronization
                0x000000000800971c       0xdc ./Drivers/STM32F4xx_HAL_Driver/Src/stm32f4xx_hal_tim_ex.o
                0x000000000800971c                HAL_TIMEx_MasterConfigSynchronization
 .text.HAL_TIMEx_CommutCallback
                0x00000000080097f8       0x14 ./Drivers/STM32F4xx_HAL_Driver/Src/stm32f4xx_hal_tim_ex.o
                0x00000000080097f8                HAL_TIMEx_CommutCallback
 .text.HAL_TIMEx_BreakCallback
                0x000000000800980c       0x14 ./Drivers/STM32F4xx_HAL_Driver/Src/stm32f4xx_hal_tim_ex.o
                0x000000000800980c                HAL_TIMEx_BreakCallback
 .text.HAL_UART_Init
                0x0000000008009820       0x9a ./Drivers/STM32F4xx_HAL_Driver/Src/stm32f4xx_hal_uart.o
                0x0000000008009820                HAL_UART_Init
 *fill*         0x00000000080098ba        0x2 
 .text.HAL_UART_Transmit_DMA
                0x00000000080098bc       0xfc ./Drivers/STM32F4xx_HAL_Driver/Src/stm32f4xx_hal_uart.o
                0x00000000080098bc                HAL_UART_Transmit_DMA
 .text.HAL_UART_IRQHandler
                0x00000000080099b8      0x51c ./Drivers/STM32F4xx_HAL_Driver/Src/stm32f4xx_hal_uart.o
                0x00000000080099b8                HAL_UART_IRQHandler
 .text.HAL_UART_TxCpltCallback
                0x0000000008009ed4       0x14 ./Drivers/STM32F4xx_HAL_Driver/Src/stm32f4xx_hal_uart.o
                0x0000000008009ed4                HAL_UART_TxCpltCallback
 .text.HAL_UART_TxHalfCpltCallback
                0x0000000008009ee8       0x14 ./Drivers/STM32F4xx_HAL_Driver/Src/stm32f4xx_hal_uart.o
                0x0000000008009ee8                HAL_UART_TxHalfCpltCallback
 .text.HAL_UART_RxCpltCallback
                0x0000000008009efc       0x14 ./Drivers/STM32F4xx_HAL_Driver/Src/stm32f4xx_hal_uart.o
                0x0000000008009efc                HAL_UART_RxCpltCallback
 .text.HAL_UART_ErrorCallback
                0x0000000008009f10       0x14 ./Drivers/STM32F4xx_HAL_Driver/Src/stm32f4xx_hal_uart.o
                0x0000000008009f10                HAL_UART_ErrorCallback
 .text.HAL_UARTEx_RxEventCallback
                0x0000000008009f24       0x18 ./Drivers/STM32F4xx_HAL_Driver/Src/stm32f4xx_hal_uart.o
                0x0000000008009f24                HAL_UARTEx_RxEventCallback
 .text.UART_DMATransmitCplt
                0x0000000008009f3c       0x9a ./Drivers/STM32F4xx_HAL_Driver/Src/stm32f4xx_hal_uart.o
 .text.UART_DMATxHalfCplt
                0x0000000008009fd6       0x1c ./Drivers/STM32F4xx_HAL_Driver/Src/stm32f4xx_hal_uart.o
 .text.UART_DMAError
                0x0000000008009ff2       0x94 ./Drivers/STM32F4xx_HAL_Driver/Src/stm32f4xx_hal_uart.o
 .text.UART_EndTxTransfer
                0x000000000800a086       0x50 ./Drivers/STM32F4xx_HAL_Driver/Src/stm32f4xx_hal_uart.o
 .text.UART_EndRxTransfer
                0x000000000800a0d6       0xc6 ./Drivers/STM32F4xx_HAL_Driver/Src/stm32f4xx_hal_uart.o
 .text.UART_DMAAbortOnError
                0x000000000800a19c       0x28 ./Drivers/STM32F4xx_HAL_Driver/Src/stm32f4xx_hal_uart.o
 .text.UART_Transmit_IT
                0x000000000800a1c4       0xa0 ./Drivers/STM32F4xx_HAL_Driver/Src/stm32f4xx_hal_uart.o
 .text.UART_EndTransmit_IT
                0x000000000800a264       0x30 ./Drivers/STM32F4xx_HAL_Driver/Src/stm32f4xx_hal_uart.o
 .text.UART_Receive_IT
                0x000000000800a294      0x176 ./Drivers/STM32F4xx_HAL_Driver/Src/stm32f4xx_hal_uart.o
 *fill*         0x000000000800a40a        0x2 
 .text.UART_SetConfig
                0x000000000800a40c      0x4e8 ./Drivers/STM32F4xx_HAL_Driver/Src/stm32f4xx_hal_uart.o
 .text.USB_CoreInit
                0x000000000800a8f4       0xc2 ./Drivers/STM32F4xx_HAL_Driver/Src/stm32f4xx_ll_usb.o
                0x000000000800a8f4                USB_CoreInit
 *fill*         0x000000000800a9b6        0x2 
 .text.USB_SetTurnaroundTime
                0x000000000800a9b8      0x144 ./Drivers/STM32F4xx_HAL_Driver/Src/stm32f4xx_ll_usb.o
                0x000000000800a9b8                USB_SetTurnaroundTime
 .text.USB_EnableGlobalInt
                0x000000000800aafc       0x22 ./Drivers/STM32F4xx_HAL_Driver/Src/stm32f4xx_ll_usb.o
                0x000000000800aafc                USB_EnableGlobalInt
 .text.USB_DisableGlobalInt
                0x000000000800ab1e       0x22 ./Drivers/STM32F4xx_HAL_Driver/Src/stm32f4xx_ll_usb.o
                0x000000000800ab1e                USB_DisableGlobalInt
 .text.USB_SetCurrentMode
                0x000000000800ab40       0x98 ./Drivers/STM32F4xx_HAL_Driver/Src/stm32f4xx_ll_usb.o
                0x000000000800ab40                USB_SetCurrentMode
 .text.USB_DevInit
                0x000000000800abd8      0x2c8 ./Drivers/STM32F4xx_HAL_Driver/Src/stm32f4xx_ll_usb.o
                0x000000000800abd8                USB_DevInit
 .text.USB_FlushTxFifo
                0x000000000800aea0       0x68 ./Drivers/STM32F4xx_HAL_Driver/Src/stm32f4xx_ll_usb.o
                0x000000000800aea0                USB_FlushTxFifo
 .text.USB_FlushRxFifo
                0x000000000800af08       0x60 ./Drivers/STM32F4xx_HAL_Driver/Src/stm32f4xx_ll_usb.o
                0x000000000800af08                USB_FlushRxFifo
 .text.USB_SetDevSpeed
                0x000000000800af68       0x32 ./Drivers/STM32F4xx_HAL_Driver/Src/stm32f4xx_ll_usb.o
                0x000000000800af68                USB_SetDevSpeed
 .text.USB_GetDevSpeed
                0x000000000800af9a       0x4a ./Drivers/STM32F4xx_HAL_Driver/Src/stm32f4xx_ll_usb.o
                0x000000000800af9a                USB_GetDevSpeed
 .text.USB_ActivateEndpoint
                0x000000000800afe4      0x10e ./Drivers/STM32F4xx_HAL_Driver/Src/stm32f4xx_ll_usb.o
                0x000000000800afe4                USB_ActivateEndpoint
 *fill*         0x000000000800b0f2        0x2 
 .text.USB_DeactivateEndpoint
                0x000000000800b0f4      0x1b8 ./Drivers/STM32F4xx_HAL_Driver/Src/stm32f4xx_ll_usb.o
                0x000000000800b0f4                USB_DeactivateEndpoint
 .text.USB_EPStartXfer
                0x000000000800b2ac      0x490 ./Drivers/STM32F4xx_HAL_Driver/Src/stm32f4xx_ll_usb.o
                0x000000000800b2ac                USB_EPStartXfer
 .text.USB_EP0StartXfer
                0x000000000800b73c      0x2b0 ./Drivers/STM32F4xx_HAL_Driver/Src/stm32f4xx_ll_usb.o
                0x000000000800b73c                USB_EP0StartXfer
 .text.USB_EPStopXfer
                0x000000000800b9ec      0x154 ./Drivers/STM32F4xx_HAL_Driver/Src/stm32f4xx_ll_usb.o
                0x000000000800b9ec                USB_EPStopXfer
 .text.USB_WritePacket
                0x000000000800bb40       0x7c ./Drivers/STM32F4xx_HAL_Driver/Src/stm32f4xx_ll_usb.o
                0x000000000800bb40                USB_WritePacket
 .text.USB_ReadPacket
                0x000000000800bbbc       0xb0 ./Drivers/STM32F4xx_HAL_Driver/Src/stm32f4xx_ll_usb.o
                0x000000000800bbbc                USB_ReadPacket
 .text.USB_EPSetStall
                0x000000000800bc6c       0xdc ./Drivers/STM32F4xx_HAL_Driver/Src/stm32f4xx_ll_usb.o
                0x000000000800bc6c                USB_EPSetStall
 .text.USB_EPClearStall
                0x000000000800bd48       0xcc ./Drivers/STM32F4xx_HAL_Driver/Src/stm32f4xx_ll_usb.o
                0x000000000800bd48                USB_EPClearStall
 .text.USB_SetDevAddress
                0x000000000800be14       0x4c ./Drivers/STM32F4xx_HAL_Driver/Src/stm32f4xx_ll_usb.o
                0x000000000800be14                USB_SetDevAddress
 .text.USB_DevConnect
                0x000000000800be60       0x42 ./Drivers/STM32F4xx_HAL_Driver/Src/stm32f4xx_ll_usb.o
                0x000000000800be60                USB_DevConnect
 .text.USB_DevDisconnect
                0x000000000800bea2       0x42 ./Drivers/STM32F4xx_HAL_Driver/Src/stm32f4xx_ll_usb.o
                0x000000000800bea2                USB_DevDisconnect
 .text.USB_ReadInterrupts
                0x000000000800bee4       0x26 ./Drivers/STM32F4xx_HAL_Driver/Src/stm32f4xx_ll_usb.o
                0x000000000800bee4                USB_ReadInterrupts
 .text.USB_ReadDevAllOutEpInterrupt
                0x000000000800bf0a       0x34 ./Drivers/STM32F4xx_HAL_Driver/Src/stm32f4xx_ll_usb.o
                0x000000000800bf0a                USB_ReadDevAllOutEpInterrupt
 .text.USB_ReadDevAllInEpInterrupt
                0x000000000800bf3e       0x34 ./Drivers/STM32F4xx_HAL_Driver/Src/stm32f4xx_ll_usb.o
                0x000000000800bf3e                USB_ReadDevAllInEpInterrupt
 .text.USB_ReadDevOutEPInterrupt
                0x000000000800bf72       0x3c ./Drivers/STM32F4xx_HAL_Driver/Src/stm32f4xx_ll_usb.o
                0x000000000800bf72                USB_ReadDevOutEPInterrupt
 .text.USB_ReadDevInEPInterrupt
                0x000000000800bfae       0x5c ./Drivers/STM32F4xx_HAL_Driver/Src/stm32f4xx_ll_usb.o
                0x000000000800bfae                USB_ReadDevInEPInterrupt
 .text.USB_GetMode
                0x000000000800c00a       0x1c ./Drivers/STM32F4xx_HAL_Driver/Src/stm32f4xx_ll_usb.o
                0x000000000800c00a                USB_GetMode
 .text.USB_ActivateSetup
                0x000000000800c026       0x46 ./Drivers/STM32F4xx_HAL_Driver/Src/stm32f4xx_ll_usb.o
                0x000000000800c026                USB_ActivateSetup
 .text.USB_EP0_OutStart
                0x000000000800c06c       0xbc ./Drivers/STM32F4xx_HAL_Driver/Src/stm32f4xx_ll_usb.o
                0x000000000800c06c                USB_EP0_OutStart
 .text.USB_CoreReset
                0x000000000800c128       0x68 ./Drivers/STM32F4xx_HAL_Driver/Src/stm32f4xx_ll_usb.o
 .text.USBD_CDC_Init
                0x000000000800c190      0x1f0 ./Middlewares/ST/STM32_USB_Device_Library/Class/CDC/Src/usbd_cdc.o
 .text.USBD_CDC_DeInit
                0x000000000800c380      0x104 ./Middlewares/ST/STM32_USB_Device_Library/Class/CDC/Src/usbd_cdc.o
 .text.USBD_CDC_Setup
                0x000000000800c484      0x1b8 ./Middlewares/ST/STM32_USB_Device_Library/Class/CDC/Src/usbd_cdc.o
 .text.USBD_CDC_DataIn
                0x000000000800c63c       0xfe ./Middlewares/ST/STM32_USB_Device_Library/Class/CDC/Src/usbd_cdc.o
 .text.USBD_CDC_DataOut
                0x000000000800c73a       0x70 ./Middlewares/ST/STM32_USB_Device_Library/Class/CDC/Src/usbd_cdc.o
 .text.USBD_CDC_EP0_RxReady
                0x000000000800c7aa       0x76 ./Middlewares/ST/STM32_USB_Device_Library/Class/CDC/Src/usbd_cdc.o
 .text.USBD_CDC_GetFSCfgDesc
                0x000000000800c820       0x70 ./Middlewares/ST/STM32_USB_Device_Library/Class/CDC/Src/usbd_cdc.o
 .text.USBD_CDC_GetHSCfgDesc
                0x000000000800c890       0x70 ./Middlewares/ST/STM32_USB_Device_Library/Class/CDC/Src/usbd_cdc.o
 .text.USBD_CDC_GetOtherSpeedCfgDesc
                0x000000000800c900       0x70 ./Middlewares/ST/STM32_USB_Device_Library/Class/CDC/Src/usbd_cdc.o
 .text.USBD_CDC_GetDeviceQualifierDescriptor
                0x000000000800c970       0x20 ./Middlewares/ST/STM32_USB_Device_Library/Class/CDC/Src/usbd_cdc.o
                0x000000000800c970                USBD_CDC_GetDeviceQualifierDescriptor
 .text.USBD_CDC_RegisterInterface
                0x000000000800c990       0x34 ./Middlewares/ST/STM32_USB_Device_Library/Class/CDC/Src/usbd_cdc.o
                0x000000000800c990                USBD_CDC_RegisterInterface
 .text.USBD_CDC_SetTxBuffer
                0x000000000800c9c4       0x44 ./Middlewares/ST/STM32_USB_Device_Library/Class/CDC/Src/usbd_cdc.o
                0x000000000800c9c4                USBD_CDC_SetTxBuffer
 .text.USBD_CDC_SetRxBuffer
                0x000000000800ca08       0x3a ./Middlewares/ST/STM32_USB_Device_Library/Class/CDC/Src/usbd_cdc.o
                0x000000000800ca08                USBD_CDC_SetRxBuffer
 *fill*         0x000000000800ca42        0x2 
 .text.USBD_CDC_TransmitPacket
                0x000000000800ca44       0x8c ./Middlewares/ST/STM32_USB_Device_Library/Class/CDC/Src/usbd_cdc.o
                0x000000000800ca44                USBD_CDC_TransmitPacket
 .text.USBD_CDC_ReceivePacket
                0x000000000800cad0       0x6c ./Middlewares/ST/STM32_USB_Device_Library/Class/CDC/Src/usbd_cdc.o
                0x000000000800cad0                USBD_CDC_ReceivePacket
 .text.USBD_Init
                0x000000000800cb3c       0x60 ./Middlewares/ST/STM32_USB_Device_Library/Core/Src/usbd_core.o
                0x000000000800cb3c                USBD_Init
 .text.USBD_RegisterClass
                0x000000000800cb9c       0x6c ./Middlewares/ST/STM32_USB_Device_Library/Core/Src/usbd_core.o
                0x000000000800cb9c                USBD_RegisterClass
 .text.USBD_Start
                0x000000000800cc08       0x18 ./Middlewares/ST/STM32_USB_Device_Library/Core/Src/usbd_core.o
                0x000000000800cc08                USBD_Start
 .text.USBD_RunTestMode
                0x000000000800cc20       0x16 ./Middlewares/ST/STM32_USB_Device_Library/Core/Src/usbd_core.o
                0x000000000800cc20                USBD_RunTestMode
 .text.USBD_SetClassConfig
                0x000000000800cc36       0x38 ./Middlewares/ST/STM32_USB_Device_Library/Core/Src/usbd_core.o
                0x000000000800cc36                USBD_SetClassConfig
 .text.USBD_ClrClassConfig
                0x000000000800cc6e       0x34 ./Middlewares/ST/STM32_USB_Device_Library/Core/Src/usbd_core.o
                0x000000000800cc6e                USBD_ClrClassConfig
 .text.USBD_LL_SetupStage
                0x000000000800cca2       0xaa ./Middlewares/ST/STM32_USB_Device_Library/Core/Src/usbd_core.o
                0x000000000800cca2                USBD_LL_SetupStage
 .text.USBD_LL_DataOutStage
                0x000000000800cd4c      0x166 ./Middlewares/ST/STM32_USB_Device_Library/Core/Src/usbd_core.o
                0x000000000800cd4c                USBD_LL_DataOutStage
 .text.USBD_LL_DataInStage
                0x000000000800ceb2      0x164 ./Middlewares/ST/STM32_USB_Device_Library/Core/Src/usbd_core.o
                0x000000000800ceb2                USBD_LL_DataInStage
 .text.USBD_LL_Reset
                0x000000000800d016       0xa4 ./Middlewares/ST/STM32_USB_Device_Library/Core/Src/usbd_core.o
                0x000000000800d016                USBD_LL_Reset
 .text.USBD_LL_SetSpeed
                0x000000000800d0ba       0x20 ./Middlewares/ST/STM32_USB_Device_Library/Core/Src/usbd_core.o
                0x000000000800d0ba                USBD_LL_SetSpeed
 .text.USBD_LL_Suspend
                0x000000000800d0da       0x2c ./Middlewares/ST/STM32_USB_Device_Library/Core/Src/usbd_core.o
                0x000000000800d0da                USBD_LL_Suspend
 .text.USBD_LL_Resume
                0x000000000800d106       0x30 ./Middlewares/ST/STM32_USB_Device_Library/Core/Src/usbd_core.o
                0x000000000800d106                USBD_LL_Resume
 .text.USBD_LL_SOF
                0x000000000800d136       0x40 ./Middlewares/ST/STM32_USB_Device_Library/Core/Src/usbd_core.o
                0x000000000800d136                USBD_LL_SOF
 .text.USBD_LL_IsoINIncomplete
                0x000000000800d176       0x64 ./Middlewares/ST/STM32_USB_Device_Library/Core/Src/usbd_core.o
                0x000000000800d176                USBD_LL_IsoINIncomplete
 .text.USBD_LL_IsoOUTIncomplete
                0x000000000800d1da       0x64 ./Middlewares/ST/STM32_USB_Device_Library/Core/Src/usbd_core.o
                0x000000000800d1da                USBD_LL_IsoOUTIncomplete
 .text.USBD_LL_DevConnected
                0x000000000800d23e       0x16 ./Middlewares/ST/STM32_USB_Device_Library/Core/Src/usbd_core.o
                0x000000000800d23e                USBD_LL_DevConnected
 .text.USBD_LL_DevDisconnected
                0x000000000800d254       0x46 ./Middlewares/ST/STM32_USB_Device_Library/Core/Src/usbd_core.o
                0x000000000800d254                USBD_LL_DevDisconnected
 .text.USBD_CoreFindIF
                0x000000000800d29a       0x1a ./Middlewares/ST/STM32_USB_Device_Library/Core/Src/usbd_core.o
                0x000000000800d29a                USBD_CoreFindIF
 .text.USBD_CoreFindEP
                0x000000000800d2b4       0x1a ./Middlewares/ST/STM32_USB_Device_Library/Core/Src/usbd_core.o
                0x000000000800d2b4                USBD_CoreFindEP
 .text.USBD_GetEpDesc
                0x000000000800d2ce       0x74 ./Middlewares/ST/STM32_USB_Device_Library/Core/Src/usbd_core.o
                0x000000000800d2ce                USBD_GetEpDesc
 .text.USBD_GetNextDesc
                0x000000000800d342       0x3a ./Middlewares/ST/STM32_USB_Device_Library/Core/Src/usbd_core.o
                0x000000000800d342                USBD_GetNextDesc
 .text.SWAPBYTE
                0x000000000800d37c       0x3c ./Middlewares/ST/STM32_USB_Device_Library/Core/Src/usbd_ctlreq.o
 .text.USBD_StdDevReq
                0x000000000800d3b8       0xe4 ./Middlewares/ST/STM32_USB_Device_Library/Core/Src/usbd_ctlreq.o
                0x000000000800d3b8                USBD_StdDevReq
 .text.USBD_StdItfReq
                0x000000000800d49c       0xd8 ./Middlewares/ST/STM32_USB_Device_Library/Core/Src/usbd_ctlreq.o
                0x000000000800d49c                USBD_StdItfReq
 .text.USBD_StdEPReq
                0x000000000800d574      0x33a ./Middlewares/ST/STM32_USB_Device_Library/Core/Src/usbd_ctlreq.o
                0x000000000800d574                USBD_StdEPReq
 *fill*         0x000000000800d8ae        0x2 
 .text.USBD_GetDescriptor
                0x000000000800d8b0      0x2d4 ./Middlewares/ST/STM32_USB_Device_Library/Core/Src/usbd_ctlreq.o
 .text.USBD_SetAddress
                0x000000000800db84       0x88 ./Middlewares/ST/STM32_USB_Device_Library/Core/Src/usbd_ctlreq.o
 .text.USBD_SetConfig
                0x000000000800dc0c      0x154 ./Middlewares/ST/STM32_USB_Device_Library/Core/Src/usbd_ctlreq.o
 .text.USBD_GetConfig
                0x000000000800dd60       0x6c ./Middlewares/ST/STM32_USB_Device_Library/Core/Src/usbd_ctlreq.o
 .text.USBD_GetStatus
                0x000000000800ddcc       0x68 ./Middlewares/ST/STM32_USB_Device_Library/Core/Src/usbd_ctlreq.o
 .text.USBD_SetFeature
                0x000000000800de34       0x52 ./Middlewares/ST/STM32_USB_Device_Library/Core/Src/usbd_ctlreq.o
 .text.USBD_ClrFeature
                0x000000000800de86       0x44 ./Middlewares/ST/STM32_USB_Device_Library/Core/Src/usbd_ctlreq.o
 .text.USBD_ParseSetupRequest
                0x000000000800deca       0x74 ./Middlewares/ST/STM32_USB_Device_Library/Core/Src/usbd_ctlreq.o
                0x000000000800deca                USBD_ParseSetupRequest
 .text.USBD_CtlError
                0x000000000800df3e       0x22 ./Middlewares/ST/STM32_USB_Device_Library/Core/Src/usbd_ctlreq.o
                0x000000000800df3e                USBD_CtlError
 .text.USBD_GetString
                0x000000000800df60       0x8c ./Middlewares/ST/STM32_USB_Device_Library/Core/Src/usbd_ctlreq.o
                0x000000000800df60                USBD_GetString
 .text.USBD_GetLen
                0x000000000800dfec       0x34 ./Middlewares/ST/STM32_USB_Device_Library/Core/Src/usbd_ctlreq.o
 .text.USBD_CtlSendData
                0x000000000800e020       0x36 ./Middlewares/ST/STM32_USB_Device_Library/Core/Src/usbd_ioreq.o
                0x000000000800e020                USBD_CtlSendData
 .text.USBD_CtlContinueSendData
                0x000000000800e056       0x22 ./Middlewares/ST/STM32_USB_Device_Library/Core/Src/usbd_ioreq.o
                0x000000000800e056                USBD_CtlContinueSendData
 .text.USBD_CtlPrepareRx
                0x000000000800e078       0x3a ./Middlewares/ST/STM32_USB_Device_Library/Core/Src/usbd_ioreq.o
                0x000000000800e078                USBD_CtlPrepareRx
 .text.USBD_CtlContinueRx
                0x000000000800e0b2       0x22 ./Middlewares/ST/STM32_USB_Device_Library/Core/Src/usbd_ioreq.o
                0x000000000800e0b2                USBD_CtlContinueRx
 .text.USBD_CtlSendStatus
                0x000000000800e0d4       0x26 ./Middlewares/ST/STM32_USB_Device_Library/Core/Src/usbd_ioreq.o
                0x000000000800e0d4                USBD_CtlSendStatus
 .text.USBD_CtlReceiveStatus
                0x000000000800e0fa       0x26 ./Middlewares/ST/STM32_USB_Device_Library/Core/Src/usbd_ioreq.o
                0x000000000800e0fa                USBD_CtlReceiveStatus
 .text.MX_USB_DEVICE_Init
                0x000000000800e120       0x60 ./USB_DEVICE/App/usb_device.o
                0x000000000800e120                MX_USB_DEVICE_Init
 .text.CDC_Init_FS
                0x000000000800e180       0x28 ./USB_DEVICE/App/usbd_cdc_if.o
 .text.CDC_DeInit_FS
                0x000000000800e1a8       0x10 ./USB_DEVICE/App/usbd_cdc_if.o
 .text.CDC_Control_FS
                0x000000000800e1b8       0xbc ./USB_DEVICE/App/usbd_cdc_if.o
 .text.CDC_Receive_FS
                0x000000000800e274       0x28 ./USB_DEVICE/App/usbd_cdc_if.o
 .text.CDC_Transmit_FS
                0x000000000800e29c       0x4c ./USB_DEVICE/App/usbd_cdc_if.o
                0x000000000800e29c                CDC_Transmit_FS
 .text.CDC_TransmitCplt_FS
                0x000000000800e2e8       0x22 ./USB_DEVICE/App/usbd_cdc_if.o
 *fill*         0x000000000800e30a        0x2 
 .text.USBD_FS_DeviceDescriptor
                0x000000000800e30c       0x24 ./USB_DEVICE/App/usbd_desc.o
                0x000000000800e30c                USBD_FS_DeviceDescriptor
 .text.USBD_FS_LangIDStrDescriptor
                0x000000000800e330       0x24 ./USB_DEVICE/App/usbd_desc.o
                0x000000000800e330                USBD_FS_LangIDStrDescriptor
 .text.USBD_FS_ProductStrDescriptor
                0x000000000800e354       0x3c ./USB_DEVICE/App/usbd_desc.o
                0x000000000800e354                USBD_FS_ProductStrDescriptor
 .text.USBD_FS_ManufacturerStrDescriptor
                0x000000000800e390       0x28 ./USB_DEVICE/App/usbd_desc.o
                0x000000000800e390                USBD_FS_ManufacturerStrDescriptor
 .text.USBD_FS_SerialStrDescriptor
                0x000000000800e3b8       0x24 ./USB_DEVICE/App/usbd_desc.o
                0x000000000800e3b8                USBD_FS_SerialStrDescriptor
 .text.USBD_FS_ConfigStrDescriptor
                0x000000000800e3dc       0x3c ./USB_DEVICE/App/usbd_desc.o
                0x000000000800e3dc                USBD_FS_ConfigStrDescriptor
 .text.USBD_FS_InterfaceStrDescriptor
                0x000000000800e418       0x3c ./USB_DEVICE/App/usbd_desc.o
                0x000000000800e418                USBD_FS_InterfaceStrDescriptor
 .text.Get_SerialNum
                0x000000000800e454       0x58 ./USB_DEVICE/App/usbd_desc.o
 .text.IntToUnicode
                0x000000000800e4ac       0x7e ./USB_DEVICE/App/usbd_desc.o
 *fill*         0x000000000800e52a        0x2 
 .text.HAL_PCD_MspInit
                0x000000000800e52c       0xa8 ./USB_DEVICE/Target/usbd_conf.o
                0x000000000800e52c                HAL_PCD_MspInit
 .text.HAL_PCD_SetupStageCallback
                0x000000000800e5d4       0x24 ./USB_DEVICE/Target/usbd_conf.o
                0x000000000800e5d4                HAL_PCD_SetupStageCallback
 .text.HAL_PCD_DataOutStageCallback
                0x000000000800e5f8       0x36 ./USB_DEVICE/Target/usbd_conf.o
                0x000000000800e5f8                HAL_PCD_DataOutStageCallback
 .text.HAL_PCD_DataInStageCallback
                0x000000000800e62e       0x34 ./USB_DEVICE/Target/usbd_conf.o
                0x000000000800e62e                HAL_PCD_DataInStageCallback
 .text.HAL_PCD_SOFCallback
                0x000000000800e662       0x1c ./USB_DEVICE/Target/usbd_conf.o
                0x000000000800e662                HAL_PCD_SOFCallback
 .text.HAL_PCD_ResetCallback
                0x000000000800e67e       0x50 ./USB_DEVICE/Target/usbd_conf.o
                0x000000000800e67e                HAL_PCD_ResetCallback
 *fill*         0x000000000800e6ce        0x2 
 .text.HAL_PCD_SuspendCallback
                0x000000000800e6d0       0x4c ./USB_DEVICE/Target/usbd_conf.o
                0x000000000800e6d0                HAL_PCD_SuspendCallback
 .text.HAL_PCD_ResumeCallback
                0x000000000800e71c       0x1c ./USB_DEVICE/Target/usbd_conf.o
                0x000000000800e71c                HAL_PCD_ResumeCallback
 .text.HAL_PCD_ISOOUTIncompleteCallback
                0x000000000800e738       0x24 ./USB_DEVICE/Target/usbd_conf.o
                0x000000000800e738                HAL_PCD_ISOOUTIncompleteCallback
 .text.HAL_PCD_ISOINIncompleteCallback
                0x000000000800e75c       0x24 ./USB_DEVICE/Target/usbd_conf.o
                0x000000000800e75c                HAL_PCD_ISOINIncompleteCallback
 .text.HAL_PCD_ConnectCallback
                0x000000000800e780       0x1c ./USB_DEVICE/Target/usbd_conf.o
                0x000000000800e780                HAL_PCD_ConnectCallback
 .text.HAL_PCD_DisconnectCallback
                0x000000000800e79c       0x1c ./USB_DEVICE/Target/usbd_conf.o
                0x000000000800e79c                HAL_PCD_DisconnectCallback
 .text.USBD_LL_Init
                0x000000000800e7b8       0x98 ./USB_DEVICE/Target/usbd_conf.o
                0x000000000800e7b8                USBD_LL_Init
 .text.USBD_LL_Start
                0x000000000800e850       0x36 ./USB_DEVICE/Target/usbd_conf.o
                0x000000000800e850                USBD_LL_Start
 .text.USBD_LL_OpenEP
                0x000000000800e886       0x4c ./USB_DEVICE/Target/usbd_conf.o
                0x000000000800e886                USBD_LL_OpenEP
 .text.USBD_LL_CloseEP
                0x000000000800e8d2       0x3e ./USB_DEVICE/Target/usbd_conf.o
                0x000000000800e8d2                USBD_LL_CloseEP
 .text.USBD_LL_StallEP
                0x000000000800e910       0x3e ./USB_DEVICE/Target/usbd_conf.o
                0x000000000800e910                USBD_LL_StallEP
 .text.USBD_LL_ClearStallEP
                0x000000000800e94e       0x3e ./USB_DEVICE/Target/usbd_conf.o
                0x000000000800e94e                USBD_LL_ClearStallEP
 .text.USBD_LL_IsStallEP
                0x000000000800e98c       0x58 ./USB_DEVICE/Target/usbd_conf.o
                0x000000000800e98c                USBD_LL_IsStallEP
 .text.USBD_LL_SetUSBAddress
                0x000000000800e9e4       0x3e ./USB_DEVICE/Target/usbd_conf.o
                0x000000000800e9e4                USBD_LL_SetUSBAddress
 .text.USBD_LL_Transmit
                0x000000000800ea22       0x42 ./USB_DEVICE/Target/usbd_conf.o
                0x000000000800ea22                USBD_LL_Transmit
 .text.USBD_LL_PrepareReceive
                0x000000000800ea64       0x42 ./USB_DEVICE/Target/usbd_conf.o
                0x000000000800ea64                USBD_LL_PrepareReceive
 .text.USBD_LL_GetRxDataSize
                0x000000000800eaa6       0x26 ./USB_DEVICE/Target/usbd_conf.o
                0x000000000800eaa6                USBD_LL_GetRxDataSize
 .text.USBD_static_malloc
                0x000000000800eacc       0x1c ./USB_DEVICE/Target/usbd_conf.o
                0x000000000800eacc                USBD_static_malloc
 .text.USBD_static_free
                0x000000000800eae8       0x14 ./USB_DEVICE/Target/usbd_conf.o
                0x000000000800eae8                USBD_static_free
 .text.USBD_Get_USB_Status
                0x000000000800eafc       0x58 ./USB_DEVICE/Target/usbd_conf.o
                0x000000000800eafc                USBD_Get_USB_Status
 .text.arm_rfft_fast_init_f32
                0x000000000800eb54      0x104 C:\dev\jodelautomat-visualsystem\JAVS-STM32\Drivers\CMSIS\DSP_Drivers\Lib\GCC\libarm_cortexM4lf_math.a(arm_rfft_fast_init_f32.o)
                0x000000000800eb54                arm_rfft_fast_init_f32
 .text.arm_rfft_fast_f32
                0x000000000800ec58      0x188 C:\dev\jodelautomat-visualsystem\JAVS-STM32\Drivers\CMSIS\DSP_Drivers\Lib\GCC\libarm_cortexM4lf_math.a(arm_rfft_fast_f32.o)
                0x000000000800ec58                arm_rfft_fast_f32
 .text.arm_cfft_radix8by2_f32
                0x000000000800ede0      0x1a0 C:\dev\jodelautomat-visualsystem\JAVS-STM32\Drivers\CMSIS\DSP_Drivers\Lib\GCC\libarm_cortexM4lf_math.a(arm_cfft_f32.o)
                0x000000000800ede0                arm_cfft_radix8by2_f32
 .text.arm_cfft_radix8by4_f32
                0x000000000800ef80      0x4bc C:\dev\jodelautomat-visualsystem\JAVS-STM32\Drivers\CMSIS\DSP_Drivers\Lib\GCC\libarm_cortexM4lf_math.a(arm_cfft_f32.o)
                0x000000000800ef80                arm_cfft_radix8by4_f32
 .text.arm_cfft_f32
                0x000000000800f43c       0xf4 C:\dev\jodelautomat-visualsystem\JAVS-STM32\Drivers\CMSIS\DSP_Drivers\Lib\GCC\libarm_cortexM4lf_math.a(arm_cfft_f32.o)
                0x000000000800f43c                arm_cfft_f32
 .text.arm_radix8_butterfly_f32
                0x000000000800f530      0x5e4 C:\dev\jodelautomat-visualsystem\JAVS-STM32\Drivers\CMSIS\DSP_Drivers\Lib\GCC\libarm_cortexM4lf_math.a(arm_cfft_radix8_f32.o)
                0x000000000800f530                arm_radix8_butterfly_f32
 .text.__errno  0x000000000800fb14        0xc c:/program files/stmicroelectronics/stm32cube/stm32cubeide_1.10.1/stm32cubeide/plugins/com.st.stm32cube.ide.mcu.externaltools.gnu-tools-for-stm32.10.3-2021.10.win32_1.0.0.202111181127/tools/bin/../lib/gcc/arm-none-eabi/10.3.1/../../../../arm-none-eabi/lib/thumb/v7e-m+fp/hard\libc_nano.a(lib_a-errno.o)
                0x000000000800fb14                __errno
 .text.__libc_init_array
                0x000000000800fb20       0x48 c:/program files/stmicroelectronics/stm32cube/stm32cubeide_1.10.1/stm32cubeide/plugins/com.st.stm32cube.ide.mcu.externaltools.gnu-tools-for-stm32.10.3-2021.10.win32_1.0.0.202111181127/tools/bin/../lib/gcc/arm-none-eabi/10.3.1/../../../../arm-none-eabi/lib/thumb/v7e-m+fp/hard\libc_nano.a(lib_a-init.o)
                0x000000000800fb20                __libc_init_array
 .text.memset   0x000000000800fb68       0x10 c:/program files/stmicroelectronics/stm32cube/stm32cubeide_1.10.1/stm32cubeide/plugins/com.st.stm32cube.ide.mcu.externaltools.gnu-tools-for-stm32.10.3-2021.10.win32_1.0.0.202111181127/tools/bin/../lib/gcc/arm-none-eabi/10.3.1/../../../../arm-none-eabi/lib/thumb/v7e-m+fp/hard\libc_nano.a(lib_a-memset.o)
                0x000000000800fb68                memset
 .text.__cvt    0x000000000800fb78       0xc4 c:/program files/stmicroelectronics/stm32cube/stm32cubeide_1.10.1/stm32cubeide/plugins/com.st.stm32cube.ide.mcu.externaltools.gnu-tools-for-stm32.10.3-2021.10.win32_1.0.0.202111181127/tools/bin/../lib/gcc/arm-none-eabi/10.3.1/../../../../arm-none-eabi/lib/thumb/v7e-m+fp/hard\libc_nano.a(lib_a-nano-vfprintf_float.o)
                0x000000000800fb78                __cvt
 .text.__exponent
                0x000000000800fc3c       0x7c c:/program files/stmicroelectronics/stm32cube/stm32cubeide_1.10.1/stm32cubeide/plugins/com.st.stm32cube.ide.mcu.externaltools.gnu-tools-for-stm32.10.3-2021.10.win32_1.0.0.202111181127/tools/bin/../lib/gcc/arm-none-eabi/10.3.1/../../../../arm-none-eabi/lib/thumb/v7e-m+fp/hard\libc_nano.a(lib_a-nano-vfprintf_float.o)
                0x000000000800fc3c                __exponent
 .text._printf_float
                0x000000000800fcb8      0x46c c:/program files/stmicroelectronics/stm32cube/stm32cubeide_1.10.1/stm32cubeide/plugins/com.st.stm32cube.ide.mcu.externaltools.gnu-tools-for-stm32.10.3-2021.10.win32_1.0.0.202111181127/tools/bin/../lib/gcc/arm-none-eabi/10.3.1/../../../../arm-none-eabi/lib/thumb/v7e-m+fp/hard\libc_nano.a(lib_a-nano-vfprintf_float.o)
                0x000000000800fcb8                _printf_float
 .text._printf_common
                0x0000000008010124       0xda c:/program files/stmicroelectronics/stm32cube/stm32cubeide_1.10.1/stm32cubeide/plugins/com.st.stm32cube.ide.mcu.externaltools.gnu-tools-for-stm32.10.3-2021.10.win32_1.0.0.202111181127/tools/bin/../lib/gcc/arm-none-eabi/10.3.1/../../../../arm-none-eabi/lib/thumb/v7e-m+fp/hard\libc_nano.a(lib_a-nano-vfprintf_i.o)
                0x0000000008010124                _printf_common
 *fill*         0x00000000080101fe        0x2 
 .text._printf_i
                0x0000000008010200      0x24c c:/program files/stmicroelectronics/stm32cube/stm32cubeide_1.10.1/stm32cubeide/plugins/com.st.stm32cube.ide.mcu.externaltools.gnu-tools-for-stm32.10.3-2021.10.win32_1.0.0.202111181127/tools/bin/../lib/gcc/arm-none-eabi/10.3.1/../../../../arm-none-eabi/lib/thumb/v7e-m+fp/hard\libc_nano.a(lib_a-nano-vfprintf_i.o)
                0x0000000008010200                _printf_i
 .text.sprintf  0x000000000801044c       0x40 c:/program files/stmicroelectronics/stm32cube/stm32cubeide_1.10.1/stm32cubeide/plugins/com.st.stm32cube.ide.mcu.externaltools.gnu-tools-for-stm32.10.3-2021.10.win32_1.0.0.202111181127/tools/bin/../lib/gcc/arm-none-eabi/10.3.1/../../../../arm-none-eabi/lib/thumb/v7e-m+fp/hard\libc_nano.a(lib_a-sprintf.o)
                0x000000000801044c                siprintf
                0x000000000801044c                sprintf
 .text.quorem   0x000000000801048c      0x116 c:/program files/stmicroelectronics/stm32cube/stm32cubeide_1.10.1/stm32cubeide/plugins/com.st.stm32cube.ide.mcu.externaltools.gnu-tools-for-stm32.10.3-2021.10.win32_1.0.0.202111181127/tools/bin/../lib/gcc/arm-none-eabi/10.3.1/../../../../arm-none-eabi/lib/thumb/v7e-m+fp/hard\libc_nano.a(lib_a-dtoa.o)
 *fill*         0x00000000080105a2        0x6 
 .text._dtoa_r  0x00000000080105a8      0xbdc c:/program files/stmicroelectronics/stm32cube/stm32cubeide_1.10.1/stm32cubeide/plugins/com.st.stm32cube.ide.mcu.externaltools.gnu-tools-for-stm32.10.3-2021.10.win32_1.0.0.202111181127/tools/bin/../lib/gcc/arm-none-eabi/10.3.1/../../../../arm-none-eabi/lib/thumb/v7e-m+fp/hard\libc_nano.a(lib_a-dtoa.o)
                0x00000000080105a8                _dtoa_r
 .text._localeconv_r
                0x0000000008011184        0x8 c:/program files/stmicroelectronics/stm32cube/stm32cubeide_1.10.1/stm32cubeide/plugins/com.st.stm32cube.ide.mcu.externaltools.gnu-tools-for-stm32.10.3-2021.10.win32_1.0.0.202111181127/tools/bin/../lib/gcc/arm-none-eabi/10.3.1/../../../../arm-none-eabi/lib/thumb/v7e-m+fp/hard\libc_nano.a(lib_a-localeconv.o)
                0x0000000008011184                _localeconv_r
 .text.malloc   0x000000000801118c       0x10 c:/program files/stmicroelectronics/stm32cube/stm32cubeide_1.10.1/stm32cubeide/plugins/com.st.stm32cube.ide.mcu.externaltools.gnu-tools-for-stm32.10.3-2021.10.win32_1.0.0.202111181127/tools/bin/../lib/gcc/arm-none-eabi/10.3.1/../../../../arm-none-eabi/lib/thumb/v7e-m+fp/hard\libc_nano.a(lib_a-malloc.o)
                0x000000000801118c                malloc
 .text.memcpy   0x000000000801119c       0x1c c:/program files/stmicroelectronics/stm32cube/stm32cubeide_1.10.1/stm32cubeide/plugins/com.st.stm32cube.ide.mcu.externaltools.gnu-tools-for-stm32.10.3-2021.10.win32_1.0.0.202111181127/tools/bin/../lib/gcc/arm-none-eabi/10.3.1/../../../../arm-none-eabi/lib/thumb/v7e-m+fp/hard\libc_nano.a(lib_a-memcpy-stub.o)
                0x000000000801119c                memcpy
 .text._Balloc  0x00000000080111b8       0x80 c:/program files/stmicroelectronics/stm32cube/stm32cubeide_1.10.1/stm32cubeide/plugins/com.st.stm32cube.ide.mcu.externaltools.gnu-tools-for-stm32.10.3-2021.10.win32_1.0.0.202111181127/tools/bin/../lib/gcc/arm-none-eabi/10.3.1/../../../../arm-none-eabi/lib/thumb/v7e-m+fp/hard\libc_nano.a(lib_a-mprec.o)
                0x00000000080111b8                _Balloc
 .text._Bfree   0x0000000008011238       0x44 c:/program files/stmicroelectronics/stm32cube/stm32cubeide_1.10.1/stm32cubeide/plugins/com.st.stm32cube.ide.mcu.externaltools.gnu-tools-for-stm32.10.3-2021.10.win32_1.0.0.202111181127/tools/bin/../lib/gcc/arm-none-eabi/10.3.1/../../../../arm-none-eabi/lib/thumb/v7e-m+fp/hard\libc_nano.a(lib_a-mprec.o)
                0x0000000008011238                _Bfree
 .text.__multadd
                0x000000000801127c       0x8c c:/program files/stmicroelectronics/stm32cube/stm32cubeide_1.10.1/stm32cubeide/plugins/com.st.stm32cube.ide.mcu.externaltools.gnu-tools-for-stm32.10.3-2021.10.win32_1.0.0.202111181127/tools/bin/../lib/gcc/arm-none-eabi/10.3.1/../../../../arm-none-eabi/lib/thumb/v7e-m+fp/hard\libc_nano.a(lib_a-mprec.o)
                0x000000000801127c                __multadd
 .text.__hi0bits
                0x0000000008011308       0x40 c:/program files/stmicroelectronics/stm32cube/stm32cubeide_1.10.1/stm32cubeide/plugins/com.st.stm32cube.ide.mcu.externaltools.gnu-tools-for-stm32.10.3-2021.10.win32_1.0.0.202111181127/tools/bin/../lib/gcc/arm-none-eabi/10.3.1/../../../../arm-none-eabi/lib/thumb/v7e-m+fp/hard\libc_nano.a(lib_a-mprec.o)
                0x0000000008011308                __hi0bits
 .text.__lo0bits
                0x0000000008011348       0x5e c:/program files/stmicroelectronics/stm32cube/stm32cubeide_1.10.1/stm32cubeide/plugins/com.st.stm32cube.ide.mcu.externaltools.gnu-tools-for-stm32.10.3-2021.10.win32_1.0.0.202111181127/tools/bin/../lib/gcc/arm-none-eabi/10.3.1/../../../../arm-none-eabi/lib/thumb/v7e-m+fp/hard\libc_nano.a(lib_a-mprec.o)
                0x0000000008011348                __lo0bits
 *fill*         0x00000000080113a6        0x2 
 .text.__i2b    0x00000000080113a8       0x2c c:/program files/stmicroelectronics/stm32cube/stm32cubeide_1.10.1/stm32cubeide/plugins/com.st.stm32cube.ide.mcu.externaltools.gnu-tools-for-stm32.10.3-2021.10.win32_1.0.0.202111181127/tools/bin/../lib/gcc/arm-none-eabi/10.3.1/../../../../arm-none-eabi/lib/thumb/v7e-m+fp/hard\libc_nano.a(lib_a-mprec.o)
                0x00000000080113a8                __i2b
 .text.__multiply
                0x00000000080113d4      0x154 c:/program files/stmicroelectronics/stm32cube/stm32cubeide_1.10.1/stm32cubeide/plugins/com.st.stm32cube.ide.mcu.externaltools.gnu-tools-for-stm32.10.3-2021.10.win32_1.0.0.202111181127/tools/bin/../lib/gcc/arm-none-eabi/10.3.1/../../../../arm-none-eabi/lib/thumb/v7e-m+fp/hard\libc_nano.a(lib_a-mprec.o)
                0x00000000080113d4                __multiply
 .text.__pow5mult
                0x0000000008011528       0xb4 c:/program files/stmicroelectronics/stm32cube/stm32cubeide_1.10.1/stm32cubeide/plugins/com.st.stm32cube.ide.mcu.externaltools.gnu-tools-for-stm32.10.3-2021.10.win32_1.0.0.202111181127/tools/bin/../lib/gcc/arm-none-eabi/10.3.1/../../../../arm-none-eabi/lib/thumb/v7e-m+fp/hard\libc_nano.a(lib_a-mprec.o)
                0x0000000008011528                __pow5mult
 .text.__lshift
                0x00000000080115dc       0xe0 c:/program files/stmicroelectronics/stm32cube/stm32cubeide_1.10.1/stm32cubeide/plugins/com.st.stm32cube.ide.mcu.externaltools.gnu-tools-for-stm32.10.3-2021.10.win32_1.0.0.202111181127/tools/bin/../lib/gcc/arm-none-eabi/10.3.1/../../../../arm-none-eabi/lib/thumb/v7e-m+fp/hard\libc_nano.a(lib_a-mprec.o)
                0x00000000080115dc                __lshift
 .text.__mcmp   0x00000000080116bc       0x38 c:/program files/stmicroelectronics/stm32cube/stm32cubeide_1.10.1/stm32cubeide/plugins/com.st.stm32cube.ide.mcu.externaltools.gnu-tools-for-stm32.10.3-2021.10.win32_1.0.0.202111181127/tools/bin/../lib/gcc/arm-none-eabi/10.3.1/../../../../arm-none-eabi/lib/thumb/v7e-m+fp/hard\libc_nano.a(lib_a-mprec.o)
                0x00000000080116bc                __mcmp
 .text.__mdiff  0x00000000080116f4      0x114 c:/program files/stmicroelectronics/stm32cube/stm32cubeide_1.10.1/stm32cubeide/plugins/com.st.stm32cube.ide.mcu.externaltools.gnu-tools-for-stm32.10.3-2021.10.win32_1.0.0.202111181127/tools/bin/../lib/gcc/arm-none-eabi/10.3.1/../../../../arm-none-eabi/lib/thumb/v7e-m+fp/hard\libc_nano.a(lib_a-mprec.o)
                0x00000000080116f4                __mdiff
 .text.__d2b    0x0000000008011808       0xb8 c:/program files/stmicroelectronics/stm32cube/stm32cubeide_1.10.1/stm32cubeide/plugins/com.st.stm32cube.ide.mcu.externaltools.gnu-tools-for-stm32.10.3-2021.10.win32_1.0.0.202111181127/tools/bin/../lib/gcc/arm-none-eabi/10.3.1/../../../../arm-none-eabi/lib/thumb/v7e-m+fp/hard\libc_nano.a(lib_a-mprec.o)
                0x0000000008011808                __d2b
 .text._calloc_r
                0x00000000080118c0       0x2c c:/program files/stmicroelectronics/stm32cube/stm32cubeide_1.10.1/stm32cubeide/plugins/com.st.stm32cube.ide.mcu.externaltools.gnu-tools-for-stm32.10.3-2021.10.win32_1.0.0.202111181127/tools/bin/../lib/gcc/arm-none-eabi/10.3.1/../../../../arm-none-eabi/lib/thumb/v7e-m+fp/hard\libc_nano.a(lib_a-nano-callocr.o)
                0x00000000080118c0                _calloc_r
 .text._free_r  0x00000000080118ec       0x98 c:/program files/stmicroelectronics/stm32cube/stm32cubeide_1.10.1/stm32cubeide/plugins/com.st.stm32cube.ide.mcu.externaltools.gnu-tools-for-stm32.10.3-2021.10.win32_1.0.0.202111181127/tools/bin/../lib/gcc/arm-none-eabi/10.3.1/../../../../arm-none-eabi/lib/thumb/v7e-m+fp/hard\libc_nano.a(lib_a-nano-freer.o)
                0x00000000080118ec                _free_r
 .text.sbrk_aligned
                0x0000000008011984       0x40 c:/program files/stmicroelectronics/stm32cube/stm32cubeide_1.10.1/stm32cubeide/plugins/com.st.stm32cube.ide.mcu.externaltools.gnu-tools-for-stm32.10.3-2021.10.win32_1.0.0.202111181127/tools/bin/../lib/gcc/arm-none-eabi/10.3.1/../../../../arm-none-eabi/lib/thumb/v7e-m+fp/hard\libc_nano.a(lib_a-nano-mallocr.o)
 .text._malloc_r
                0x00000000080119c4       0xe8 c:/program files/stmicroelectronics/stm32cube/stm32cubeide_1.10.1/stm32cubeide/plugins/com.st.stm32cube.ide.mcu.externaltools.gnu-tools-for-stm32.10.3-2021.10.win32_1.0.0.202111181127/tools/bin/../lib/gcc/arm-none-eabi/10.3.1/../../../../arm-none-eabi/lib/thumb/v7e-m+fp/hard\libc_nano.a(lib_a-nano-mallocr.o)
                0x00000000080119c4                _malloc_r
 .text.__ssputs_r
                0x0000000008011aac       0xb6 c:/program files/stmicroelectronics/stm32cube/stm32cubeide_1.10.1/stm32cubeide/plugins/com.st.stm32cube.ide.mcu.externaltools.gnu-tools-for-stm32.10.3-2021.10.win32_1.0.0.202111181127/tools/bin/../lib/gcc/arm-none-eabi/10.3.1/../../../../arm-none-eabi/lib/thumb/v7e-m+fp/hard\libc_nano.a(lib_a-nano-svfprintf.o)
                0x0000000008011aac                __ssputs_r
 *fill*         0x0000000008011b62        0x2 
 .text._svfprintf_r
                0x0000000008011b64      0x200 c:/program files/stmicroelectronics/stm32cube/stm32cubeide_1.10.1/stm32cubeide/plugins/com.st.stm32cube.ide.mcu.externaltools.gnu-tools-for-stm32.10.3-2021.10.win32_1.0.0.202111181127/tools/bin/../lib/gcc/arm-none-eabi/10.3.1/../../../../arm-none-eabi/lib/thumb/v7e-m+fp/hard\libc_nano.a(lib_a-nano-svfprintf.o)
                0x0000000008011b64                _svfiprintf_r
                0x0000000008011b64                _svfprintf_r
 .text._sbrk_r  0x0000000008011d64       0x20 c:/program files/stmicroelectronics/stm32cube/stm32cubeide_1.10.1/stm32cubeide/plugins/com.st.stm32cube.ide.mcu.externaltools.gnu-tools-for-stm32.10.3-2021.10.win32_1.0.0.202111181127/tools/bin/../lib/gcc/arm-none-eabi/10.3.1/../../../../arm-none-eabi/lib/thumb/v7e-m+fp/hard\libc_nano.a(lib_a-sbrkr.o)
                0x0000000008011d64                _sbrk_r
 .text.__assert_func
                0x0000000008011d84       0x3c c:/program files/stmicroelectronics/stm32cube/stm32cubeide_1.10.1/stm32cubeide/plugins/com.st.stm32cube.ide.mcu.externaltools.gnu-tools-for-stm32.10.3-2021.10.win32_1.0.0.202111181127/tools/bin/../lib/gcc/arm-none-eabi/10.3.1/../../../../arm-none-eabi/lib/thumb/v7e-m+fp/hard\libc_nano.a(lib_a-assert.o)
                0x0000000008011d84                __assert_func
 .text.fprintf  0x0000000008011dc0       0x24 c:/program files/stmicroelectronics/stm32cube/stm32cubeide_1.10.1/stm32cubeide/plugins/com.st.stm32cube.ide.mcu.externaltools.gnu-tools-for-stm32.10.3-2021.10.win32_1.0.0.202111181127/tools/bin/../lib/gcc/arm-none-eabi/10.3.1/../../../../arm-none-eabi/lib/thumb/v7e-m+fp/hard\libc_nano.a(lib_a-fprintf.o)
                0x0000000008011dc0                fiprintf
                0x0000000008011dc0                fprintf
 .text.__ascii_mbtowc
                0x0000000008011de4       0x24 c:/program files/stmicroelectronics/stm32cube/stm32cubeide_1.10.1/stm32cubeide/plugins/com.st.stm32cube.ide.mcu.externaltools.gnu-tools-for-stm32.10.3-2021.10.win32_1.0.0.202111181127/tools/bin/../lib/gcc/arm-none-eabi/10.3.1/../../../../arm-none-eabi/lib/thumb/v7e-m+fp/hard\libc_nano.a(lib_a-mbtowc_r.o)
                0x0000000008011de4                __ascii_mbtowc