../Drivers/LCD_PCF8574/Src/LCD_PCF8574.c:55:20:LCDSet4BitOperation	32	static
../Drivers/LCD_PCF8574/Src/LCD_PCF8574.c:76:13:SendLCDData	32	static
../Drivers/LCD_PCF8574/Src/LCD_PCF8574.c:120:13:SendLCDDataMultiple	40	static
../Drivers/LCD_PCF8574/Src/LCD_PCF8574.c:159:20:SendLCDInstruction	16	static
../Drivers/LCD_PCF8574/Src/LCD_PCF8574.c:164:20:SendLCDDisplayData	16	static
../Drivers/LCD_PCF8574/Src/LCD_PCF8574.c:169:20:SendLCDDisplayCursorBlinkUpdate	16	static
../Drivers/LCD_PCF8574/Src/LCD_PCF8574.c:178:6:LCD_Init	16	static
../Drivers/LCD_PCF8574/Src/LCD_PCF8574.c:211:6:LCD_DisplayString1	32	static
../Drivers/LCD_PCF8574/Src/LCD_PCF8574.c:216:6:LCD_DisplayString2	24	static
../Drivers/LCD_PCF8574/Src/LCD_PCF8574.c:225:6:LCD_DisplayStringLine1	24	static
../Drivers/LCD_PCF8574/Src/LCD_PCF8574.c:231:6:LCD_DisplayStringLine2	32	static
../Drivers/LCD_PCF8574/Src/LCD_PCF8574.c:240:6:LCD_DisplayStringLineCentered1	32	static
../Drivers/LCD_PCF8574/Src/LCD_PCF8574.c:251:6:LCD_DisplayStringLineCentered2	32	static
../Drivers/LCD_PCF8574/Src/LCD_PCF8574.c:260:6:LCD_SetCursor	16	static
../Drivers/LCD_PCF8574/Src/LCD_PCF8574.c:288:6:LCD_Test	16	static
../Drivers/LCD_PCF8574/Src/LCD_PCF8574.c:295:6:LCD_Clear	16	static
../Drivers/LCD_PCF8574/Src/LCD_PCF8574.c:302:6:LCD_ReturnHome	16	static
../Drivers/LCD_PCF8574/Src/LCD_PCF8574.c:307:6:LCD_DisplayOn	16	static
../Drivers/LCD_PCF8574/Src/LCD_PCF8574.c:316:6:LCD_DisplayOff	16	static
../Drivers/LCD_PCF8574/Src/LCD_PCF8574.c:325:6:LCD_CursorOn	16	static
../Drivers/LCD_PCF8574/Src/LCD_PCF8574.c:334:6:LCD_CursorOff	16	static
../Drivers/LCD_PCF8574/Src/LCD_PCF8574.c:342:6:LCD_BacklightOn	16	static
../Drivers/LCD_PCF8574/Src/LCD_PCF8574.c:351:6:LCD_BacklightOff	16	static
